[5]
  - ۱-	چند مورد از عبارت‌های زیر، دربارة ویژگی‌های زیست‌شناسی نوین، نادرست است؟
  + ۱-	چند مورد از عبارت‌های زیر، دربارهٔ ویژگی‌های زیست‌شناسی نوین نادرست است؟
[13]
  - پاسخ : گزینهٔ  ۳ – آسان 
  + پاسخ: گزینهٔ ۳ – آسان
[14]
  - تنها مورد د درست است و سایر موارد به نادرستی بیان شده اند .
  + تنها مورد «د» درست است و سایر موارد به نادرستی بیان شده‌اند.
[15]
  - بررسی موارد درست : 
  + بررسی موارد درست:
[16]
  - د : زیست شناسی نوین چهار ویژگی کل نگری، فناوری‌های نوین، نگرش بین رشته‌ای و اخلاق زیستی را دارد.
  + د: زیست‌شناسی نوین چهار ویژگی کل‌نگری، فناوری‌های نوین، نگرش بین‌رشته‌ای و اخلاق زیستی را دارد.
[17]
  - بررسی موازد درست : 
  + بررسی موارد نادرست:
[18]
  - الف: دقت کنید در کل نگری باید درکنار بررسی احزا ، ارتباط بین آن‌هارا هم بررسی کنیم و بدانیم کل ویزی بیش‌از مجموع اجزای تشکیل دهنده است.
  + الف: دقت کنید در کل‌نگری باید در کنار بررسی اجزا، ارتباط بین آن‌ها را هم بررسی کنیم و بدانیم کل، چیزی بیش از مجموع اجزای تشکیل‌دهندهٔ آن است.
[19]
  - ب: در پزشکی شخصی علاوع بر بررسی وضعیت بیمار ، اطلاعات ژنی آن‌را بررسی می‌کنیم نه به جای 
  + ب: در پزشکی شخصی، علاوه بر بررسی وضعیت بیمار، اطلاعات ژنی او را هم بررسی می‌کنیم، نه به جای آن.
[20]
  - ج: مدت‌هاست زیست شناسان این تپانایی را بدست آوردند نه به تازگی.
  + ج: مدت‌هاست که زیست‌شناسان این توانایی را به دست آورده‌اند، نه به تازگی.
[22]
  - ۲-	کدام عبارت دربارة دریاچة ارومیه درست است؟
  + ۲-	کدام عبارت دربارهٔ دریاچهٔ ارومیه درست است؟
[23]
  - ۱)	یکی از زیست بوم‌های آسیب دیدة ایران است.
  + ۱)	یکی از زیست‌بوم‌های آسیب‌دیدهٔ ایران است.
[25]
  - ۳)	زیست شناسان هنوز راهکاری برای احیاء آن نیافته‌اند.
  + ۳)	زیست‌شناسان هنوز راهکاری برای احیای آن نیافته‌اند.
[27]
  - پاسخ : گزینهٔ ۴ – متوسط
  + پاسخ: گزینهٔ ۴ – متوسط
[28]
  - بررسی گزینهٔ پاسخ : پایدار کردن بوم‌سازگان موحب ارتقای کیفیت زندگی انسان می‌شود.
  + بررسی گزینهٔ پاسخ: پایدار کردن بوم‌سازگان‌ها موجب ارتقای کیفیت زندگی انسان می‌شود.
[29]
  - بررسی سایر گزینه‌ها : 
  + بررسی سایر گزینه‌ها:
[30]
  - ۱) دریاچه ارومیه نمونه‌ای از بوم‌سازگان‌های ایران است.نه زیست بوم
  + ۱) دریاچهٔ ارومیه نمونه‌ای از بوم‌سازگان‌های ایران است، نه زیست‌بوم.
[31]
  - ۲) چند وقت است که در خطر خشک شدن قرار گرفته نه به تازگی
  + ۲) چندین سال است که در خطر خشک شدن قرار گرفته است، نه به تازگی.
[32]
  - ۳) زیست شناسان راهکار‌ها را ارائه کرده اند ومنتظر نتیجه آن هستند.
  + ۳) زیست‌شناسان راهکارهای لازم را ارائه کرده‌اند و منتظر نتیجهٔ آن هستند.
[35]
  - «سوخت‌های فسیلی، ......... سوخت‌های زیستی منشأ زیستی دارند و از تجزیة پیکر جانداران به وجود آمده‌اند.»
  + «سوخت‌های فسیلی، ......... سوخت‌های زیستی، منشأ زیستی دارند و از تجزیهٔ پیکر جانداران به وجود آمده‌اند.»
[36]
  -  « امروزه سوخت زیستی به سوخت‌هایی می‌گویند که ......... جانداران بدست می آیند.«
  + «امروزه سوخت زیستی به سوخت‌هایی می‌گویند که از ......... جانداران به دست می‌آیند.»
[41]
  - پاسخ : گزینهٔ ۲ - آسان
  + پاسخ: گزینهٔ ۲ – آسان
[42]
  - می‌دانیم سوخت های زیستی و فسیلی هر دو منشأ زیستی دارند و از جانداران بدست می آیند. سوخت های زیستی از فعالیت جانداران امروزی و سوخت‌های فسیلی از تجزیهٔ پیکر جانداران بدست می‌آید.
  + می‌دانیم سوخت‌های زیستی و فسیلی هر دو منشأ زیستی دارند و از جانداران به دست می‌آیند. سوخت‌های زیستی از فعالیت جانداران امروزی و سوخت‌های فسیلی از تجزیهٔ پیکر جانداران به دست می‌آیند.
[45]
  - «افزایش ناگهانی فعالیت دستگاه تولید مثلی نمونه‌ای از ............... و تمایز یک سلول به سلول‌های مختلف نمونه‌ای از ............ است.»
  + «افزایش ناگهانی فعالیت دستگاه تولیدمثلی نمونه‌ای از ............... و تمایز یک یاخته به یاخته‌های مختلف نمونه‌ای از ............ است.»
[48]
  - پاسخ : گزینهٔ ۳ – دشوار
  + پاسخ: گزینهٔ ۳ – دشوار
[49]
  - دقت کنید رشد به معنای افزایش برگشت ناپذیر تعداد و ابعاد است و به این معنی است که چیزی که قبلا بوده صرفا افزایش یابد و دارای ویژگی جدید نشود.
  + دقت کنید رشد به معنای افزایش برگشت‌ناپذیر تعداد و ابعاد است؛ یعنی چیزی که قبلاً بوده، صرفاً افزایش یابد و ویژگی جدیدی پیدا نکند.
[50]
  - اما نمو به معنای عبور از یک مرحله به مرحله دیگر یا درواقع تشکیل بهشی برای اولین بار است و اکر ویزگی جدیدی ایجاد شود میگیم نمو بوده است. 
  + اما نمو به معنای عبور از یک مرحله به مرحلهٔ دیگر یا در واقع تشکیل بخشی برای اولین بار است و اگر ویژگی جدیدی ایجاد شود، می‌گوییم نمو رخ داده است.
[51]
  - اقزایش ناگهانی فعالیت دستکاه تولید مثل به دلیل بلوغ اتفاق می افتد مه بلوغ عبور از یک مرحله به مرحله دیکر است. ونمو می‌شود همچنین تمایز یک سلول به سول دیکر هم باز هم نمو است زیرا ویژگی ‌های متفاوتی در آن ایحاد کرده‌ایم.
  + افزایش ناگهانی فعالیت دستگاه تولیدمثل به دلیل بلوغ اتفاق می‌افتد که بلوغ، عبور از یک مرحله به مرحلهٔ دیگر است؛ پس نمو محسوب می‌شود. همچنین تمایز یک یاخته به یاخته‌های دیگر هم نمو است؛ زیرا ویژگی‌های متفاوتی در آن ایجاد کرده است.
[53]
  - ۵-	مثال ذکرشده در کدام گزینه نمی‌تواند به ویژگی اشاره می‌کند که به ماندگاری جاندار در محیط می‌انجامد؟
  + ۵-	مثال ذکرشده در کدام گزینه نمی‌تواند به ویژگی‌ای اشاره کند که به ماندگاری جاندار در محیط می‌انجامد؟
[58]
  - پاسخ : گزینهٔ ۱ - متوسط
  + پاسخ: گزینهٔ ۱ – متوسط
[59]
  - دقت کنید دو ویژگی سازش با محیط و پاسخ به محیط داریم که تفاوت مهمی باهم دارند: 
  + دقت کنید دو ویژگی سازش با محیط و پاسخ به محیط داریم که تفاوت مهمی با هم دارند:
[60]
  - پاسخ به محیط به معنای تغییر در یک ویژگی یا ایحاد یک ویژگی به دلیل تغییر محیط در طول زندگی است .
  + پاسخ به محیط به معنای تغییر در یک ویژگی یا ایجاد یک ویژگی به دلیل تغییر محیط در طول زندگی است.
[61]
  - سازش با محیط به معنای وجود یک ویژگی از بدو تولد در فرد به دلیل محیطی که می‌خواهد در آن زندگی کند و نسل آن زندگی می‌کرده است.
  + سازش با محیط به معنای وجود یک ویژگی از بدو تولد در فرد، به دلیل محیطی است که می‌خواهد در آن زندگی کند و نسل او در آن زندگی می‌کرده است.
[62]
  - از بین موارد الف مربوط به پاسخ باچه محیط پ سایرین سازش با محیط هستند.  و بقیه ویژگی ها در بدو تولد وحود دارند‌
  + از بین گزینه‌ها، گزینهٔ ۱ (خم شدن ساقهٔ گیاه به سوی نور) مربوط به پاسخ به محیط است و سایر گزینه‌ها سازش با محیط هستند؛ یعنی این ویژگی‌ها از بدو تولد وجود دارند.
[64]
  - ۶-	در شکل سطوح سازمان‌یابی حیات در کتاب درسی، برای نشان دادن یکی از سطوح، از استخوان استفاده شده است. دربارة این سطح، کدام عبارت به‌طورحتم درست است؟
  + ۶-	در شکل سطوح سازمان‌یابی حیات در کتاب درسی، برای نشان دادن یکی از سطوح از استخوان استفاده شده است. دربارهٔ این سطح، کدام عبارت به‌طور حتم درست است؟
[66]
  - ۲)	بلافاصله پیش از آن، سطحی قرار دارد که از چند یاخته همانند ساخته می‌شود.
  + ۲)	بلافاصله پیش از آن، سطحی قرار دارد که از چند یاختهٔ همانند ساخته می‌شود.
[69]
  - پاسخ : گزینهٔ ۴ – متوسط
  + پاسخ: گزینهٔ ۴ – متوسط
[70]
  - صورت سوال چی‌میگه؟ استخوان سطح ان ام محسوب می‌شود.
  + صورت سؤال چی می‌گه؟ استخوان، سطح اندام محسوب می‌شود.
[71]
  - بررسی گزینهٔ پاسخ : اندام استخوان در کنار اندام ماهیچه می‌توانند دستگاه حرکتی را دل سطح بعدی بسازند.
  + بررسی گزینهٔ پاسخ: اندام استخوان در کنار اندام ماهیچه می‌تواند دستگاه حرکتی را در سطح بعدی بسازد.
[72]
  - بررسی سایر گزینه‌ها : 
  + بررسی سایر گزینه‌ها:
[73]
  - ۱) در تک یاخته‌ها وجود ندارد.
  + ۱) در تک‌یاخته‌ای‌ها وجود ندارد.
[74]
  - ۲) سطح قبلی بافت است که ان‌اع یاخته‌های آن‌ها لزوما باهم برابر نیستند .مثلا بافت عصبی دونوع یاخته متفاوت دارد.
  + ۲) سطح قبلی بافت است که انواع یاخته‌های آن لزوماً با هم یکسان نیستند؛ مثلاً بافت عصبی دو نوع یاختهٔ متفاوت دارد.
[75]
  - ۳) این سطح که یاخته است.
  + ۳) پایین‌ترین سطحی که در آن حیات دیده می‌شود، سطح یاخته است.
[77]
  - ۷-	زیست‌شناسی ویژگی هایی دارد که آن را به رشته ای مترقی و پویا تبدیل کرده‌است؛ کدام مورد درخصوص این ویژگی ها نادرست است؟
  + ۷-	زیست‌شناسی ویژگی‌هایی دارد که آن را به رشته‌ای مترقی و پویا تبدیل کرده است؛ کدام مورد دربارهٔ این ویژگی‌ها نادرست است؟
[78]
  - ۱)	در کل نگری به جای بررسی اجزای یک سامانه تنها ارتباط میان آن‌ها را بررسی می‌کنیم.
  + ۱)	در کل‌نگری به جای بررسی اجزای یک سامانه، تنها ارتباط میان آن‌ها را بررسی می‌کنیم.
[80]
  - ۳)	یکی از سوءاستفاده‌ها از علم مهندسی‌ژنتیک تولید عاملی باکتریایی است که نسبت به آنتی‌بیوتیک های رایج مقاوم باشد.
  + ۳)	یکی از سوءاستفاده‌ها از علم مهندسی ژنتیک، تولید عاملی باکتریایی است که نسبت به پادزیست‌های رایج مقاوم باشد.
[81]
  - ۴)	سوخت‌های فسیلی و زیستی هردو منشأ زیستی دارند، اما در تشکیل سوخت‌های زیستی موجودات اولیه زمین نقش ندارند.
  + ۴)	سوخت‌های فسیلی و زیستی هر دو منشأ زیستی دارند، اما در تشکیل سوخت‌های زیستی، جانداران اولیهٔ زمین نقش ندارند.
[82]
  - پاسخ : گزینهٔ ۱ – آسان
  + پاسخ: گزینهٔ ۱ – آسان
[83]
  - بررسی کزینهٔ درست : دقت کنید در کل نگری علاوه بر ارتباط بین اجزا طبیعتا باید خود اجزا را هم بررسی کنیم پس لفظ به جای درست نیست و باید بگیم علاوه بر.
  + بررسی گزینهٔ پاسخ: دقت کنید در کل‌نگری علاوه بر ارتباط بین اجزا، طبیعتاً باید خود اجزا را هم بررسی کنیم؛ پس لفظ «به جای» درست نیست و باید گفت «علاوه بر».
[84]
  - بررسی سایر گزینه‌ها : 
  + بررسی سایر گزینه‌ها:
[85]
  - ۲) کاملا درسته و کتاب میگه در صورت تجاری شدن این اتفاق می‌افتد.
  + ۲) کاملاً درست است و کتاب می‌گوید در صورت تجاری شدن، این اتفاق می‌افتد.
[86]
  - ۳) بله سلاح زیستی یا عامل بیماری زای مقاوم به داروهای رایج و یا مواد غذایی یا دارویی با عواقب زیانبار است.
  + ۳) بله؛ تولید سلاح زیستی، یعنی عامل بیماری‌زای مقاوم به داروهای رایج، یا مواد غذایی و دارویی با عواقب زیان‌بار از سوءاستفاده‌های مهندسی ژنتیک است.
[87]
  - ۴) هر دو نوع سوخت منشأ زیستی دارند و سوخت زیستی از فعالیت جانداران امروزی بدست می آید.
  + ۴) هر دو نوع سوخت منشأ زیستی دارند و سوخت زیستی از فعالیت جانداران امروزی به دست می‌آید.
[89]
  - ۸-	در خصوص زیست شناسی، چند مورد درست است؟
  + ۸-	در خصوص زیست‌شناسی، چند مورد درست است؟
[96]
  - پاسخ : گزینهٔ ۲ – متوسط
  + پاسخ: گزینهٔ ۲ – متوسط
[97]
  - موارد الف و ب درست هستند.
  + موارد «الف» و «ب» درست هستند.
[98]
  - بررسی موارد درست : 
  + بررسی موارد درست:
[99]
  - الف: متن کتابه بله. 
  + الف: دقیقاً متن کتاب است.
[100]
  - ب : در علوم تحربی فقط ساختارهایی را بررسی میکنیم که به طور مستقیم یا غیر مستقیم قابل مشاهده واندازه گیری
  + ب: در علوم تجربی فقط ساختارها و فرایندهایی را بررسی می‌کنیم که به‌طور مستقیم یا غیرمستقیم قابل مشاهده و اندازه‌گیری باشند.
[102]
  - بررسی موارد نادرست : 
  + بررسی موارد نادرست:
[103]
  - ج: در نتیجه تلاش زیست شناسان نبوده چون زیست شناسان در تلاش اند نیاز حهان به سوخت فسلی۶را کاهش دهند.
  + ج: این موضوع نتیجهٔ تلاش زیست‌شناسان نیست؛ زیست‌شناسان در تلاش‌اند نیاز جهان به سوخت‌های فسیلی را کاهش دهند.
[104]
  - د: پزشکی شخصی هم در تشخیص و هم درمان بیماری بیماری موثر است.
  + د: پزشکی شخصی هم در تشخیص و هم در درمان بیماری مؤثر است.
[106]
  - ۹-	در رابطه با گروهی از جانداران که یکی از شگفت انگیزترین مهاجرت ها را نشان می‌دهند، کدام گزینه درست می‌باشد؟
  + ۹-	در رابطه با گروهی از جانداران که یکی از شگفت‌انگیزترین مهاجرت‌ها را نشان می‌دهند، کدام گزینه درست است؟
[107]
  - ۱)	پیمایش شبانه روزی طی کردن هرسالة مسافت طولانی (هزاران کیلومتر) را امکان‌پذیر می‌کند.
  + ۱)	پیمایش شبانه‌روزی، طی کردن هرسالهٔ مسافتی طولانی (هزاران کیلومتر) را امکان‌پذیر می‌کند.
[108]
  - ۲)	کشف عملکرد جدید از نوعی یاخته ساخته شده به تازگی منجر به حل معمای مهاجرت آنها شده است.
  + ۲)	کشف عملکرد جدید از نوعی یاختهٔ ساخته‌شده به تازگی، منجر به حل معمای مهاجرت آن‌ها شده است.
[109]
  - ۳)	هر نسل این جانور با نوعی جابه جایی طولانی در پی کسب شرایط ایده آل برای بقا هستند.
  + ۳)	هر نسل این جانور، نوعی جابه‌جایی طولانی را در پی کسب شرایط ایده‌آل برای بقا انجام می‌دهد.
[110]
  - ۴)	اندام نارنجی دارای خطوط مشکی جانور به او کمک می‌کند تا ضمن شناسایی جهت مقصد به سمت آن پرواز کند.
  + ۴)	اندام نارنجیِ دارای خطوط مشکی جانور، به او کمک می‌کند تا ضمن شناسایی جهت مقصد، به سمت آن پرواز کند.
[111]
  - پاسخ : گزینهٔ ۴ – متوسط
  + پاسخ: گزینهٔ ۴ – متوسط
[112]
  - صورت سوال چی میگه؟ سوال به پروانه مونارک اشاره می‌کند.
  + صورت سؤال چی می‌گه؟ سؤال به پروانهٔ مونارک اشاره می‌کند.
[113]
  - بررسی گزینهٔ پاسخ : دقت کنید طبق شکل کتاب پروانه مونارک بال‌هایی نارنجی با خطوط تیره دارد که به کمک آن به سمت مقصد پرواز می‌کند.
  + بررسی گزینهٔ پاسخ: دقت کنید طبق شکل کتاب، پروانهٔ مونارک بال‌هایی نارنجی با خطوط تیره دارد که به کمک آن به سمت مقصد پرواز می‌کند.
[114]
  - بررسی سایر گزینه‌ها : 
  + بررسی سایر گزینه‌ها:
[115]
  - ۱) مونارک چون با استفاده از نور خورشید مقصد یابی می‌کند تنها در هنکام روز می‌تواند این کار را انجام دهد.
  + ۱) مونارک چون با استفاده از نور خورشید جهت‌یابی می‌کند، تنها در هنگام روز می‌تواند این کار را انجام دهد.
[116]
  - ۲) دقت کنید زیست شناسان یاخته‌های مسئول جهت یابی را در مونارک به تازگی کشف کردند نه اینکه یاخته ها باشند و ویژگی حدید آن ها را شناسایی کرده باشیم.
  + ۲) دقت کنید زیست‌شناسان یاخته‌های مسئول جهت‌یابی را در مونارک به تازگی کشف کردند؛ نه اینکه این یاخته‌ها از قبل شناخته‌شده بوده و ویژگی جدیدی از آن‌ها کشف شده باشد.
[117]
  - ۳) دقت کنید یکیار مهاجرت در پی چند نسل اتفاق میافتد نه یک نسل. 
  + ۳) دقت کنید یک بار مهاجرت (رفت و برگشت) طی چند نسل اتفاق می‌افتد، نه یک نسل.
[119]
  - «به طور معمول همه جانداران در طول حیات خود می‌توانند .................. .»
  + «به‌طور معمول، همهٔ جانداران در طول حیات خود می‌توانند .................. .»
[120]
  - ۱) با وجود تغییرات درونی و بیرونی به حفظ وضعیت درونی خود در مقداری ثابت، بپردازند.
  + ۱)	با وجود تغییرات درونی و بیرونی، به حفظ وضعیت درونی خود در مقداری ثابت بپردازند.
[121]
  - ۲)	در پی تغییرات محیطی، با ویژگی هفتم حیات موحب ماندگاری در آن می‌شود.
  + ۲)	در پی تغییرات محیطی، با ویژگی هفتم حیات، موجب ماندگاری خود در آن شوند.
[122]
  - ۳)	از طریق افزایش برگشت ناپذیر تعداد یاخته های خود رشد کنند.
  + ۳)	از طریق افزایش برگشت‌ناپذیر تعداد یاخته‌های خود رشد کنند.
[124]
  - پاسخ : گزینهٔ  ۴ – متوسط
  + پاسخ: گزینهٔ ۴ – متوسط
[125]
  - بررسی کزینهٔ پاسخ ؛ همهٔ جانداران توانایی رشد و نمو را دارند‌
  + بررسی گزینهٔ پاسخ: همهٔ جانداران توانایی رشد و نمو را دارند.
[126]
  - بررسی سایر گزینه‌ها : 
  + بررسی سایر گزینه‌ها:
[127]
  - ۱)  مقداری ثابت نه محدوده ثابت.
  + ۱) در هم‌ایستایی، وضعیت درونی در محدوده‌ای ثابت حفظ می‌شود، نه در مقداری ثابت.
[128]
  - ۲) ویژگی هفتم سازش با محیط درحالی  که ویژگی که در پی تغییرات محیطی ایجاد می‌شود پاسخ به محیط است.
  + ۲) ویژگی هفتم، سازش با محیط است؛ در حالی که ویژگی‌ای که در پی تغییرات محیطی ایجاد می‌شود، پاسخ به محیط است.
[129]
  - ۳) تک یاخته‌ای ها رشد تعدادی ندارند وتنها رشد ابعادی دارند.
  + ۳) تک‌یاخته‌ای‌ها رشد تعدادی ندارند و تنها رشد ابعادی دارند.
[133]
  - ۳)	در آن، فراوردة پروتئینی ژن از جانداری به جاندار دیگر منتقل می‌شود.
  + ۳)	در آن، فراوردهٔ پروتئینی ژن از جانداری به جاندار دیگر منتقل می‌شود.
[134]
  - ۴)	به تازگی زیست شناسی با استفاده از آن توانستند تغییراتی در جانداران ایجاد کنند.
  + ۴)	به تازگی زیست‌شناسان با استفاده از آن توانسته‌اند تغییراتی در جانداران ایجاد کنند.
[135]
  - پاسخ : گزینهٔ ۲ – متوسط
  + پاسخ: گزینهٔ ۲ – متوسط
[136]
  - بررسی گزینهٔ پاسخ : دقیقا کتاب میگع مهندسی ژنتیک صفات حدید در حاندار میزبان ایحاد می‌کند.
  + بررسی گزینهٔ پاسخ: دقیقاً کتاب می‌گوید مهندسی ژنتیک صفات جدیدی در جاندار میزبان ایجاد می‌کند.
[137]
  - بررسی سایر گزینه‌ها : 
  + بررسی سایر گزینه‌ها:
[138]
  - ۱) تغییر محتوایی که بتواند اثر خود را ظاهر کند مهندسی ژنتیک است نه هرگونه تغییری 
  + ۱) تغییر محتوایی که بتواند اثر خود را ظاهر کند مهندسی ژنتیک است، نه هرگونه تغییری.
[139]
  - ۳) دقت کنید تله مهم اینه در مهندسی زنتیک فراورده را منتقل نمیکنیم بلکه خود ژن را منتقل میکنیم تا اثر خود را ظاهر کند .
  + ۳) دقت کنید نکتهٔ مهم این است که در مهندسی ژنتیک فراورده را منتقل نمی‌کنیم، بلکه خود ژن را منتقل می‌کنیم تا اثر خود را ظاهر کند.
[140]
  - ۴- به تازگی نه مدت هاست.
  + ۴) به تازگی نه؛ مدت‌هاست.
[141]
  - ۱۲-	کدام گزینه در رابطه با بوم‌سازگان به درستی بیان شده است؟
  + ۱۲-	کدام گزینه دربارهٔ بوم‌سازگان به درستی بیان شده است؟
[142]
  - ۱)	ارتباط بین اجتماع‌ها و عوامل غیر زنده نیز در تشکیل آن موثر است.
  + ۱)	ارتباط بین اجتماع‌ها و عوامل غیرزنده نیز در تشکیل آن مؤثر است.
[143]
  - ۲)	منحصرا اجزای زنده و غیرزنده در تشکیل آن موثر است.
  + ۲)	منحصراً اجزای زنده و غیرزنده در تشکیل آن مؤثرند.
[144]
  - ۳)	اولین سطحی است که جزوی غیرزنده در آن دیده می‌شود.
  + ۳)	اولین سطحی است که جزئی غیرزنده در آن دیده می‌شود.
[146]
  - پاسخ : گزینهٔ ۴ – متوسط
  + پاسخ: گزینهٔ ۴ – متوسط
[147]
  - بررسی گژینهٔ پاسخ : بوم سازگان‌ها در کنار هم با اقلیم و پراکندگی حانداران زیست بوم را می‌سازند. 
  + بررسی گزینهٔ پاسخ: بوم‌سازگان‌هایی که از نظر اقلیم و پراکندگی جانداران مشابه‌اند، در کنار هم زیست‌بوم را می‌سازند.
[148]
  - بررسی سایر گزینه‌ها : 
  + بررسی سایر گزینه‌ها:
[149]
  - ۱) لفظ اجتماع‌ها نادرست است زیرا هر بوم سازگان تنها حاوی یک اجتماع می‌باشد.
  + ۱) لفظ «اجتماع‌ها» نادرست است؛ زیرا هر بوم‌سازگان تنها یک اجتماع دارد.
[150]
  - ۲) علاوه بر این اجزا ارتباطات میان آن‌ها نیز مهم است. 
  + ۲) علاوه بر این اجزا، تأثیرهایی که بر هم می‌گذارند نیز مهم است.
[151]
  - ۳) در سطح یاخته هم می‌توان اجزای غیرزنده مشاهده کرد مثل دیواره یاخته‌ای در گیاهان
  + ۳) در سطح یاخته هم می‌توان اجزای غیرزنده مشاهده کرد؛ مثل دیوارهٔ یاخته‌ای در گیاهان.
[153]
  - ۱۳-	کدام گزینه اولین بار در سطحی دیده می‌شود که آخرین سطح دارای مکان و زمان مشابه است؟
  + ۱۳-	کدام گزینه اولین بار در سطحی دیده می‌شود که آخرین سطحِ دارای افراد هم‌گونه در مکان و زمان مشابه است؟
[157]
  - پاسخ : گزینهٔ۴ - آسان
  + پاسخ: گزینهٔ ۴ – آسان
[158]
  - اخرین سطح دارای مکان و زمان مشابه حمعیت است . در جمعیت برای اولین بار افراد متفاوت میبنیم وشاهد تنوع فردی هستیم.تنپع گونه اولین بار در اجتماع، توانایی تولید مثل اولین بار در سطح یاخته برای تک یاخته‌ای ها  و اقلیم متفوات هم تنها در زیست کره مشاهدع می‌شود.
  + آخرین سطحی که افراد یک گونه در مکان و زمان مشابه دارد، جمعیت است. در جمعیت برای اولین بار افراد متفاوت را می‌بینیم و شاهد تنوع فردی هستیم. تنوع گونه اولین بار در اجتماع، توانایی تولیدمثل اولین بار در سطح یاخته (برای تک‌یاخته‌ای‌ها) و اقلیم متفاوت اولین بار در زیست‌کره دیده می‌شود.
[160]
  - ۱۴-	درارتباط با سطح زیر کدام گزینه درست است؟
  + ۱۴-	در ارتباط با سطح زیر، کدام گزینه درست است؟
[T161:0]
  - ۱)	مجموع چندین مورد از این سطح در اقلیم متفاوت زیست بوم را می‌سازد.
  + ۱)	مجموع چندین مورد از این سطح با اقلیم متفاوت، زیست‌بوم را می‌سازد.
[T161:4]
  - پاسخ : گزینهٔ ۳ – دشوار
  + پاسخ: گزینهٔ ۳ – دشوار
[T161:5]
  - صورت سوال چی میگه؟ شکل بوم سازگان را نشان می‌دهد .
  + صورت سؤال چی می‌گه؟ شکل، بوم‌سازگان را نشان می‌دهد.
[T161:6]
  - بررسی گرینهٔ پاسخ : بله چون اولین سطحی است که عوامل غیر زنده محیطی هم هستند و می‌توان با تغییر خود موحب پاسخ بشوند.
  + بررسی گزینهٔ پاسخ: بله؛ چون اولین سطحی است که عوامل غیرزندهٔ محیطی هم در آن هستند و با تغییر خود می‌توانند موجب پاسخ جانداران شوند.
[T161:7]
  - بررسی سایر گزینه‌ها : 
  + بررسی سایر گزینه‌ها:
[T161:8]
  - ۱)زیست بوم مجموع بوم‌سازگان‌ها با اقلیم یکسان است.
  + ۱) زیست‌بوم مجموع بوم‌سازگان‌هایی با اقلیم مشابه است.
[T161:9]
  - ۲) جمعیت‌های درحال تعامل اجتماع را می‌سازند.
  + ۲) جمعیت‌های در حال تعامل، اجتماع را می‌سازند.
[T161:10]
  - ۴) مهارحرت پروانه مونارک در سطح جمعیت مشاهده می‌شود که دو سطح پایین تر است.
  + ۴) مهاجرت پروانهٔ مونارک در سطح جمعیت مشاهده می‌شود که دو سطح پایین‌تر است.
[164]
  - ۱)	پایدار کردن بوم‌سازگان‌ها به‌گونه‌ای که در صورت تغییر اقلیم هیچ تغییری در مقدار تولیدکنندگی آنها روی ندهد، کیفیت زندگی انسان را ارتقا می‌دهد.
  + ۱)	پایدار کردن بوم‌سازگان‌ها به‌گونه‌ای که در صورت تغییر اقلیم هیچ تغییری در مقدار تولیدکنندگی آن‌ها روی ندهد، کیفیت زندگی انسان را ارتقا می‌دهد.
[165]
  - ۲)	اگر اجزای یک سامانه را کنار هم قرار دهیم، قطعا به تدریج نمای بزرگ، کلی و معنی دار پیدا می‌کند.
  + ۲)	اگر اجزای یک سامانه را کنار هم قرار دهیم، قطعاً به تدریج نمایی بزرگ، کلی و معنی‌دار پیدا می‌کند.
[166]
  - ۳)	در پزشکی به جای بررسی وضعیت بیمار اطلاعات ژنی آن را بررسی می‌کنیم.
  + ۳)	در پزشکی شخصی، به جای بررسی وضعیت بیمار، اطلاعات ژنی او را بررسی می‌کنیم.
[167]
  - ۴)	پزشکی شخصی علاوه بر تشخیص در درمان بیماری‌ها هم موثر است.
  + ۴)	پزشکی شخصی علاوه بر تشخیص، در درمان بیماری‌ها هم مؤثر است.
[168]
  - پاسخ : گزینهٔ ۴ – آسان 
  + پاسخ: گزینهٔ ۴ – آسان
[169]
  - بررسی کزینهٔ پاسخ : کاملا متن کتابه که پزشکی شخضی هم در درمان موثر است و هم در تشخیص 
  + بررسی گزینهٔ پاسخ: کاملاً متن کتاب است که پزشکی شخصی هم در تشخیص و هم در درمان مؤثر است.
[170]
  - بررسی سایر گزینه‌ها : 
  + بررسی سایر گزینه‌ها:
[171]
  - ۱) دقت کنید کتاب میگه تغییر چندانی رخ ندهد نه اینکه هیچ تغییری رخ ندهد .
  + ۱) دقت کنید کتاب می‌گوید «تغییر چندانی رخ ندهد»، نه اینکه هیچ تغییری رخ ندهد.
[172]
  - ۲) قطعا نه چون به شرطی این اتفاق می افتد که اگزا را در جای درست قرار دهیم. 
  + ۲) «قطعاً» نه؛ چون این اتفاق به شرطی می‌افتد که اجزا را در جای درست قرار دهیم.
[173]
  - ۳) به حای نه باید بگه علاوه بر . یغنی هم اطلاعات ژنی و هم وضعیت بیمار
  + ۳) به جای «به جای» باید بگوید «علاوه بر»؛ یعنی هم اطلاعات ژنی و هم وضعیت بیمار بررسی می‌شود.
[101] (deleted)
  -  باشد.
[auto]
  - * متقاضی گرامی، عدم درج مشخصات و امضا در مندرجات جدول زیر، به‌منزلة عدم حضور شما در جلسة آزمون است.
  + * متقاضی گرامی، عدم درج مشخصات و امضا در مندرجات جدول زیر، به‌منزلهٔ عدم حضور شما در جلسهٔ آزمون است.
[auto]
  - اینجانب .............................. با شمارة داوطلبی .............................. با آگاهی کامل، یکسان بودن شمارة صندلی خود را با شمارة داوطلبی مندرج در بالای کارت ورود به جلسه، بالای پاسخ‌نامه و دفترچة سؤالات، نوع و کد کنترل درج شده بر روی دفترچة سؤالات تأیید می‌نمایم.
  + اینجانب .............................. با شمارهٔ داوطلبی .............................. با آگاهی کامل، یکسان بودن شمارهٔ صندلی خود را با شمارهٔ داوطلبی مندرج در بالای کارت ورود به جلسه، بالای پاسخ‌نامه و دفترچهٔ سؤالات، نوع و کد کنترل درج شده بر روی دفترچهٔ سؤالات تأیید می‌نمایم.
[auto]
  - الف: در کل‌نگری، ویژگی‌های یک سامانه از راه مطالعة جداگانة اجزای سازندة آن به‌دست می‌آید.
  + الف: در کل‌نگری، ویژگی‌های یک سامانه از راه مطالعهٔ جداگانهٔ اجزای سازندهٔ آن به‌دست می‌آید.
[auto]
  - ۳) همانند ـ تجزیة پیکر
  + ۳) همانند ـ تجزیهٔ پیکر
[auto]
  - ۱)	در همة جانداران مشاهده می‌شود.
  + ۱)	در همهٔ جانداران مشاهده می‌شود.
[auto]
  - ۲) توانایی تولید مثل
  + ۲) توانایی تولیدمثل
[auto]
  - ۴)	مهاجرت پروانة مونارک در یک سطح پایین‌تر آن انجام می‌شود.
  + ۴)	مهاجرت پروانهٔ مونارک در یک سطح پایین‌تر آن انجام می‌شود.