[9]
  - د: غیر هم شکل شدن امواج درپی مرگ برخی نورون های مغزی
  + د: غیرهم‌شکل شدن امواج در پی مرگ برخی نورون‌های مغزی
[12]
  - پاسخ : گزینهٔ ۳ 
  + پاسخ: گزینهٔ ۳
[13]
  - سوال چی میگه؟ نوار مغز جریان الکتریکی ثبت شدهٔ نورون‌های مغز است‌.
  + سؤال چی می‌گه؟ نوار مغز جریان الکتریکی ثبت‌شدهٔ نورون‌های مغز است.
[14]
  - موارد الف و ب و ج درست اند‌.
  + موارد «الف»، «ب» و «ج» درست‌اند.
[15]
  - بررسی موارد نادرست  : 
  + بررسی موارد نادرست:
[16]
  - د- دقت کنید درسته که در پی مرگ نورون‌ها امواج نوار مغز دچار تغییر می‌شود اما توجه کنید که امواج نوار مغز طبق صفحهٔ ۱ کتاب یازدهم در حالت طبیعی هم غیر هم شکل اند و لفظ غیر هم شکل شدن نادرست است.
  + د- دقت کنید درست است که در پی مرگ نورون‌ها امواج نوار مغز دچار تغییر می‌شوند، اما توجه کنید که طبق صفحهٔ ۱ کتاب یازدهم، امواج نوار مغز در حالت طبیعی هم غیرهم‌شکل‌اند و عبارت «غیرهم‌شکل شدن» نادرست است.
[17]
  - بررسی موارد درست : 
  + بررسی موارد درست:
[18]
  - الف- بیماری مالتیپیل اسکلروزیس یا MS با از بین بردن میلین در دستگاه عصبی مرکز از جمله مغز ارسال پیام را با اختلال روبه رو می‌کند در نتیجه جریان الکتریکی نورون ها نیز به مشکل خورده و نوار مغز دوار اختلال گسترده ای می‌شود.
  + الف- بیماری مالتیپل اسکلروزیس یا MS با از بین بردن میلین در دستگاه عصبی مرکزی، از جمله مغز، ارسال پیام را با اختلال روبه‌رو می‌کند؛ در نتیجه جریان الکتریکی نورون‌ها نیز دچار مشکل شده و نوار مغز دچار اختلال گسترده‌ای می‌شود.
[19]
  - ب- مصرف الکل موجب کاهش سرعت پاسخ به محرک‌ها می‌شود به گونه‌ای که فعالیت و در نتیجه جریان الکتریکی نورون ها در مغز به ویژه قشر مخ را کاهش می‌دهد پس جریان الکتریکی کند شده و امواج با فاصلهٔ بیستری از هم ایجاد می‌شوند.
  + ب- مصرف الکل موجب کاهش سرعت پاسخ به محرک‌ها می‌شود؛ به‌گونه‌ای که فعالیت و در نتیجه جریان الکتریکی نورون‌ها را در مغز، به‌ویژه قشر مخ، کاهش می‌دهد؛ پس جریان الکتریکی کند شده و امواج با فاصلهٔ بیشتری از هم ایجاد می‌شوند.
[20]
  - ج- دقت کنید درسته که نوار مغز جریان الکتریکی ثبت شدهٔ فقط نورون های مغز است اما توجه کنید اختلال در عملکرد نوروگلیاها هم مثل MS  که توضیح دادیم موجب اختلال در عملکرد نورون و در نتیجه اختلال در نوار مغز می‌شود.
  + ج- دقت کنید درست است که نوار مغز فقط جریان الکتریکی ثبت‌شدهٔ نورون‌های مغز است، اما توجه کنید اختلال در عملکرد نوروگلیاها هم (مثل MS که توضیح دادیم) موجب اختلال در عملکرد نورون و در نتیجه اختلال در نوار مغز می‌شود.
[25]
  - پاسخ : گزینهٔ ۳ 
  + پاسخ: گزینهٔ ۳
[26]
  - ۱و۳- دقت کنید ابتدای دندریت و آکسون میلین دار، هرگز میلین ندارد و گره رانویه محسوب نمی‌شود. گره رانویه فاصلهٔ بین دو غلاف میلین وجود دارد. پس اولین گره رانویه مجاور جسم سلولی نیست. و اولین غلاف میلین نسبت به اولین گره به جسم سلولی نزدیکتر است.
  + ۱ و ۳- دقت کنید ابتدای دندریت و آکسون میلین‌دار هرگز میلین ندارد و گره رانویه هم محسوب نمی‌شود. گره رانویه فاصلهٔ بین دو غلاف میلین است؛ پس اولین گره رانویه مجاور جسم سلولی نیست و اولین غلاف میلین نسبت به اولین گره به جسم سلولی نزدیک‌تر است.
[27]
  - ۲- دقت کنید ابتدای هر رشتهٔ عصبی محلی است که به حسم سلولی متصل است.و انتهای رشتهٔ عصبی بخشی است که از جسم سلولی دور تر است.
  + ۲- دقت کنید ابتدای هر رشتهٔ عصبی محلی است که به جسم سلولی متصل است و انتهای رشتهٔ عصبی بخشی است که از جسم سلولی دورتر است.
[28]
  - ۴- پاینهٔ آکسون انتهای آکسون است و بسیار از جسم سلولی دورتر است.
  + ۴- پایانهٔ آکسون انتهای آکسون است و فاصلهٔ زیادی از جسم سلولی دارد.
[37]
  - پاسخ : گزینهٔ ۲ 
  + پاسخ: گزینهٔ ۲
[38]
  - موارد الف و ب درست هستند.
  + موارد «الف» و «ب» درست هستند.
[39]
  - سوال چی میگه؟ نورون از سه بخش دندریت، جسم سلولی و آکسون تشکیل شده است. 
  + سؤال چی می‌گه؟ نورون از سه بخش دندریت، جسم سلولی و آکسون تشکیل شده است.
[40]
  - بررسی موارد نادرست : 
  + بررسی موارد نادرست:
[41]
  - ج- همانطور که کتاب هم می‌گوید دندریت و حسم سلولی می‌توانتد پیام را دریافت کنند و آکسون این توانایی را ندارد.
  + ج- همان‌طور که کتاب هم می‌گوید، دندریت و جسم سلولی می‌توانند پیام را دریافت کنند و آکسون این توانایی را ندارد.
[42]
  - د- هدایت پیام رو هر سه بخش انحام می‌دهند اما دقت کنید در دندریت از انتها به ابتدا و در آکسون از ابتدا به انتها است.
  + د- هدایت پیام را هر سه بخش انجام می‌دهند، اما دقت کنید که این هدایت در دندریت از انتها به ابتدا و در آکسون از ابتدا به انتها است.
[43]
  - نکته: ابتدای هر رشتهٔ عصبی محلی است که به حسم سلولی متصل است.
  + نکته: ابتدای هر رشتهٔ عصبی محلی است که به جسم سلولی متصل است.
[44]
  - بررسی موارد درست : 
  + بررسی موارد درست:
[45]
  - الف- دندریت و جسم سلولی برای دریافت پیام و به عنوان نورون پس سیناپسی و آکسون به عنوان انتقال دهندهٔ پیام برای نورون پیش سیناپسی می‌توانند سیناپس تشکیل دهند‌.
  + الف- دندریت و جسم سلولی برای دریافت پیام (به‌عنوان نورون پس‌سیناپسی) و آکسون به‌عنوان انتقال‌دهندهٔ پیام (برای نورون پیش‌سیناپسی) می‌توانند سیناپس تشکیل دهند.
[46]
  - ب- تحربک پذیری به معنای توانایی تولید پیام عصبی است. تولید پیام عصبی هم به معنای هدایت پتانسیل عمل ایحاد شده در یک نقطه است. این ویژگی در هر سه بخش نورون می‌تواند مشاهده شود.
  + ب- تحریک‌پذیری به معنای توانایی تولید پیام عصبی است. تولید پیام عصبی هم به معنای هدایت پتانسیل عمل ایجادشده در یک نقطه است. این ویژگی در هر سه بخش نورون می‌تواند مشاهده شود.
[50]
  - «هر نورونی که رشته‌های عصبی خود را از ............. محل از جسم سلولی خود خارج می‌کند، .............. .»
  + «هر نورونی که رشته‌های عصبی خود را از ............. محل از جسم سلولی خود خارج می‌کند، .............. .»
[55]
  - پاسخ : گزینهٔ ۴ 
  + پاسخ: گزینهٔ ۴
[56]
  - سوال چی میگه؟ نورون ها سه نوع حسی ، حرکتی رابط دارند.طبق شکل صفحهٔ ۳ کتاب یاردهم نورون حسی یک رشته را از یک محل جسم سلولی خود خارج می‌کند که منشعب شده به دوشاخه و دندریت و آکسون را ایجاد می‌کند. نورون حرکتی و رابط هم چند دندریت و یک آکسون را از محل‌های متفاوتی از جسم سلولی خارج می‌کنند. پس گزینهٔ ۱و۳ خرکتی و رابط و گزینه ۲و۴ حسی را مطرح می‌کنند.
  + سؤال چی می‌گه؟ نورون‌ها سه نوع حسی، حرکتی و رابط دارند. طبق شکل صفحهٔ ۳ کتاب یازدهم، نورون حسی یک رشته را از یک محل جسم سلولی خود خارج می‌کند که به دو شاخه منشعب شده و دندریت و آکسون را ایجاد می‌کند. نورون حرکتی و رابط هم چند دندریت و یک آکسون را از محل‌های متفاوتی از جسم سلولی خارج می‌کنند؛ پس گزینه‌های ۱ و ۳ نورون حرکتی و رابط و گزینه‌های ۲ و ۴ نورون حسی را مطرح می‌کنند.
[57]
  - نکته: البته حواستون باشه که برخی نورون های حسی هم یک دندریت و یک آکسون را از دو نقطهٔ جسم سلولی خارج می‌کنند.
  + نکته: البته حواستون باشه که برخی نورون‌های حسی هم یک دندریت و یک آکسون را از دو نقطهٔ جسم سلولی خارج می‌کنند.
[58]
  - حواستون باشه : در زیست شناسی چند معنای بیش از ۲ می‌دهد.
  + حواستون باشه: در زیست‌شناسی «چند» معنای «بیش از ۲» می‌دهد.
[59]
  -  بررسی گزینهٔ پاسخ : نورون حسی یک دندریت و نورون حرکتی و رابط چند دندریت دارند. 
  + بررسی گزینهٔ پاسخ: نورون حسی یک دندریت و نورون حرکتی و رابط چند دندریت دارند.
[60]
  - بررسی سایر گزینه‌ها : 
  + بررسی سایر گزینه‌ها:
[61]
  - ۱- فقط نورون رابط است که تنها در سیستم عصبی مرکزی یعنی مغز و نخاع یافت می‌شود.
  + ۱- فقط نورون رابط است که تنها در دستگاه عصبی مرکزی، یعنی مغز و نخاع، یافت می‌شود.
[62]
  - ۲- درسته طبق شکل کتاب در نورون حسی دندریت از آکسون طوبل تر است اما این ویژگی برای همهٔ نورون‌های حسی نیست و جلوتر و به ویژه در بحث اعصاب حسی نورون‌های حسی می‌بینیم که آکسون طویل‌تر از دندریت دارند.
  + ۲- درست است که طبق شکل کتاب، در نورون حسی دندریت از آکسون طویل‌تر است؛ اما این ویژگی برای همهٔ نورون‌های حسی صادق نیست و جلوتر، به‌ویژه در بحث اعصاب حسی، نورون‌های حسی‌ای را می‌بینیم که آکسون طویل‌تری از دندریت دارند.
[63]
  - حواستون باشه: در حرکتی و رابط همپاره آکسون از هریک از دندریت‌ها طوبل تر است.
  + حواستون باشه: در نورون‌های حرکتی و رابط، همواره آکسون از هر یک از دندریت‌ها طویل‌تر است.
[64]
  - ۳- دقت کنید هر سه نوع نورون میتوانند میلین دار یا بدون میلین باشند.
  + ۳- دقت کنید هر سه نوع نورون می‌توانند میلین‌دار یا بدون میلین باشند.
[67]
  - «نورونی که نقطة اول آن، پیام را توسط ............. دریافت می‌کند به‌طور حتم............. .»
  + «نورونی که نقطهٔ اول آن، پیام را توسط ............. دریافت می‌کند، به‌طور حتم ............. .»
[68]
  - ۱)	ناقل عصبی ـ در آکسون فقط برخی بخش ها با مایع بین یاخته‌ای تماس مستقیم دارند.
  + ۱)	ناقل عصبی ـ در آکسون فقط برخی بخش‌ها با مایع بین‌یاخته‌ای تماس مستقیم دارند.
[72]
  - پاسخ : گزینهٔ ۴ 
  + پاسخ: گزینهٔ ۴
[73]
  - سوال چی میگه؟ برای تحریک نقطهٔ اول نورون دو حالت وجود دارد. برخی نورون حسی توسط محرک و برخی نورون های حسی و نورون حرکتی و رابط توسط ناقل عصبی تحریک می‌وشند.پس گزینهٔ ۲و۴ میشه نورون حسی و گزینهٔ. ۱و۳ میشه هر سه نوع نورون.
  + سؤال چی می‌گه؟ برای تحریک نقطهٔ اول نورون دو حالت وجود دارد: برخی نورون‌های حسی توسط محرک، و برخی نورون‌های حسی و نورون‌های حرکتی و رابط توسط ناقل عصبی تحریک می‌شوند؛ پس گزینه‌های ۲ و ۴ نورون حسی و گزینه‌های ۱ و ۳ هر سه نوع نورون را مطرح می‌کنند.
[74]
  - نکته: در فصل بعد میبینیم نورون های حسی که انتهای دندریت آن‌ها گیرندهٔ حسی است تحریک نقطه اول توسط محرک ودر سایر نورون ها تحربک با ناقل عصبی در محل سیناپس انجام می‌شود.
  + نکته: در فصل بعد می‌بینیم که در نورون‌های حسی‌ای که انتهای دندریت آن‌ها گیرندهٔ حسی است، تحریک نقطهٔ اول توسط محرک و در سایر نورون‌ها تحریک با ناقل عصبی در محل سیناپس انجام می‌شود.
[75]
  - بررسی گزینهٔ پاسخ : نورون حسی پیام را به سوی دستگاه عصبی مرکزی یعنی مغز و نخاع می‌آورد.
  + بررسی گزینهٔ پاسخ: نورون حسی پیام را به سوی دستگاه عصبی مرکزی، یعنی مغز و نخاع، می‌آورد.
[76]
  - بررسی سایر گزینه‌ها : 
  + بررسی سایر گزینه‌ها:
[77]
  - ۱- در محل غلاف میلین رشته عصبی با نایع بین یاخاه‌ای تماسی ندارد. دقت کنید هر سه نوع نورون می‌توانند میلین دار یا بدون میلین باشند.
  + ۱- در محل غلاف میلین، رشتهٔ عصبی با مایع بین‌یاخته‌ای تماسی ندارد. دقت کنید هر سه نوع نورون می‌توانند میلین‌دار یا بدون میلین باشند.
[78]
  - ۲- نورون ها سه نوع حسی ، حرکتی رابط دارند.طبق شکل صفحهٔ ۳ کتاب یاردهم نورون حسی یک رشته را از یک محل جسم سلولی خود خارج می‌کند که منشعب شده به دوشاخه و دندریت و آکسون را ایجاد می‌کند. نورون حرکتی و رابط هم چند دندریت و یک آکسون را از محل‌های متفاوتی از جسم سلولی خارج می‌کنند. پس گزینهٔ ۱و۳ خرکتی و رابط و گزینه ۲و۴ حسی را مطرح می‌کنند. البته حواستون باشه که برخی نورون های حسی هم یک دندریت و یک آکسون را از دو نقطهٔ جسم سلولی خارج می‌کنند.
  + ۲- طبق شکل صفحهٔ ۳ کتاب یازدهم، نورون حسی یک رشته را از یک محل جسم سلولی خود خارج می‌کند که به دو شاخه منشعب شده و دندریت و آکسون را ایجاد می‌کند؛ اما حواستون باشه که برخی نورون‌های حسی یک دندریت و یک آکسون را از دو نقطهٔ جسم سلولی خارج می‌کنند؛ پس این ویژگی «به‌طور حتم» درست نیست.
[79]
  - ۳- هر نورون تنها یک آکسون دارد ولفظ آکسون ها نادرست است. در حرکتی و رابط همپاره آکسون از هریک از دندریت‌ها طوبل تر است.
  + ۳- هر نورون تنها یک آکسون دارد و لفظ «آکسون‌ها» نادرست است. در نورون‌های حرکتی و رابط، همواره آکسون از هر یک از دندریت‌ها طویل‌تر است.
[88]
  - پاسخ : گزینهٔ ۴  
  + پاسخ: گزینهٔ ۴
[89]
  - بررسی گزینهٔ پاسخ : نورون ها یا پیام عصبی را دریافت( تولید تحت تاثیر ناقل عصبی) یا تخت تاثیر تحربک تولید می‌کنند. اما پس از تولید پیام همواره آن را هدایت و سپس منتقل می‌کنند. 
  + بررسی گزینهٔ پاسخ: نورون‌ها پیام عصبی را یا دریافت می‌کنند (تولید تحت تأثیر ناقل عصبی) یا تحت تأثیر محرک تولید می‌کنند؛ اما پس از تولید پیام، همواره آن را هدایت و سپس منتقل می‌کنند.
[90]
  - بررسی سایر گزینه‌ها : 
  + بررسی سایر گزینه‌ها:
[91]
  - ۱- دقت کنید دو خالت برای دریافت پیام داریم اکر دریافت پیام از جسم سلولی رخ دهد دیگر نیازی به عبور از دندریت و حرکت به سمت حسم سلولی نیست.
  + ۱- دقت کنید دو حالت برای دریافت پیام داریم؛ اگر دریافت پیام در جسم سلولی رخ دهد، دیگر نیازی به عبور از دندریت و حرکت به سمت جسم سلولی نیست.
[92]
  - ۲- در نورون‌های رابط و حرکتی تحریک هر نقطه (به جز نقطهٔ اول) وابسته به تحریک نقطهٔ تحریک شدهٔ قبلی و تخریک نقطهٔ اول نیز وابسته به ناقل عصبی است اما در نوزون حسی تحریک نقطهٔ اول وابسته به محرک هم می‌تواند باشد 
  + ۲- در نورون‌های رابط و حرکتی، تحریک هر نقطه (به جز نقطهٔ اول) وابسته به تحریک نقطهٔ قبلی است و تحریک نقطهٔ اول نیز وابسته به ناقل عصبی است؛ اما در نورون حسی تحریک نقطهٔ اول می‌تواند وابسته به محرک هم باشد.
[93]
  - ۳- نورون های حسی که انتهای دندریت آن‌ها گیرندهٔ حسی است تحریک نقطه اول توسط محرک انحام می‌شود و دندریت آن‌ها در سیناپسی شرکت نمی‌کند. اما  سایر نورون ها تحربک با ناقل عصبی در محل سیناپس انجام می‌شود. 
  + ۳- در نورون‌های حسی‌ای که انتهای دندریت آن‌ها گیرندهٔ حسی است، تحریک نقطهٔ اول توسط محرک انجام می‌شود و دندریت آن‌ها در سیناپس شرکت نمی‌کند؛ اما در سایر نورون‌ها تحریک با ناقل عصبی در محل سیناپس انجام می‌شود.
[98]
  - «بلافاصله پس از بسته شدن ............... نوع کانال های دریچه دار در یک نقطة نورون به‌طور حتم ............... .»
  + «بلافاصله پس از بسته شدن ............... نوع کانال‌های دریچه‌دار در یک نقطهٔ نورون، به‌طور حتم ............... .»
[101]
  - ۳)	فقط یک ـ حداکثر فعالیت پمپ سدیم-پتاسیم مشاهده می‌شود
  + ۳)	فقط یک ـ حداکثر فعالیت پمپ سدیم ـ پتاسیم مشاهده می‌شود
[103]
  - پاسخ: گزینهٔ۳ 
  + پاسخ: گزینهٔ ۳
[104]
  - سوال چی میگه؟ دقت کنید دریچهٔ کانال سدیمی در قله یعنی مثبت ۳۰ و دریچه کانال پتاسیمی در پایان پتانسیل عمل در منفی ۷۰ بسته می‌شود.
  + سؤال چی می‌گه؟ دقت کنید دریچهٔ کانال سدیمی در قله، یعنی مثبت ۳۰، و دریچهٔ کانال پتاسیمی در پایان پتانسیل عمل، یعنی منفی ۷۰، بسته می‌شود.
[105]
  - بررسی گزینهٔ پاسخ : داکثر فعالیت پمپ سدیم – پتاسیم بلافصله قعد از پتانسل عمل و بسته شدن دریچه پتاسیمی رخ می‌دهد.
  + بررسی گزینهٔ پاسخ: حداکثر فعالیت پمپ سدیم ـ پتاسیم بلافاصله بعد از پتانسیل عمل و بسته شدن دریچهٔ پتاسیمی رخ می‌دهد.
[106]
  - بررسی سایر گزینه‌ها : 
  + بررسی سایر گزینه‌ها:
[107]
  - ۱- بعد بسته شدن سدیمی با باز شدن پتاسیمی اختلاف پتانسیل دو سوی غشا کاهش می‌یابد اما بعد بسته شدن پتاسیمی اختلاف پتانسیل دو سوی غشا ثابت می‌ماند.
  + ۱- بعد از بسته شدن دریچهٔ سدیمی، با باز شدن دریچهٔ پتاسیمی اختلاف پتانسیل دو سوی غشا کاهش می‌یابد؛ اما بعد از بسته شدن دریچهٔ پتاسیمی، اختلاف پتانسیل دو سوی غشا ثابت می‌ماند.
[108]
  - ۲- در مرحلهٔ پایین رو پتانسل عمل بعد بسته شدن سدیمی و باز شدن پتاسیمی به دلیل خروج پتاسیم غلطت یون مثبت درو نسلول کاهش می‌یابد اما بعد بسته شدن پتاسیمی درسته با فعالیت زیاد پمپ سدیم – پتاسیم ممکنه فکر‌کنیم غلظت یون‌های مثبت در داخل سلول کاهش می‌یابد. اما توجه کنید اختلاف پتانسیل ثابت است پس غلطت ملی یون های مثبت تغییری نمی‌کند.
  + ۲- در مرحلهٔ پایین‌روی پتانسیل عمل، بعد از بسته شدن دریچهٔ سدیمی و باز شدن دریچهٔ پتاسیمی، به دلیل خروج پتاسیم غلظت یون‌های مثبت درون سلول کاهش می‌یابد؛ اما بعد از بسته شدن دریچهٔ پتاسیمی، درست است که با فعالیت زیاد پمپ سدیم ـ پتاسیم ممکن است فکر کنیم غلظت یون‌های مثبت در داخل سلول کاهش می‌یابد، اما توجه کنید که اختلاف پتانسیل ثابت است؛ پس غلظت کلی یون‌های مثبت تغییری نمی‌کند.
[109]
  - ۴- دقت کنید همواره یون پتاسیم با کانال‌های نشتی در حهت شیب غلظت از یاخته خارج می‌شوند.
  + ۴- دقت کنید یون پتاسیم همواره از راه کانال‌های نشتی در جهت شیب غلظت از یاخته خارج می‌شود.
[111]
  - ۸-	بر اثر مصرف نوعی ماده، پمپ سدیم-پتاسیم در نوعی نورون مهار شده است. در این حالت رخ دادن چند مورد محتمل است؟
  + ۸-	بر اثر مصرف نوعی ماده، پمپ سدیم ـ پتاسیم در نوعی نورون مهار شده است. در این حالت، رخ دادن چند مورد محتمل است؟
[118]
  - پاسخ : گزینهٔ ۴ 
  + پاسخ: گزینهٔ ۴
[119]
  - همهٔ موارد به درستی بیان شده است.
  + همهٔ موارد به‌درستی بیان شده‌اند.
[120]
  - سوال چی میگه؟ با مهار پمپ سدیم پتاسیم در انتهای پتانسیل عمل غلظت یون‌ها به حالت آرامش برنمیگردد و همچنین در حالت ارامش هم کمی در حفظ اختلاف پتانسیل به مشکل میخوریم.
  + سؤال چی می‌گه؟ با مهار پمپ سدیم ـ پتاسیم، در انتهای پتانسیل عمل غلظت یون‌ها به حالت آرامش برنمی‌گردد و همچنین در حالت آرامش هم در حفظ اختلاف پتانسیل کمی به مشکل می‌خوریم.
[121]
  - بررسی موارد درست: 
  + بررسی موارد درست:
[122]
  - الف- پمپ سدیم پتاسیم منبع مهمی برای مصرف ATP در سلول عصبی است و وقتی معار شود مقدار مصرف این ماده به میزان قابل توجهی کاهش می‌یابد.
  + الف- پمپ سدیم ـ پتاسیم منبع مهمی برای مصرف ATP در سلول عصبی است و وقتی مهار شود، مقدار مصرف این ماده به میزان قابل توجهی کاهش می‌یابد.
[123]
  - ب- با از کار افتادن پمپ شاهد تحمع بیشتر یون مثبت در داخل یاخته هستیم که موحب افزایش فشار اسمزی و حذب آب می‌شود و درنتیجه جذب آب هم یاخته متورم می‌شود.
  + ب- با از کار افتادن پمپ، شاهد تجمع بیشتر یون‌های مثبت در داخل یاخته هستیم که موجب افزایش فشار اسمزی و جذب آب می‌شود و در نتیجهٔ جذب آب، یاخته متورم می‌شود.
[124]
  - ج- چون در پایان پتانسیل عمل اختلاف غلظت یون‌ها به حالت اولیه برنگشته شیب غلظت کمتر شده و درنتیجه با باز شدن کانال های دریچه دار سرعت و مقدار تبادل یون‌ها کمتر از قبل و درنتیجه قله کمتر از قبل خواهد بود. 
  + ج- چون در پایان پتانسیل عمل اختلاف غلظت یون‌ها به حالت اولیه برنگشته، شیب غلظت کمتر شده و در نتیجه با باز شدن کانال‌های دریچه‌دار، سرعت و مقدار تبادل یون‌ها کمتر از قبل و قله هم پایین‌تر از قبل خواهد بود.
[125]
  - د- همانطور که در توضیح سوال هم گفتیم پمپ یکی از عوامل ایحاد اختلاف پتانسیل منفی ۷۰ در حالت آرامش است و مهار آن باعث کاهش این مقدار به کمتر از ۷۰ می‌شود.
  + د- همان‌طور که در توضیح سؤال هم گفتیم، پمپ یکی از عوامل ایجاد اختلاف پتانسیل منفی ۷۰ در حالت آرامش است و مهار آن باعث کاهش اندازهٔ این اختلاف به کمتر از ۷۰ می‌شود.
[126]
  - حواستون باشه : ختلاف پتانسیل به منفی یا مثبت نیست و مقدار آن مهم است.
  + حواستون باشه: در مقایسهٔ اختلاف پتانسیل، منفی یا مثبت بودن آن مهم نیست و مقدار (اندازهٔ) آن مهم است.
[127]
  - ۹-	پس از تحریک یک نورون در یک نقطه، تا زمانی که این نقطه مجدداً تحریک شود، ابتدا کدام اتفاق قبل از سایرین رخ می‌دهد؟ 
  + ۹-	پس از تحریک یک نورون در یک نقطه، تا زمانی که این نقطه مجدداً تحریک شود، کدام اتفاق قبل از سایرین رخ می‌دهد؟
[132]
  - پاسخ : گزینهٔ ۱  
  + پاسخ: گزینهٔ ۱
[133]
  - سوال چی میگه؟ گزینه‌ها به ترتیب +30 , انتهای پتانسیل عمل ، انتهای پتانسیل عمل و مرحلهٔ پایین رو پتانسیل عمل را نشان می‌دهد که گزینهٔ یک زودتر از سایرین رخ می‌دهد .
  + سؤال چی می‌گه؟ گزینه‌ها به ترتیب قله (مثبت ۳۰)، انتهای پتانسیل عمل، انتهای پتانسیل عمل و مرحلهٔ پایین‌روی پتانسیل عمل را نشان می‌دهند که گزینهٔ ۱ زودتر از سایرین رخ می‌دهد.
[134]
  - بررسی گزینهٔ پاسخ : زمانی کمترین مقدار عبور یون‌هارا داریم که کانال های دریچه دار بسته باشد. و حداکثر فعالیت پمپ هم نباشد. همچنین تفاوت غلظت یون سدیم یا پتاسیم هم کمتر از حالت ارامش باشد که این اتفاق در قله می اقتد.
  + بررسی گزینهٔ پاسخ: زمانی کمترین مقدار عبور یون‌ها را داریم که کانال‌های دریچه‌دار بسته باشند و حداکثر فعالیت پمپ هم نباشد؛ همچنین تفاوت غلظت یون سدیم یا پتاسیم هم کمتر از حالت آرامش باشد. این اتفاق در قله می‌افتد.
[135]
  - بررسی سایر گزینه‌ها: 
  + بررسی سایر گزینه‌ها:
[136]
  - ۲- بیشترین غلظت سدیم در داخل سلول در انتهای پتانسیل عمل رخ می‌دهد زیرا در مرحلهٔ بالارو فعالیت کانال دریوه دار سدیمی و در مرحلهٔ پایین رو هم فعالیت کانال نشتی سدیم باعث افزایش غلظت سدیم درون سلول می‌شوند.
  + ۲- بیشترین غلظت سدیم در داخل سلول در انتهای پتانسیل عمل رخ می‌دهد؛ زیرا در مرحلهٔ بالارو فعالیت کانال دریچه‌دار سدیمی و در مرحلهٔ پایین‌رو هم فعالیت کانال نشتی سدیم باعث افزایش غلظت سدیم درون سلول می‌شوند.
[137]
  - ۳- کمترین غلظت پتاسیم هم در انتهای پتانسیل عمل به هاطر قعالیت کانالدریچه دار پتاسیمی در مرحبهٔ پایین رو پتانسیل عمل مشاهده می‌شود.
  + ۳- کمترین غلظت پتاسیم هم به خاطر فعالیت کانال دریچه‌دار پتاسیمی در مرحلهٔ پایین‌رو، در انتهای پتانسیل عمل مشاهده می‌شود.
[138]
  - ۴- به طور کلی نقودپذیری پتاسیم بیشتر از سدیم است.در مرحلهٔ پایین رو هم با قعالیت کانال دریچه دار پتاسیمی این موضوع بیشتر هم می‌شود.
  + ۴- به‌طور کلی نفوذپذیری غشا به پتاسیم بیشتر از سدیم است. در مرحلهٔ پایین‌رو هم با فعالیت کانال دریچه‌دار پتاسیمی، این تفاوت بیشتر هم می‌شود.
[141]
  - ۱۰-	در یک نقطه از نورون، میزان عبور یون سدیم از غشا نسبت به قبل افزایش یافته است. چند مورد در ارتباط با این لحظه،
  + ۱۰-	در یک نقطه از نورون، میزان عبور یون سدیم از غشا نسبت به قبل افزایش یافته است. کدام مورد در ارتباط با این لحظه، به‌طور حتم درست است؟
[147]
  - پاسخ : گزینهٔ ۴ 
  + پاسخ: گزینهٔ ۴
[148]
  - سوال چی میگه ؟ دقت کنید علاوه بر مرحلهٔ بالاروی پتانسیل عمل که به دلیل باز شدن کانال دریچه دار سدیمی عبور سدیم افزایش می‌یابد‌. بلافاصله پس از پتانسیل عمل هم با افزایش قعالیت پمپ سدیم – پتاسیم میزان عبور یون سدیم از غشا افزایش می‌یابد. 
  + سؤال چی می‌گه؟ دقت کنید علاوه بر مرحلهٔ بالاروی پتانسیل عمل، که به دلیل باز شدن کانال دریچه‌دار سدیمی عبور سدیم افزایش می‌یابد، بلافاصله پس از پتانسیل عمل هم با افزایش فعالیت پمپ سدیم ـ پتاسیم، میزان عبور یون سدیم از غشا افزایش می‌یابد.
[149]
  - بررسی گزینهٔ پاسخ : همواره و در هر لحظه در نورون میزان یون سدیم در خارج یاخته بیشتر از داخل آن است.
  + بررسی گزینهٔ پاسخ: همواره و در هر لحظه، مقدار یون سدیم در خارج یاختهٔ عصبی بیشتر از داخل آن است.
[150]
  - بررسی سایر گزینه‌ها : 
  + بررسی سایر گزینه‌ها:
[151]
  - ۱- باز بودن کانال دریچه دار سدیمی فقط در مرحلهٔ بالاروی پتانسیل عمل رخ می‌دهد.
  + ۱- باز بودن کانال دریچه‌دار سدیمی فقط در مرحلهٔ بالاروی پتانسیل عمل رخ می‌دهد.
[152]
  - ۲- در مرحلهٔ بالارو که پتانسیل درون یاخته درحال افزایش است و در مرحلهٔ ارامش هم که پتانسیل ثابت است.
  + ۲- در مرحلهٔ بالارو پتانسیل درون یاخته در حال افزایش است و در حالت آرامش هم پتانسیل ثابت است.
[153]
  - ۳- نفوذ پذیری غشا به پتاسیم همواره بیشتر از سدیم است به جز در مرحلهٔ بالارو که به دلیل باز شدن سدیمی برعکس می‌شود.
  + ۳- نفوذپذیری غشا به پتاسیم همواره بیشتر از سدیم است، به جز در مرحلهٔ بالارو که به دلیل باز شدن کانال دریچه‌دار سدیمی برعکس می‌شود.
[156]
  - «هنگامی که نفوذ پذیری غشا نسبت به یون .............. بیشتر از دیگری است به طورحتم............. .»
  + «هنگامی که نفوذپذیری غشا نسبت به یون .............. بیشتر از دیگری است، به‌طور حتم ............. .»
[157]
  - ۱)	پتاسیم ـ یون پتاسیم در جهت شیب غلطت به یاخته وارد می‌شود
  + ۱)	پتاسیم ـ یون پتاسیم در جهت شیب غلظت به یاخته وارد می‌شود
[161]
  - پاسخ: گزینهٔ ۳ 
  + پاسخ: گزینهٔ ۳
[162]
  - سوال چی میگه؟ همانطور که می‌دانیم نفوذ پذیری غشا در حالت ارامش نسبت به پتاسیم بیشتر است. در مرحلهٔ پایین رو با باز شدن کانال دریچه دار پتاسیمی میزان اختلاف نفوذ پذیری به ماکزیمم مقدار خود می‌رسد اما در مرحلهٔ بالارو با باز شدن سدیمی میزان نفوذ پذیری سدیم کنی بیشتر از پتاسیم می‌شود و ما کمترین مقدار اختلاف نفوذپذیری را میبینیم.
  + سؤال چی می‌گه؟ همان‌طور که می‌دانیم، نفوذپذیری غشا در حالت آرامش نسبت به پتاسیم بیشتر است. در مرحلهٔ پایین‌رو با باز شدن کانال دریچه‌دار پتاسیمی، اختلاف نفوذپذیری به بیشترین مقدار خود می‌رسد؛ اما در مرحلهٔ بالارو با باز شدن کانال دریچه‌دار سدیمی، نفوذپذیری به سدیم کمی بیشتر از پتاسیم می‌شود و کمترین مقدار اختلاف نفوذپذیری را می‌بینیم.
[163]
  - بررسی گزینهٔ پاسخ : در مرحلهٔ بالا رو کانال دریچه دار سدیمی باز است.
  + بررسی گزینهٔ پاسخ: در مرحلهٔ بالارو، کانال دریچه‌دار سدیمی باز است.
[164]
  - حواستون باشه : -دریچهٔ کانال دریچه دار سدیمی برای آغاز فعالیت خود به سمت خارج و دریچه کانال دریچه‌دار  پتاسیمی برای باز شدن به سمت داخل باز می‌شود.
  + حواستون باشه: دریچهٔ کانال دریچه‌دار سدیمی برای آغاز فعالیت خود به سمت خارج و دریچهٔ کانال دریچه‌دار پتاسیمی برای باز شدن به سمت داخل باز می‌شود.
[165]
  - بررسی سایر گزینه‌ها :
  + بررسی سایر گزینه‌ها:
[166]
  - ۱- یون پتاسیم توسط کانال نشتی و همواره در جهت شیب غلظت از یاخته خارج می‌شود.
  + ۱- یون پتاسیم توسط کانال نشتی و همواره در جهت شیب غلظت از یاخته خارج می‌شود.
[167]
  - ۲- یون های مثبت در حالت ارامش در خارح یاخته بیشترند ‌ ختلاف غلطت یون‌ها شروع قه کاهش می‌کند تا اختلاف پتانسیل یه صفر می‌رسد از این به بعد غلطت یون‌های مثبت در داخل بیشتر است و اختلاف غلظت در حال افزایش است.
  + ۲- در حالت آرامش، یون‌های مثبت در خارج یاخته بیشترند. در مرحلهٔ بالارو اختلاف غلظت یون‌ها شروع به کاهش می‌کند تا اختلاف پتانسیل به صفر برسد؛ از این به بعد غلظت یون‌های مثبت در داخل بیشتر است و اختلاف غلظت در حال افزایش است.
[168]
  - ۴- کانال‌های دریچه دار در قله و حالت آرامش هردو بسته اند و در مزحلهٔ پایین رو پتاسیمی باز است.
  + ۴- کانال‌های دریچه‌دار در قله و حالت آرامش هر دو بسته‌اند و در مرحلهٔ پایین‌رو کانال پتاسیمی باز است.
[171]
  - ۱۲-	در صورت از کار افتادن کانال دریچهدار سدیمی، ثبت شدن کدام یک از نمودارهای زیر محتمل خواهد بود؟
  + ۱۲-	در صورت از کار افتادن کانال دریچه‌دار سدیمی، ثبت شدن کدام‌یک از نمودارهای زیر محتمل خواهد بود؟
[175]
  - پاسخ : گزینهٔ ۲  
  + پاسخ: گزینهٔ ۲
[176]
  - وقتی کانال دریچه دار سدیمی از کار بیوفتد در پی تحریک نورون اختلاف پتانسیل دو سوی غشا تغییری نمیکند و در منفی ۷۰ می‌ماند. همچنین چون اختلاف پتانسیل تغییری نکرده کانال دریچه دار پتاسیمی نیز باز نشده و همچنان در منفی ۷۰ باقی می‌ماند.
  + وقتی کانال دریچه‌دار سدیمی از کار بیفتد، در پی تحریک نورون اختلاف پتانسیل دو سوی غشا تغییری نمی‌کند و در منفی ۷۰ می‌ماند. همچنین چون اختلاف پتانسیل تغییری نکرده، کانال دریچه‌دار پتاسیمی نیز باز نمی‌شود و پتانسیل همچنان در منفی ۷۰ باقی می‌ماند.
[177]
  - نکته : دقت کنید باز شدن کانال دریچه دار پتاسیمی نیازمند مثبت شدن اختلاف پتانسیل دو سوی غشا است‌.
  + نکته: دقت کنید باز شدن کانال دریچه‌دار پتاسیمی نیازمند مثبت شدن اختلاف پتانسیل دو سوی غشا است.
[T181:0]
  - ۱)	آگر نقطة ۱ به جسم سلولی نزدیک‌تر باشد، شکل بخشی از دندریت را نشان می‌دهد.
  + ۱)	اگر نقطهٔ ۱ به جسم سلولی نزدیک‌تر باشد، شکل بخشی از دندریت را نشان می‌دهد.
[T181:1]
  - ۲)	در نقطة ،۴ حداکثر فعالیت پمپ سدیم-پتاسیم در پتانسیل عمل مشاهده می‌شود.
  + ۲)	در نقطهٔ ۴، حداکثر فعالیت پمپ سدیم ـ پتاسیم در پتانسیل عمل مشاهده می‌شود.
[T181:4]
  - پاسخ : گزینهٔ ۱ 
  + پاسخ: گزینهٔ ۱
[T181:5]
  - سوال چی میگه؟ شکل بخشی از نورون بدون میلین را نشان می‌دهد که نقطهٔ ۲ در مرحله بالارو و نورون ۳ در پایین رو است پس جهت هدایت از ۳ به ۲ است.
  + سؤال چی می‌گه؟ شکل بخشی از نورون بدون میلین را نشان می‌دهد که نقطهٔ ۲ در مرحلهٔ بالارو و نقطهٔ ۳ در مرحلهٔ پایین‌رو است؛ پس جهت هدایت از ۳ به ۲ است.
[T181:6]
  - بررسی گژینهٔ پاسخ : وقتی نقطه ۱ نزدیک جسم سلولی باشد یعنی رشته داره پیام را به جسم سلولی نزدیک می‌کند پس یک دندریت است .
  + بررسی گزینهٔ پاسخ: وقتی نقطهٔ ۱ نزدیک جسم سلولی باشد، یعنی رشته دارد پیام را به جسم سلولی نزدیک می‌کند؛ پس یک دندریت است.
[T181:7]
  - یررسی سایر گزینه‌ها : 
  + بررسی سایر گزینه‌ها:
[T181:8]
  - ۲- نقطه ۴ پیش از پایبن رو است پس در حداکثر فعابت پمپ یعنی بلافاصله بعد از پتانسیل عمل است . نه حین پتانسل عمل.
  + ۲- نقطهٔ ۴ پیش از نقطهٔ پایین‌رو است؛ پس در حداکثر فعالیت پمپ، یعنی بلافاصله بعد از پتانسیل عمل است، نه در حین پتانسیل عمل.
[T181:9]
  - ۳- همواره در هر نقطه سدیم از طریق کانال نشتی در جهت شیب غلظت وارد می‌شود.
  + ۳- همواره در هر نقطه، سدیم از طریق کانال نشتی در جهت شیب غلظت وارد یاخته می‌شود.
[T181:10]
  - ۴- چون جهت هدایت از ۳به ۲ است اگه رشته اکسون باشد انتهای اکیون که میشه پایانه اکسون باید محاورت بخش ۱ باشد نه نه ۴. 
  + ۴- چون جهت هدایت از ۳ به ۲ است، اگر رشته آکسون باشد، انتهای آکسون (پایانهٔ آکسون) باید در مجاورت بخش ۱ باشد، نه ۴.
[187]
  - د: تغییر نفوذپذیری پذیری غشای یاخت پس‌سیناپسی
  + د: تغییر نفوذپذیری غشای یاختهٔ پس‌سیناپسی
[190]
  - پاسخ : گزینهٔ ۲ 
  + پاسخ: گزینهٔ ۲
[191]
  - موارد ج و د درست هستند.
  + موارد «ج» و «د» درست هستند.
[192]
  - بررسی همهٔ موارد : 
  + بررسی همهٔ موارد:
[193]
  - دقت کنید مراحل انتقال پیام عصبی به صورت زیر است : 
  + دقت کنید مراحل انتقال پیام عصبی به صورت زیر است:
[196]
  - رسیدن پیام به پایانه و برون رانی ناقل 
  + رسیدن پیام به پایانه و برون‌رانی ناقل
[197]
  - حرکت ناقل در فضای سیناپسی و رسیدن به پس سیناپسی 
  + حرکت ناقل در فضای سیناپسی و رسیدن به یاختهٔ پس‌سیناپسی
[200]
  - تخلیهٔ فضای سیناپسی از ناقل های باقیمانده با درون بری و تجزیه
  + تخلیهٔ فضای سیناپسی از ناقل‌های باقی‌مانده با درون‌بری و تجزیه
[201]
  - در این مراحل دقت کنید هدایت ریزکیسه در طول رشته عصبی ، حرکت ناقل در فضای سیناپسی و و فعالیت و بتز شدن کانال دریچه دار ( چون با انتشار تشهیل شده است ) بدون نیاز به مصرف انرژی یاخته صورت می‌گیرند.
  + در این مراحل دقت کنید هدایت ریزکیسه در طول رشتهٔ عصبی، حرکت ناقل در فضای سیناپسی و فعالیت و باز شدن کانال دریچه‌دار (چون با انتشار تسهیل‌شده است) بدون نیاز به مصرف انرژی یاخته صورت می‌گیرند.
[204]
  - ب: به‌دنبال اتصال به ناقل عصبی برهم‌کنش های خود را تغییر می‌دهد.
  + ب: به‌دنبال اتصال به ناقل عصبی، برهم‌کنش‌های خود را تغییر می‌دهد.
[209]
  - پاسخ : گزینهٔ ۱ 
  + پاسخ: گزینهٔ ۱
[210]
  - تنها مورد ب درست است.
  + تنها مورد «ب» درست است.
[211]
  - شوال چی میگه؟ دقت کنید دو نوع پروتئین وحود دارد که حایگاه ویژه‌ای یرای ناقل عصبی دارند : یکی گیرنده آن‌ها در پس سیناپسی یکی هم آنزیم تجزیه‌کننده آن‌ها 
  + سؤال چی می‌گه؟ دقت کنید دو نوع پروتئین وجود دارد که جایگاه ویژه‌ای برای ناقل عصبی دارند: یکی گیرندهٔ آن‌ها در یاختهٔ پس‌سیناپسی و دیگری آنزیم تجزیه‌کنندهٔ آن‌ها.
[212]
  - بررسی موارد نادرست : 
  + بررسی موارد نادرست:
[213]
  - الف- دقت کنید گیرنده ناقل عصبی برای فعالیت خود و باز شدن دریچه نیاز به اتصال به دو ناقل عصبی دارد اما آنزیم لزومی ندارد واتضال به یک ناقل هم برای آن کافی است.
  + الف- دقت کنید گیرندهٔ ناقل عصبی برای فعالیت خود و باز شدن دریچه نیاز به اتصال به دو ناقل عصبی دارد، اما آنزیم چنین نیازی ندارد و اتصال به یک ناقل هم برای آن کافی است.
[214]
  - ج- دقت کنید این مورد تنها برای گیرندهٔ ناقل عصبی تحریکی درست است. یعنی نه تنها درمورد آنزیم تجزیه کننده درست نیست درمورد گیرنده ناقل عصبی مهاری هم درست نیست.
  + ج- دقت کنید این مورد تنها برای گیرندهٔ ناقل عصبی تحریکی درست است؛ یعنی نه‌تنها دربارهٔ آنزیم تجزیه‌کننده، بلکه دربارهٔ گیرندهٔ ناقل عصبی بازدارنده هم درست نیست.
[215]
  - د- این مورد هم ویژگی تنها هر گیزنده ناقل عصبی است و درمورد انزیم تحزیه کننده درست نمی‌باشد.
  + د- این مورد هم فقط ویژگی گیرندهٔ ناقل عصبی است و دربارهٔ آنزیم تجزیه‌کننده درست نیست.
[216]
  - بررسی موارد درست : 
  + بررسی موارد درست:
[217]
  - ب – هر دو نوع پروتیین گفته شده برای فعالیت خود باید تغییر شکل بدهند و پروتیین هم برای تغییر شکل برهمکن۳‌های آبگریز خود را تغییر می‌دهد.
  + ب- هر دو نوع پروتئین گفته‌شده برای فعالیت خود باید تغییر شکل بدهند و پروتئین هم برای تغییر شکل، برهم‌کنش‌های آب‌گریز خود را تغییر می‌دهد.
[219]
  - ۱۶-	مطابق با اطلاعات کتاب درسی، بافت عصبی از دو نوع یاختة اصلی تشکیل شده است. نوعی از این یاخته‌ها سه نوع اساسی دارند. اگر این یاخته ها را x بنامیم و نوع دیگر را که تعداد بیشتری دارند و در عایق‌بندی نقش دارند را y بنامیم. وجه تمایز یاختة x از یاختة y کدام است؟
  + ۱۶-	مطابق با اطلاعات کتاب درسی، بافت عصبی از دو نوع یاختهٔ اصلی تشکیل شده است. نوعی از این یاخته‌ها سه نوع اساسی دارد. اگر این یاخته‌ها را x بنامیم و نوع دیگر را که تعداد بیشتری دارند و در عایق‌بندی نقش دارند y بنامیم، وجه تمایز یاختهٔ x از یاختهٔ y کدام است؟
[225]
  - پاسخ :  گزینه 3 
  + پاسخ: گزینهٔ ۳
[226]
  - صوزت سوال چی میگه؟ بافت عصبی از دو نوع یاخته عصبی و یاخته های پشتیبان تشکیل شده است. یاخته های عصبی برخلاف یاخته های پشتیبان سه عملکرد اصلی دارند و تعداد کمتری دارند. یاخته های پشتیبانی که در عایق بندی نقش دارند را یاخته های میلین ساز مینامند.
  + صورت سؤال چی می‌گه؟ بافت عصبی از دو نوع یاختهٔ عصبی و یاختهٔ پشتیبان تشکیل شده است. یاخته‌های عصبی برخلاف یاخته‌های پشتیبان سه عملکرد اصلی دارند و تعدادشان کمتر است. یاخته‌های پشتیبانی را که در عایق‌بندی نقش دارند، یاخته‌های میلین‌ساز می‌نامند.
[227]
  - بررسی گزینهٔ پاسخ : در محل اتصال دارینه یا آسه به جسم سلولی که ابتدای هردو رشته است ضخامت رشته ها بیشتر است.
  + بررسی گزینهٔ پاسخ: در محل اتصال دارینه یا آسه به جسم سلولی، که ابتدای هر دو رشته است، ضخامت رشته‌ها بیشتر است.
[228]
  - بررسی سایر گزینه‌ها : 
  + بررسی سایر گزینه‌ها:
[229]
  - 1) یاخته های پشتیبان میلین ساز به علت چندلایه بودن غشا شبکه آندوپلاسمی صاف گسترده تری دارند.
  + ۱) یاخته‌های پشتیبان میلین‌ساز به علت چندلایه بودن غشا، شبکهٔ آندوپلاسمی صاف گسترده‌تری دارند.
[230]
  - 2) همه یاخته های بدن در حفظ هم ایستایی مایع اطراف خود نقش دارند.
  + ۲) همهٔ یاخته‌های بدن در حفظ هم‌ایستایی مایع اطراف خود نقش دارند.
[231]
  - 4) درهر دو نوع سلول ضخامت بخشی که هسته در آن قرار گرفته بیشتر است.
  + ۴) در هر دو نوع یاخته، ضخامت بخشی که هسته در آن قرار گرفته بیشتر است.
[234]
  - « به طور معمول، پیچیده شدن غلاف در جهت................ می‌باشد و به‌طورحتم................ .»
  + «به‌طور معمول، پیچیده شدن غلاف در جهت ................ می‌باشد و به‌طور حتم ................ .»
[237]
  - پاسخ : گزینه4 
  + پاسخ: گزینهٔ ۴
[238]
  - بررسی گزینهٔ پاسخ : مطابق شکل مقابل جهت«2» نشان دهنده جهت چرخش است و رشتۀ نشان داده شده چون ضخامت نابرابری دارد بنابراین در طول خود سرعت غیریکسانی دارد.
  + بررسی گزینهٔ پاسخ: مطابق شکل، جهت «۲» نشان‌دهندهٔ جهت چرخش است و رشتهٔ نشان‌داده‌شده چون ضخامت نابرابری دارد، در طول خود سرعت غیریکسانی دارد.
[239]
  - بررسی سایر گزینه ها:
  + بررسی سایر گزینه‌ها:
[240]
  - 1) قسمت دوم آن درست است و مطابق شکل مقابل لایه آخر ضخامت بیشتری دارد.
  + ۱) قسمت دوم آن درست است و مطابق شکل، لایهٔ آخر ضخامت بیشتری دارد؛ اما جهت «۱» نادرست است.
[241]
  - 2) قسمت دوم آن نادرست است زیرا این مورد بطورحتم صحیح نمیباشد مطابق شکل زیر از کتاب درسی ضخامت آسه از غلاف میلین کمتر است.
  + ۲) قسمت دوم آن نادرست است؛ زیرا این مورد به‌طور حتم صحیح نیست و مطابق شکل زیر از کتاب درسی، ضخامت آسه از غلاف میلین کمتر است.
[242]
  - 3) قسمت دوم آن درست است و بخش 4 در گره های رانویه فاقد غلاف میلین است..
  + ۳) قسمت دوم آن درست است و بخش ۴ در گره‌های رانویه فاقد غلاف میلین است؛ اما جهت «۱» نادرست است.
[261]
  - پاسخ: گزینهٔ ۱ 
  + پاسخ: گزینهٔ ۱
[262]
  - سوال چی میگه؟ مادهٔ سفید از رشته‌های عصبی میلین دار و مادهٔ خاکستری از رشته‌های بدون میلین و جسم سلولی ساخته شده اند‌. بخش قشری مخ، خاکستری اما قشر نخاع سفید است. بخش داخلی نخاع خاکستری و بخش داخلی مغز شامل هزدو بخش سفید و خاکستری است.
  + سؤال چی می‌گه؟ مادهٔ سفید از رشته‌های عصبی میلین‌دار و مادهٔ خاکستری از رشته‌های بدون میلین و جسم سلولی ساخته شده‌اند. بخش قشری مخ خاکستری، اما بخش خارجی نخاع سفید است. بخش داخلی نخاع خاکستری است و بخش داخلی مغز هر دو بخش سفید و خاکستری را دارد.
[263]
  - تنها مورد ب  درست اند.
  + تنها مورد «ب» درست است.
[264]
  - بررسی موارد نادرست : 
  + بررسی موارد نادرست:
[265]
  - الف- دقت کنید درسته جسم سلولی تنها در بخش خاکستری است اما در بخش سفید هم میلین و درنتیجه هسته نوروکلیا مشاهده می‌شود.
  + الف- دقت کنید درست است که جسم سلولی تنها در بخش خاکستری است، اما در بخش سفید هم میلین و در نتیجه هستهٔ نوروگلیا مشاهده می‌شود.
[266]
  - ج- دندریت .اسه ببند را رشته عصبی می‌نامند . پس دندریت و اکسون کوتاه رشته عصبی نیوده و نمیتوانند میلین دار باشند و در بخش سفید مشاهده نمی‌شوند. اما همانطور که کتاب می‌گوید در بخش خاکستری هم مشاهده نمی‌شوهد زیرا کتاب میگه رشته عصبی یدون میلین .
  + ج- دندریت و آسهٔ بلند را رشتهٔ عصبی می‌نامند؛ پس دندریت و آکسون کوتاه رشتهٔ عصبی نبوده و نمی‌توانند میلین‌دار باشند و در بخش سفید مشاهده نمی‌شوند. اما همان‌طور که کتاب می‌گوید، در بخش خاکستری هم مشاهده نمی‌شوند؛ زیرا کتاب می‌گوید «رشتهٔ عصبی بدون میلین».
[267]
  - د- در بخش داخلی مغز هر دو مادهٔ سفید و خاکستری مشاهده می‌شود.
  + د- در بخش داخلی مغز هر دو مادهٔ سفید و خاکستری مشاهده می‌شوند.
[268]
  - بررسی موارد درست : 
  + بررسی موارد درست:
[269]
  - ب- هدایت جهشی تنها در رشته‌های میلین دار رخ می‌دهد و ماده خاکستری هم میلین دار ندارد.
  + ب- هدایت جهشی تنها در رشته‌های میلین‌دار رخ می‌دهد و مادهٔ خاکستری رشتهٔ میلین‌دار ندارد.
[258]
  - د: مشاهدة در بخش داخلی مغز
  + د: مشاهده در بخش داخلی مغز
[273]
  - ۱)	توسط ستون مهر‌ه‌ها محافظت می‌شود.
  + ۱)	توسط ستون مهره‌ها محافظت می‌شود.
[277]
  - پاسخ : گزینهٔ ۱  
  + پاسخ: گزینهٔ ۱
[278]
  - بررسی گزینهٔ پاسخ : دقت کنید علاوه بر اینکه می‌دانیم مغز توسط جمحمه و نخاع توسط ستون مهره محافظت می‌شود.می‌دانیم نخاع تنها تا دومین مهره کمری تداوم دارد و در مابقی مهره‌ها بخش‌هایی از اعصاب نخاعی قرار گزفته و محافظت می‌شود.
  + بررسی گزینهٔ پاسخ: دقت کنید علاوه بر اینکه می‌دانیم مغز توسط جمجمه و نخاع توسط ستون مهره محافظت می‌شود، می‌دانیم نخاع تنها تا دومین مهرهٔ کمری ادامه دارد و در مابقی مهره‌ها بخش‌هایی از اعصاب نخاعی قرار گرفته و محافظت می‌شوند.
[279]
  - بررسی سایر گزینه‌ها : 
  + بررسی سایر گزینه‌ها:
[280]
  - ۲- تنها دستگاه عصبی مرکزی شامل این دو بخش است و درمورد محیطی صدق نمی‌کند.
  + ۲- تنها دستگاه عصبی مرکزی شامل این دو بخش است و این ویژگی دربارهٔ دستگاه عصبی محیطی صدق نمی‌کند.
[281]
  - ۳- تفسیرپیام چه از محیط درونی و چه بیرونی تنها ویژگی بخش مرکزی است.
  + ۳- تفسیر پیام، چه از محیط درونی و چه از محیط بیرونی، تنها ویژگی بخش مرکزی است.
[282]
  - ۴- حفاظت پرده‌های مننز تنها از مغز و نخاع صورت می‌گیرد که جزو بخش مرکزی اند.
  + ۴- حفاظت پرده‌های مننژ تنها از مغز و نخاع صورت می‌گیرد که جزو بخش مرکزی‌اند.
[291]
  - پاسخ : گزینهٔ  ۴
  + پاسخ: گزینهٔ ۴
[292]
  - سوال چی میگه؟ پردهٔ میانی مننز دارای زوائدی به سمت پرهٔ داخلی است.
  + سؤال چی می‌گه؟ پردهٔ میانی مننژ دارای زوائدی به سمت پردهٔ داخلی است.
[293]
  - پرده داخلی است که برخلاف سایرین با قشر مغز و نخاع در تماس است. قشر مغز خاکستری و قشر نخاع سفید است.
  + بررسی گزینهٔ پاسخ: تنها پردهٔ داخلی است که برخلاف سایر پرده‌ها با قشر مغز و نخاع در تماس است. قشر مغز خاکستری و بخش خارجی نخاع سفید است.
[294]
  - بررسی سایر گزینه‌ها : 
  + بررسی سایر گزینه‌ها:
[295]
  - ۱- مایع مغزی ننخاعی تنها بین پرده هاست پس پرده میانی از دو سمت پرده داخلی تنها از سطح خارجی و پرده خارحی تنها از سطح داخلی با این مایع در تماس اند.
  + ۱- مایع مغزی ـ نخاعی تنها بین پرده‌هاست؛ پس پردهٔ میانی از دو سمت، پردهٔ داخلی تنها از سطح خارجی و پردهٔ خارجی تنها از سطح داخلی با این مایع در تماس‌اند.
[296]
  - ۲-  پردهٔ داخلی در همهٔ  شیارها و پردهٔ خاجی و میانی فقط در شیارهای عمیق مشاهده می‌شود.
  + ۲- پردهٔ داخلی در همهٔ شیارها و پرده‌های خارجی و میانی فقط در شیارهای عمیق مشاهده می‌شوند.
[297]
  - ۳- پرده داخلی و میانی با رگ‌های خونی در تماس اند.
  + ۳- پرده‌های داخلی و میانی با رگ‌های خونی در تماس‌اند.
[142] (deleted)
  -             به‌طور حتم درست است؟
[auto]
  - * متقاضی گرامی، عدم درج مشخصات و امضا در مندرجات جدول زیر، به‌منزلة عدم حضور شما در جلسة آزمون است.
  + * متقاضی گرامی، عدم درج مشخصات و امضا در مندرجات جدول زیر، به‌منزلهٔ عدم حضور شما در جلسهٔ آزمون است.
[auto]
  - اینجانب .............................. با شمارة داوطلبی .............................. با آگاهی کامل، یکسان بودن شمارة صندلی خود را با شمارة داوطلبی مندرج در بالای کارت ورود به جلسه، بالای پاسخ‌نامه و دفترچة سؤالات، نوع و کد کنترل درج شده بر روی دفترچة سؤالات تأیید می‌نمایم.
  + اینجانب .............................. با شمارهٔ داوطلبی .............................. با آگاهی کامل، یکسان بودن شمارهٔ صندلی خود را با شمارهٔ داوطلبی مندرج در بالای کارت ورود به جلسه، بالای پاسخ‌نامه و دفترچهٔ سؤالات، نوع و کد کنترل درج شده بر روی دفترچهٔ سؤالات تأیید می‌نمایم.
[auto]
  - ب: افزایش فاصلة امواج در پی مصرف الکل
  + ب: افزایش فاصلهٔ امواج در پی مصرف الکل
[auto]
  - ۱) اولین گرة رانویه
  + ۱) اولین گرهٔ رانویه
[auto]
  - ۴) پایانة آکسون
  + ۴) پایانهٔ آکسون
[auto]
  - ۳)	ناقل عصبی ـ آکسون‌‌های آن طول بیشتری از دندریت‌های آن دارند.
  + ۳)	ناقل عصبی ـ آکسون‌های آن طول بیشتری از دندریت‌های آن دارند.
[auto]
  - ۶-	کدام مورد بیانگر ویژگی مشترک همة انواع نورون‌ها است؟
  + ۶-	کدام مورد بیانگر ویژگی مشترک همهٔ انواع نورون‌ها است؟
[auto]
  - ۲)	هر نقطة آن همواره تحت تأثیر نقطة قبلی تحریک می‌شود.
  + ۲)	هر نقطهٔ آن همواره تحت تأثیر نقطهٔ قبلی تحریک می‌شود.
[auto]
  - ۴)	پس از هدایت پیام، همواره آن را به یاختة دیگر منتقل می‌کنند.
  + ۴)	پس از هدایت پیام، همواره آن را به یاختهٔ دیگر منتقل می‌کنند.
[auto]
  - ج: کاهش قلة پتانسیل عمل بعدی
  + ج: کاهش قلهٔ پتانسیل عمل بعدی
[auto]
  - ۳)	سدیم ـ دریچة نوعی کانال به سمت خارج باز است
  + ۳)	سدیم ـ دریچهٔ نوعی کانال به سمت خارج باز است
[auto]
  - ۴)	پتاسیم ـ هر دو کانال دریچه‌دار بسته اند
  + ۴)	پتاسیم ـ هر دو کانال دریچه‌دار بسته‌اند
[auto]
  - ۱) 
  + ۱)
[auto]
  - ۲) 
  + ۲)
[auto]
  - ۳) 
  + ۳)
[auto]
  - ۴) 
  + ۴)
[auto]
  - ۳)	در نقطة ۳، یون سدیم نمی‌تواند وارد یاخته شود.
  + ۳)	در نقطهٔ ۳، یون سدیم نمی‌تواند وارد یاخته شود.
[auto]
  - ۴)	پایانة آکسون می‌تواند در مجاورت نقطة ۴ باشد.
  + ۴)	پایانهٔ آکسون می‌تواند در مجاورت نقطهٔ ۴ باشد.
[auto]
  - باز شدن کانال دریچه دار و تغییر نفوذپذیری غشا 
  + باز شدن کانال دریچه‌دار و تغییر نفوذپذیری غشا
[auto]
  - ج: با اتصال به ناقل عصبی، نفوذ پذیری غشا به سدیم را افزایش می‌دهد.
  + ج: با اتصال به ناقل عصبی، نفوذپذیری غشا به سدیم را افزایش می‌دهد.
[auto]
  - ۱)	شبکة آندوپلاسمی صاف گسترده‌ای دارد.
  + ۱)	شبکهٔ آندوپلاسمی صاف گسترده‌ای دارد.
[auto]
  - ۳)	همة رشته‌های آن در ابتدای خود ضخامت بیشتری دارند.
  + ۳)	همهٔ رشته‌های آن در ابتدای خود ضخامت بیشتری دارند.
[auto]
  - ۱)	«۱» ـ بخش «۳» غلافی را میسازد که لایة آخر آن ضخامت بیشتری دارد
  + ۱)	«۱» ـ بخش «۳» غلافی را می‌سازد که لایهٔ آخر آن ضخامت بیشتری دارد
[auto]
  - ۲)	«۲» ـ بخش «۳» غلافی را میسازد که ضخامت آن از بخش «۴» کمتر است
  + ۲)	«۲» ـ بخش «۳» غلافی را می‌سازد که ضخامت آن از بخش «۴» کمتر است
[auto]
  - ۳)	«۱» ـ بخش «۴» در قسمت هایی از طول خود فاقد بخش «۳» است
  + ۳)	«۱» ـ بخش «۴» در قسمت‌هایی از طول خود فاقد بخش «۳» است
[auto]
  - ۴)	«۲» ـ بخش «۴» در قسمت هایی از طول خود سرعت غیریکسانی دارد
  + ۴)	«۲» ـ بخش «۴» در قسمت‌هایی از طول خود سرعت غیریکسانی دارد
[auto]
  - ۱۸-	چند مورد، مادة سفید را از مادة خاکستری متمایز می‌کند؟
  + ۱۸-	چند مورد، مادهٔ سفید را از مادهٔ خاکستری متمایز می‌کند؟
[auto]
  - ب: مشاهدة هدایت جهشی
  + ب: مشاهدهٔ هدایت جهشی
[auto]
  - ۲)	همانند پردة ضخیم‌تر از خود، تنها در شیارهای عمیق مشاهده می‌شود.
  + ۲)	همانند پردهٔ ضخیم‌تر از خود، تنها در شیارهای عمیق مشاهده می‌شود.
[auto]
  - ۳)	همانند پردة داخلی‌تر از خود با رگ‌های خونی در تماس است.
  + ۳)	همانند پردهٔ داخلی‌تر از خود با رگ‌های خونی در تماس است.
[auto]
  - ۴)	برخلاف پرده‌های دیگر، در تماس با مادة سفید نخاع قرار دارد.
  + ۴)	برخلاف پرده‌های دیگر، در تماس با مادهٔ سفید نخاع قرار دارد.