  - * متقاضی گرامی، عدم درج مشخصات و امضا در مندرجات جدول زیر، به‌منزلة عدم حضور شما در جلسة آزمون است.
  + * متقاضی گرامی، عدم درج مشخصات و امضا در مندرجات جدول زیر، به‌منزلهٔ عدم حضور شما در جلسهٔ آزمون است.
  - اینجانب .............................. با شمارة داوطلبی .............................. با آگاهی کامل، یکسان بودن شمارة صندلی خود را با شمارة داوطلبی مندرج در بالای کارت ورود به جلسه، بالای پاسخ‌نامه و دفترچة سؤالات، نوع و کد کنترل درج شده بر روی دفترچة سؤالات تأیید می‌نمایم.
  + اینجانب .............................. با شمارهٔ داوطلبی .............................. با آگاهی کامل، یکسان بودن شمارهٔ صندلی خود را با شمارهٔ داوطلبی مندرج در بالای کارت ورود به جلسه، بالای پاسخ‌نامه و دفترچهٔ سؤالات، نوع و کد کنترل درج شده بر روی دفترچهٔ سؤالات تأیید می‌نمایم.
  - «در مرحله یا مرحله‌هایی از آزمایش .........................، به‌طورحتم ............................. . »
  + «در مرحله یا مرحله‌هایی از آزمایش .........................، به‌طور حتم ............................. . »
  - ۱)	ایوری، که فقط از آنزیم پروتئاز استفاده شد ـ تمامی پروتئین‌های عصارة باکتری تجزیه شدند.
  + ۱)	ایوری، که فقط از آنزیم پروتئاز استفاده شد ـ تمامی پروتئین‌های عصارهٔ باکتری تجزیه شدند.
  - ۳)	گریفیت، که مرگ باکتری مشاهده شد ـ دستگاه ایمنی جانور برای مبارزه با این باکتری ها وارد عمل شد.
  + ۳)	گریفیت، که مرگ باکتری مشاهده شد ـ دستگاه ایمنی جانور برای مبارزه با این باکتری‌ها وارد عمل شد.
  - ۴)	بخش ۱ بین جفت بازهای مکمل همواره به صورت اختصاصی تشکیل شده و دو رشتة دنا را در مقابل هم نگه می‌دارد.
  + ۴)	بخش ۱ بین جفت بازهای مکمل همواره به صورت اختصاصی تشکیل شده و دو رشتهٔ دنا را در مقابل هم نگه می‌دارد.
  - ۳-	با توجه با اطلاعات کتاب درسی، کدام مورد جز مهم‌ترین عوامل موثر در فرایند همانندسازی نیست؟
  + ۳-	با توجه با اطلاعات کتاب درسی، کدام مورد جز مهم‌ترین عوامل مؤثر در فرایند همانندسازی نیست؟
  - ۱)	دو رشتة نوکلئوتیدی مارپیچ که توسط پله‌هایی کم‌انرژی به یکدیگر متصل‌اند.
  + ۱)	دو رشتهٔ نوکلئوتیدی مارپیچ که توسط پله‌هایی کم‌انرژی به یکدیگر متصل‌اند.
  - ۳)	شکل رایج انرژی در یاخته که انرژی لازم برای ساخت نسخة مکمل الگو را فراهم می‌کند.
  + ۳)	شکل رایج انرژی در یاخته که انرژی لازم برای ساخت نسخهٔ مکمل الگو را فراهم می‌کند.
  - ۴)	نوکلئوتیدهای سه‌فسفاتة یاخته که در لحظة اتصال به رشتة درحال ساخت، دو فسفات خود را از دست می‌دهند.
  + ۴)	نوکلئوتیدهای سه‌فسفاتهٔ یاخته که در لحظهٔ اتصال به رشتهٔ در حال ساخت، دو فسفات خود را از دست می‌دهند.
  - ۱)	درابتدای همانند سازی دنا باز شدن پیچ و تاب فامینه پیش از بازشدن مارپیچ دنا رخ می‌دهد.
  + ۱)	درابتدای همانندسازی دنا باز شدن پیچ و تاب فامینه پیش از بازشدن مارپیچ دنا رخ می‌دهد.
  - ۲)	آنزیمی با نقش مهمی در ساخت یک رشتة دنا در مقابل رشتة الگو، ضمن فعالیت خود پیوندی پرانرژی می‌شکند.
  + ۲)	آنزیمی با نقش مهمی در ساخت یک رشتهٔ دنا در مقابل رشتهٔ الگو، ضمن فعالیت خود پیوندی پرانرژی می‌شکند.
  - ۳)	در یک دوراهی همانند سازی، عملکرد دنابسپاراز‌ها پس از آغاز فعالیت آنزیم‌های هلیکاز شروع می‌شود.
  + ۳)	در یک دوراهی همانندسازی، عملکرد دنابسپاراز‌ها پس از آغاز فعالیت آنزیم‌های هلیکاز شروع می‌شود.
  - ۱)	هسته ـ به‌طورحتم دو سر متفاوت دارد
  + ۱)	هسته ـ به‌طور حتم دو سر متفاوت دارد
  - ۴)	سیتوپلاسم، به صورت خطی - به‌طور حتم از یک رشتة پلی‌نوکلئوتیدی تشکیل شده است
  + ۴)	سیتوپلاسم، به صورت خطی - به‌طور حتم از یک رشتهٔ پلی‌نوکلئوتیدی تشکیل شده است
  - ۶-	در کتاب درسی به رنا و انواع آن اشاره شده است؛ کدام مورد در دربارة فقط یکی از انواع آن، درست است؟
  + ۶-	در کتاب درسی به رنا و انواع آن اشاره شده است؛ کدام مورد در دربارهٔ فقط یکی از انواع آن، درست است؟
  - ۱)	به جهت انجام فعالیت خود با برخی پروتیین‌ها مجاورت پیدا می‌کنند.
  + ۱)	به جهت انجام فعالیت خود با برخی پروتئین‌ها مجاورت پیدا می‌کنند.
  - ۳)	در حمل آمینواسید ها به سمت رناتن‌ها نقش دارد.
  + ۳)	در حمل آمینواسیدها به سمت رناتن‌ها نقش دارد.
  - «در جاندارانی که ژنوم آنها در ............... بخش از یاخته قرار گرفته است، ................ .»
  + «در جاندارانی که ژنوم آن‌ها در ............... بخش از یاخته قرار گرفته است، ................ .»
  - ۲)	دو ـ طول رشتة پلی نوکلئوتیدی تولیدی توسط هر آنزیم دنابسپاراز براساس شرایط یاخته تغییر می‌کند.
  + ۲)	دو ـ طول رشتهٔ پلی نوکلئوتیدی تولیدی توسط هر آنزیم دنابسپاراز براساس شرایط یاخته تغییر می‌کند.
  - ۳)	دو ـ ممکن است دنای اصلی همراه با برخی پروتئین‌‌ها درون سیتوپلاسم مشاهده شود.
  + ۳)	دو ـ ممکن است دنای اصلی همراه با برخی پروتئین‌ها درون سیتوپلاسم مشاهده شود.
  - ۴)	یک ـ همانند سازی دنای اصلی پس از اتصال آخرین نوکلئوتید به رشتة درحال ساخت ادامه می‌یابد
  + ۴)	یک ـ همانندسازی دنای اصلی پس از اتصال آخرین نوکلئوتید به رشتهٔ در حال ساخت ادامه می‌یابد
  - ۹-	در رابطه به آزمایش‌های مربوط به مادة ژنتیک یاخته کدام گزینه نادرست است؟
  + ۹-	در رابطه به آزمایش‌های مربوط به مادهٔ ژنتیک یاخته کدام گزینه نادرست است؟
  - ۱)	گریفیت دریافت دنا می‌تواند به یاختة دیگری منتقل شود.
  + ۱)	گریفیت دریافت دنا می‌تواند به یاختهٔ دیگری منتقل شود.
  - ۲)	ایوری به بحث‌ها و پژوهش‌های چندین ساله دربارة ماهیت مادة ژنتیک خاتمه داد.
  + ۲)	ایوری به بحث‌ها و پژوهش‌های چندین‌ساله دربارهٔ ماهیت مادهٔ ژنتیک خاتمه داد.
  - ۳)	واتسون و کریک بیان داشتند که وجود رابطة مکملی بین بازها در فرایند همانندسازی نقش اساسی دارد.
  + ۳)	واتسون و کریک بیان داشتند که وجود رابطهٔ مکملی بین بازها در فرایند همانندسازی نقش اساسی دارد.
  - ۱۰-	چند مورد ریبونوکلئیک اسید یک یاختة معدة انسان را از دئوکسی ریبونوکلئیک اسید هستة آن متمایز می‌کند؟
  + ۱۰-	چند مورد ریبونوکلئیک اسید یک یاختهٔ معدهٔ انسان را از دئوکسی ریبونوکلئیک اسید هستهٔ آن متمایز می‌کند؟
  - ۲)	تمام ـ در دقیقه ۲۰  خطی که پایین‌تر قرار می‌گیرد، ضخامت بیشتری خواهد داشت.
  + ۲)	تمام ـ در دقیقه ۲۰ خطی که پایین‌تر قرار می‌گیرد، ضخامت بیشتری خواهد داشت.
  - ۳)	بخشی از ـ در دقیقه ۴۰  دناهایی که مسافت بیشتری طی کرده‌اند، وزن مولکولی کمتری دارند.
  + ۳)	بخشی از ـ در دقیقه ۴۰ دناهایی که مسافت بیشتری طی کرده‌اند، وزن مولکولی کمتری دارند.
  - ۴)	بخشی از ـ در دقیقه ۲۰ خطی که در وسط قرار می‌گیرد، نسبت به خطی در مرحله‌ی بعدی پایین تر می‌باشد.
  + ۴)	بخشی از ـ در دقیقه ۲۰ خطی که در وسط قرار می‌گیرد، نسبت به خطی در مرحله‌ی بعدی پایین‌تر می‌باشد.
  - ۴)	تعداد جایگاه آغاز همانند سازی بیشتر از تعداد جایگاه پایان آن است.
  + ۴)	تعداد جایگاه آغاز همانندسازی بیشتر از تعداد جایگاه پایان آن است.
  - ۲)	کپسول در بیماری زایی این باکتری موثر است‌.
  + ۲)	کپسول در بیماری زایی این باکتری مؤثر است.
  - ۴)	در این باکتری یاخته‌های زنده می‌توانند با دریافت مادة ژنتیک از محیط خارج، در خصوصیات ظاهری خود تغییراتی ایجاد کنند.
  + ۴)	در این باکتری یاخته‌های زنده می‌توانند با دریافت مادهٔ ژنتیک از محیط خارج، در خصوصیات ظاهری خود تغییراتی ایجاد کنند.
  - ۱۴-	مولکولی با باز آلی مشابه با ساختار رایج‌ترین شکل انرژی و قند متفاوت با آن در وسط یک رشتة پلی نوکلئوتیدی وجود دارد. در ساختار این مولکول اتمی وجود دارد که تنها به دوکربن موجود در حلقه متصل است. کربن موجود در کدام گزینه نسبت به سایرین به این اتم نزدیک‌تر است؟
  + ۱۴-	مولکولی با باز آلی مشابه با ساختار رایج‌ترین شکل انرژی و قند متفاوت با آن در وسط یک رشتهٔ پلی نوکلئوتیدی وجود دارد. در ساختار این مولکول اتمی وجود دارد که تنها به دوکربن موجود در حلقه متصل است. کربن موجود در کدام گزینه نسبت به سایرین به این اتم نزدیک‌تر است؟
  - ۱) موجود در حلقة ۶ ضلعی
  + ۱) موجود در حلقهٔ ۶ ضلعی
  - ۱۵-	در هنگام همانندسازی دنا کدام گزینه ویژگی مشترک همة نوکلئوتید‌های آمادة اتصال به نوکلئوتید مکمل را بیان می‌کند؟
  + ۱۵-	در هنگام همانندسازی دنا کدام گزینه ویژگی مشترک همهٔ نوکلئوتید‌های آمادهٔ اتصال به نوکلئوتید مکمل را بیان می‌کند؟
  - ۴)	نوعی حلقة ۶ ضلعی در مجاورت حلقه‌ای ۵ ضلعی مشاهده می‌شود.
  + ۴)	نوعی حلقهٔ ۶ ضلعی در مجاورت حلقه‌ای ۵ ضلعی مشاهده می‌شود.
  - ۳)	بخش A برخلاف بخش B به‌طورحتم دارای دوحلقه‌‌ی آلی است.
  + ۳)	بخش A برخلاف بخش B به‌طور حتم دارای دوحلقه‌ی آلی است.
  - ۱۷-	چند مورد در ارتباط با واحدهای سه بخشی سازندة نوعی مولکول زیستی به درستی بیان شده است؟
  + ۱۷-	چند مورد در ارتباط با واحدهای سه بخشی سازندهٔ نوعی مولکول زیستی به درستی بیان شده است؟
  - د: همة انواع موجود در ساختار نوکلئیک اسید‌های باکتری، به دو گروه فسفات متصل است.
  + د: همهٔ انواع موجود در ساختار نوکلئیک اسید‌های باکتری، به دو گروه فسفات متصل است.
  - « وجه ........... در طرحی از همانند سازی که یک یاخته‌ی حاصل تقسیم هر دو رشته‌ی دنای اولیه را به صورت دست نخورده دریافت می‌کند با طرحی که هر یاخته‌ی حاصل از تقسیم قطعاتی از هر دو رشته‌ی دنای اولیه را دریافت می‌کند مشاهده‌ی .............‌..... است.»
  + « وجه ........... در طرحی از همانندسازی که یک یاخته‌ی حاصل تقسیم هر دو رشته‌ی دنای اولیه را به صورت دست نخورده دریافت می‌کند با طرحی که هر یاخته‌ی حاصل از تقسیم قطعاتی از هر دو رشته‌ی دنای اولیه را دریافت می‌کند مشاهده‌ی .................. است.»
  - ۱۹-	کدام گزینه در رابطه با طرح های همانندسازی مطرح شده در کتاب درسی، نادرست است؟
  + ۱۹-	کدام گزینه در رابطه با طرح‌های همانندسازی مطرح شده در کتاب درسی، نادرست است؟
  - ۱)	در همه طرح ها دنای حاصل از همانندسازی از نظر ترتیب باز های آلی کاملا مشابه دنای اولیه است.
  + ۱)	در همه طرح‌ها دنای حاصل از همانندسازی از نظر ترتیب بازهای آلی کاملا مشابه دنای اولیه است.
  - ۲)	در طرحی که عمل نوکلئازی در دنای اولیه مشاهده می‌شود،پیوند فسفودی استر غالبا بین نوکلئوتید های دو نسل متفاوت است.
  + ۲)	در طرحی که عمل نوکلئازی در دنای اولیه مشاهده می‌شود، پیوند فسفودی استر غالبا بین نوکلئوتیدهای دو نسل متفاوت است.
  - ۳)	هر طرحی که طبق مشاهدات چارگاف تایید میشود، اطلاعات را بدون هیچ کم و کاستی به مولکول های حاصل انتقال میدهد.
  + ۳)	هر طرحی که طبق مشاهدات چارگاف تایید می‌شود، اطلاعات را بدون هیچ کم و کاستی به مولکول‌های حاصل انتقال می‌دهد.
  - ۲۱-	چند مورد از عبارت های زیر به ادرستی بیان شده اند؟
  + ۲۱-	چند مورد از عبارت‌های زیر به ادرستی بیان شده اند؟
  - ۱) پایداری بوم‌سازگان‌ باید به‌گونه‌ای باشد که با تغییر اقلیم، هیچ تغییری در مقدار تولیدکنندگی آن روی ندهد.
  + ۱) پایداری بوم‌سازگان باید به‌گونه‌ای باشد که با تغییر اقلیم، هیچ تغییری در مقدار تولیدکنندگی آن روی ندهد.
  - ۲۲-	کدام گزینه عبارت زیر را به درستی تکمیل میکند؟
  + ۲۲-	کدام گزینه عبارت زیر را به درستی تکمیل می‌کند؟
  - ۱)	عوامل غیرزنده ـ هیچ دو جانداری از آن نمی توانند جاندارانی شبیه خود و با قابلیت تولید مثل تولید کنند.
  + ۱)	عوامل غیرزنده ـ هیچ دو جانداری از آن نمی‌توانند جاندارانی شبیه خود و با قابلیت تولیدمثل تولید کنند.
  - ۲)	تنوع گونه ـ کل سطح چیزی بیش از مجموع جمعیت های تشکیل دهنده آن است.
  + ۲)	تنوع گونه ـ کل سطح چیزی بیش از مجموع جمعیت‌های تشکیل‌دهنده آن است.
  - ۳)	نقش بیش از یک دستگاه - فردی از یکی از جمعیت های جانداران است.
  + ۳)	نقش بیش از یک دستگاه - فردی از یکی از جمعیت‌های جانداران است.
  - ۴)	اجتماع‌های گوناگون ـ دریاچة ارومیه نمونه‌ای آسیب دیده از آن می باشد.
  + ۴)	اجتماع‌های گوناگون ـ دریاچهٔ ارومیه نمونه‌ای آسیب دیده از آن می‌باشد.
  - ۲۳-	توجه به مطالب کتاب درسی، چند مورد عبارت زیر را به درستی کامل میکند؟
  + ۲۳-	توجه به مطالب کتاب درسی، چند مورد عبارت زیر را به درستی کامل می‌کند؟
  - الف: بعضی از یاخته‌ها ذرات بزرگ را از طریق آن جابه‌جا میکنند، با تشکیل ریزکیسه همراه است.
  + الف: بعضی از یاخته‌ها ذرات بزرگ را از طریق آن جابه‌جا می‌کنند، با تشکیل ریزکیسه همراه است.
  - ب: مواد در خلاف جهت شیب غلظت از غشا عبور میکنند، برخی پروتئین‌های حاضر در غشا تغییر وضعیت می‌دهند.
  + ب: مواد در خلاف جهت شیب غلظت از غشا عبور می‌کنند، برخی پروتئین‌های حاضر در غشا تغییر وضعیت می‌دهند.
  - د: از طریق تغییر شکل پروتئین‌های سراسری غشا انجام می‌شوند، برای جابه‌جایی مواد از عرض  غشای یاخته به انرژی نیاز دارد.
  + د: از طریق تغییر شکل پروتئین‌های سراسری غشا انجام می‌شوند، برای جابه‌جایی مواد از عرض غشای یاخته به انرژی نیاز دارد.
  - ۲۴-	در گروهی از انواع بافت های پوششی یاخته های متصل به غشای پایه، ظاهری مکعبی شکل دارند. کدام گزینه در ارتباط با فقط برخی از آن‌ها درست است؟
  + ۲۴-	در گروهی از انواع بافت‌های پوششی یاخته‌های متصل به غشای پایه، ظاهری مکعبی شکل دارند. کدام گزینه در ارتباط با فقط برخی از آن‌ها درست است؟
  - ۴)	فضای بین یاخته‌ای اندکی داشته و یاخته‌های آن بسیار به یکدیگر نزدیک اند.
  + ۴)	فضای بین‌یاخته‌ای اندکی داشته و یاخته‌های آن بسیار به یکدیگر نزدیک‌اند.
  - ۲۵-	بخش اصلی تشکیل دهنده غشای یاخته‌ای از دو بخش سر آبدوست و دم آبگریز تشکیل شده است. کدام گزینه بخش دم را در غشای یک یاخته جانوری از بخش سر متمایز میکند؟ (دم در مرکز غشا و سر در اطراف آن قرار می‌گیرد.)
  + ۲۵-	بخش اصلی تشکیل‌دهنده غشای یاخته‌ای از دو بخش سر آبدوست و دم آبگریز تشکیل شده است. کدام گزینه بخش دم را در غشای یک یاخته جانوری از بخش سر متمایز می‌کند؟ (دم در مرکز غشا و سر در اطراف آن قرار می‌گیرد.)
  - ۱)	در لایة خارجی غشا نسبت به لایة داخلی ساختار متفاوتی دارند.
  + ۱)	در لایهٔ خارجی غشا نسبت به لایهٔ داخلی ساختار متفاوتی دارند.
  - ۲)	با بخش هایی از یک پروتئین سطحی مؤثر در انتقال مواد تماس دارند.
  + ۲)	با بخش‌هایی از یک پروتئین سطحی مؤثر در انتقال مواد تماس دارند.
  - ۴)	در بخش هایی، کلسترول فاصلة بین این بخش در دو فسفولیپید متوالی را پر میکند.
  + ۴)	در بخش هایی، کلسترول فاصلهٔ بین این بخش در دو فسفولیپید متوالی را پر می‌کند.
  - ۲۶-	دربارة جانوری که جمعیت آن مهاجرتی شگفت انگیز را به نمایش می‌گذارد؛ کدام عبارت درست است؟
  + ۲۶-	دربارهٔ جانوری که جمعیت آن مهاجرتی شگفت انگیز را به نمایش می‌گذارد؛ کدام عبارت درست است؟
  - ۲)	پرواز پروانة مونارک به سمت مقصد منحصرا هنگام روز صورت می‌گیرد.
  + ۲)	پرواز پروانهٔ مونارک به سمت مقصد منحصرا هنگام روز صورت می‌گیرد.
  - ۱)	هر اندامکی که کیسه ای شکل است، حاوی آنزیم‌هایی درون خود است.
  + ۱)	هر اندامکی که کیسه‌ای شکل است، حاوی آنزیم‌هایی درون خود است.
  - ۳)	هر اندامکی که دارای آنزیم‌های تجزیه کنندة مواد است، قابلیت حرکت در یاخته را دارد.
  + ۳)	هر اندامکی که دارای آنزیم‌های تجزیه کنندهٔ مواد است، قابلیت حرکت در یاخته را دارد.
  - ۲۸-	کدام گزینه در ارتباط با هر نوع مولکول زیستی که در تعداد، تکرار و ترکیب قرارگیری واحد های سازندة خود متنوع می‌باشد؛ درست است؟
  + ۲۸-	کدام گزینه در ارتباط با هر نوع مولکول زیستی که در تعداد، تکرار و ترکیب قرارگیری واحدهای سازندهٔ خود متنوع می‌باشد؛ درست است؟
  - ۱)	اختلافات فردی که بین افراد یک گونه وجود دارد را ایجاد می کنند.
  + ۱)	اختلافات فردی که بین افراد یک گونه وجود دارد را ایجاد می‌کنند.
  - ۴)	در نوعی اندامک یاخته تولید می‌شوند که در شبکه‌‌ای از کیسه‌ها و لوله‌هاست.
  + ۴)	در نوعی اندامک یاخته تولید می‌شوند که در شبکه‌ای از کیسه‌ها و لوله‌هاست.
  - الف: مشاهدة یاخته‌های دوکی‌شکل
  + الف: مشاهدهٔ یاخته‌های دوکی‌شکل
  - ب: رشته‌های کلاژن کمتر درون مادة زمینه‌ای
  + ب: رشته‌های کلاژن کمتر درون مادهٔ زمینه‌ای
  - ۳)	در آن، فراوردة پروتئینی ژن از جانداری به جاندار دیگر منتقل می‌شود.
  + ۳)	در آن، فراوردهٔ پروتئینی ژن از جانداری به جاندار دیگر منتقل می‌شود.
  - ۴)	به تازگی زیست شناسی با استفاده از آن توانستند تغییراتی در جانداران ایجاد کنند.
  + ۴)	به تازگی زیست‌شناسی با استفاده از آن توانستند تغییراتی در جانداران ایجاد کنند.
  - ۳۱-	بخشی از دستگاه گوارش آنزیم‌های لازم برای گوارش انواعی از مواد را می‌سازد. ترشحات این بخش برای رسیدن به اندام هدف، ممکن است ابتدا با ترشحات اندام‌های دیگری یکی شوند. کدام مورد، در ارتباط با همة این اندام‌ها درست است؟
  + ۳۱-	بخشی از دستگاه گوارش آنزیم‌های لازم برای گوارش انواعی از مواد را می‌سازد. ترشحات این بخش برای رسیدن به اندام هدف، ممکن است ابتدا با ترشحات اندام‌های دیگری یکی شوند. کدام مورد، در ارتباط با همهٔ این اندام‌ها درست است؟
  - ۲)	بخش عمدة آنها در سمت راست بدن قرار دارد.
  + ۲)	بخش عمدهٔ آن‌ها در سمت راست بدن قرار دارد.
  - ۴)	با افزایش ترشحات آن‌ها، ترشح نوعی پیک شیمیایی از لولة گوارش نیز افزایش می‌یابد.
  + ۴)	با افزایش ترشحات آن‌ها، ترشح نوعی پیک شیمیایی از لولهٔ گوارش نیز افزایش می‌یابد.
  - ۳۲-	کدام گزینه عبارت زیر را به نادرستی تکمیل میکند؟
  + ۳۲-	کدام گزینه عبارت زیر را به نادرستی تکمیل می‌کند؟
  - «در مرحلة.................. دستگاه گوارش ممکن است.............................. .»
  + «در مرحلهٔ.................. دستگاه گوارش ممکن است.............................. .»
  - ۲)	خاموشی نسبی - مخاط معده بر روی لایة ماهیچه‌ای خود چین خورده باشد.
  + ۲)	خاموشی نسبی - مخاط معده بر روی لایهٔ ماهیچه‌ای خود چین خورده باشد.
  - ۳)	فعالیت شدید - تحت تأثیر نوعی دستگاه تنظیمی، شیرة لوزالمعده شروع به ترشح کند.
  + ۳)	فعالیت شدید - تحت تأثیر نوعی دستگاه تنظیمی، شیرهٔ لوزالمعده شروع به ترشح کند.
  - ۴)	جذب همة موادمغذی مورد نیاز بدن دچار اختلال شود.
  + ۴)	جذب همهٔ موادمغذی مورد نیاز بدن دچار اختلال شود.
  - ۳۴-	مطابق با مطالب کتاب درسی، اندام‌هایی در لولة گوارش انسان وجود دارند که می‌توانند مواد را به محیط داخلی بدن وارد کنند. چند مورد از ویژگی‌ها، فقط دربارة بعضی از آن‌ها، درست است؟
  + ۳۴-	مطابق با مطالب کتاب درسی، اندام‌هایی در لولهٔ گوارش انسان وجود دارند که می‌توانند مواد را به محیط داخلی بدن وارد کنند. چند مورد از ویژگی‌ها، فقط دربارهٔ بعضی از آن‌ها، درست است؟
  - ب: مجاورت با پردة اتصال‌دهندة اندام‌های درون شکم
  + ب: مجاورت با پردهٔ اتصال‌دهندهٔ اندام‌های درون شکم
  - ج: داشتن نوعی بافت با مادة زمینه‌ای چسبنده
  + ج: داشتن نوعی بافت با مادهٔ زمینه‌ای چسبنده
  - ۳۵-	در ارتباط با مجرای پایین‌ترین غدة بزاقی بزرگ، کدام مورد نادرست است؟
  + ۳۵-	در ارتباط با مجرای پایین‌ترین غدهٔ بزاقی بزرگ، کدام مورد نادرست است؟
  - ۲)	از سطح خارجی کوچکترین غده عبور می‌کند.
  + ۲)	از سطح خارجی کوچک‌ترین غده عبور می‌کند.
  - ۴)	نسبت به مجاری سایر غدد بزرگ، به ناحیة جلوتری از حفرة دهانی تخلیه می‌شود.
  + ۴)	نسبت به مجاری سایر غدد بزرگ، به ناحیهٔ جلوتری از حفرهٔ دهانی تخلیه می‌شود.
  - ۳۶-	کدام مورد، ویژگی بزرگترین یاخته‌های غدة معده را به درستی بیان می‌کند؟
  + ۳۶-	کدام مورد، ویژگی بزرگ‌ترین یاخته‌های غدهٔ معده را به درستی بیان می‌کند؟
  - ۱)	ممکن نیست در تماس با دو نوع یاخته‌های استوانه‌ای غیر یکسان قرار گیرد.
  + ۱)	ممکن نیست در تماس با دو نوع یاخته‌های استوانه‌ای غیریکسان قرار گیرد.
  - ۳)	در نیمة فوقانی غدد فراوان‌تر از نیمة تحتانی آن است.
  + ۳)	در نیمهٔ فوقانی غدد فراوان‌تر از نیمهٔ تحتانی آن است.
  - ۳۷-	شکل زیر بخشی از پردة صفاق مربوط به روده‌ها را نشان می‌دهد. با توجه به بخش‌های مورد نظر، کدام مورد نادرست است؟
  + ۳۷-	شکل زیر بخشی از پردهٔ صفاق مربوط به روده‌ها را نشان می‌دهد. با توجه به بخش‌های مورد نظر، کدام مورد نادرست است؟
  - ۱)	یاخته‌های پوششی بخش ۲ آب و یون‌های شیره‌های باقیمانده را جذب می‌کند.
  + ۱)	یاخته‌های پوششی بخش ۲ آب و یون‌های شیره‌های باقی‌مانده را جذب می‌کند.
  - ۲)	خون بخش ۳ و بخشی از رودة باریک به سیاهرگ واحدی می‌ریزد.
  + ۲)	خون بخش ۳ و بخشی از رودهٔ باریک به سیاهرگ واحدی می‌ریزد.
  - ۴)	بخش ۴ فقط با بعضی از اندام‌های لولة گوارش اتصال دارد.
  + ۴)	بخش ۴ فقط با بعضی از اندام‌های لولهٔ گوارش اتصال دارد.
  - ۱)	چسبیده زبان به سقف حفرة دهانی
  + ۱)	چسبیده زبان به سقف حفرهٔ دهانی
  - ۳۹-	کدام عبارت در ارتباط با هر یک از یاخته‌های دارای زائدة غشایی در لولة گوارش، درست است؟
  + ۳۹-	کدام عبارت در ارتباط با هر یک از یاخته‌های دارای زائدهٔ غشایی در لولهٔ گوارش، درست است؟
  - ۲)	می‌توانند آنزیم‌های تجزیه کنندة مواد تولید کنند.
  + ۲)	می‌توانند آنزیم‌های تجزیه کنندهٔ مواد تولید کنند.
  - ۴۰-	در لولة گوارش، حرکات منظمی دیده می‌شود. کدام ویژگی حرکتی را که تداوم آن باعث نقش مخلوط کنندگی می‌شود را از دیگری متمایز می‌سازد؟
  + ۴۰-	در لولهٔ گوارش، حرکات منظمی دیده می‌شود. کدام ویژگی حرکتی را که تداوم آن باعث نقش مخلوط کنندگی می‌شود را از دیگری متمایز می‌سازد؟
  - ۴۱-	شکل زیر لولة گوارش و اندام‌های مرتبط با آن را نشان می‌دهد. با توجه به بخش‌های مورد نظر، کدام مورد نامناسب است؟
  + ۴۱-	شکل زیر لولهٔ گوارش و اندام‌های مرتبط با آن را نشان می‌دهد. با توجه به بخش‌های مورد نظر، کدام مورد نامناسب است؟
  - ۲)	بخش ۲ در انتهای خود هر دو نوع ماهیچة صاف و اسکلتی را دارد.
  + ۲)	بخش ۲ در انتهای خود هر دو نوع ماهیچهٔ صاف و اسکلتی را دارد.
  - ۳)	بخش ۴ با ترشح نوعی شیره، موثرترین نقش را در تجزیة چربی‌ها دارد.
  + ۳)	بخش ۴ با ترشح نوعی شیره، مؤثرترین نقش را در تجزیهٔ چربی‌ها دارد.
  - ۴۲-	هنگامی که محتویات معده به بندارة بسته برخورد می‌کند، کدام گزینه رخ می‌دهد؟
  + ۴۲-	هنگامی که محتویات معده به بندارهٔ بسته برخورد می‌کند، کدام گزینه رخ می‌دهد؟
  - ۲) لایة ماهیچه‌ای آن در بخشی که قطورتر از نواحی دیگر است، انقباضات شدیدی دارد.
  + ۲) لایهٔ ماهیچه‌ای آن در بخشی که قطورتر از نواحی دیگر است، انقباضات شدیدی دارد.
  - ۳)	با باز شدن پیلور، ورود ناگهانی کیموس به رودة باریک موجب گشاد شدن دیوارة آن می‌شود.
  + ۳)	با باز شدن پیلور، ورود ناگهانی کیموس به رودهٔ باریک موجب گشاد شدن دیوارهٔ آن می‌شود.
  - الف: متخلخل بودن پوشش دو لایة هسته قاعده‌ای
  + الف: متخلخل بودن پوشش دو لایهٔ هسته قاعده‌ای
  - ۴۴-	کدام عبارت در ارتباط با کم تعدادترین یاخته‌های غدة رودة باریک انسان، درست است؟
  + ۴۴-	کدام عبارت در ارتباط با کم تعدادترین یاخته‌های غدهٔ رودهٔ باریک انسان، درست است؟
  - ۳)	وظیفة ترشح آنزیم‌های گوارشی را برعهده دارند.
  + ۳)	وظیفهٔ ترشح آنزیم‌های گوارشی را برعهده دارند.
  - ۴)	هستة گرد آن‌ها در مرکز یاخته قرار دارد.
  + ۴)	هستهٔ گرد آن‌ها در مرکز یاخته قرار دارد.
  - ۱)	در فاصله‌ای بسیار دور از بندارة پیلور قرار دارد.
  + ۱)	در فاصله‌ای بسیار دور از بندارهٔ پیلور قرار دارد.
  - ۴)	پایین تر از لوزالمعده (پانکراس) قرار دارد.
  + ۴)	پایین‌تر از لوزالمعده (پانکراس) قرار دارد.