[0]
  - -	با توجه به آزمایش‌های صورت گرفته برای شناسایی مولکول وراثتی، کدام مورد برای تکمیل عبارت زیر، نامناسب است؟
  + ۱-	با توجه به آزمایش‌های صورت‌گرفته برای شناسایی مولکول وراثتی، کدام مورد برای تکمیل عبارت زیر نامناسب است؟
[1]
  - «در مرحله یا مرحله‌هایی از آزمایش .........................، به‌طورحتم ............................. . »
  + «در مرحله یا مرحله‌هایی از آزمایش .........................، به‌طور حتم ............................. .»
[4]
  - ۳)	گریفیت، که مرگ باکتری مشاهده شد ـ دستگاه ایمنی جانور برای مبارزه با این باکتری ها وارد عمل شد.
  + ۳)	گریفیت، که مرگ باکتری مشاهده شد ـ دستگاه ایمنی جانور برای مبارزه با این باکتری‌ها وارد عمل شد.
[6]
  - پاسخ : گزینهٔ ۲ – متوسط 
  + پاسخ: گزینهٔ ۲ – متوسط
[7]
  - صورت سوال چی میگه؟ در کتاب درسی دو دانشمند برای ما معرفی شده است که با تحقیقات خود در پی کشف ماهیت مادهٔ وراثتی بوده‌اند. یکی گریفیت که اطلاعات اولیه را بدست آورد و یکی هم ایوری که ماهیت مادهٔ وراثتی را کشف کرد. 
  + صورت سؤال چی می‌گه؟ در کتاب درسی دو دانشمند معرفی شده‌اند که با تحقیقات خود در پی کشف ماهیت مادهٔ وراثتی بوده‌اند: یکی گریفیت که اطلاعات اولیه را به دست آورد و دیگری ایوری که ماهیت مادهٔ وراثتی را کشف کرد.
[8]
  - BioBits : دقت کنید پرسش پنجاه ساله که هنوز هم پژوهش ها برای پاسخ به آن ادامه دارد؛ پرسش « ژن چیست؟» می‌باشد وگرنه پژوهش ها برای پاسخ به « ماهیت مادهٔ وراثتی چیست؟» به پایان رسیده است.
  + BioBits: دقت کنید پرسشی که پس از پنجاه سال هنوز هم پژوهش‌ها برای پاسخ به آن ادامه دارد، پرسش «ژن چیست؟» است؛ وگرنه پژوهش‌ها برای پاسخ به «ماهیت مادهٔ وراثتی چیست؟» به پایان رسیده است.
[9]
  - بررسی گزینهٔ ضحیح : در مرحله یک و چهار تولید پوشینه مشاهده می‌شود. در مرحله ۴ باکتری بدون پوشینه پس از دریافت ژن باکتری پوشینه‌دار کشته شده و در‌ مرحله یک باکتری حاصل تولید مثل پوشینه تولید می‌کنند اما تنها در مرحله چهار باکتری بدون پوشینه، پوشینه‌دار می‌شود.
  + بررسی گزینهٔ صحیح: در مرحله‌های ۱ و ۴ تولید پوشینه مشاهده می‌شود. در مرحلهٔ ۴ باکتری بدون پوشینه پس از دریافت ژن باکتری پوشینه‌دارِ کشته‌شده و در مرحلهٔ ۱ باکتری‌های حاصل از تولیدمثل، پوشینه تولید می‌کنند؛ اما تنها در مرحلهٔ ۴ باکتری بدون پوشینه، پوشینه‌دار می‌شود.
[10]
  - : Biokey پوشینه در باکتری‌ها ساختاری پلی ساکاریدی است که یاخته را احاطه کرده و تنها در برخی یاخته‌های پروکاریوتی مشاهده می‌شود.
  + Biokey: پوشینه در باکتری‌ها ساختاری پلی‌ساکاریدی است که یاخته را احاطه کرده و تنها در برخی یاخته‌های پروکاریوتی مشاهده می‌شود.
[11]
  - بررسی سایر گزینه‌ها : 
  + بررسی سایر گزینه‌ها:
[12]
  - ۱) در آزمایش اول ایوری تنها از آنزیم پروتئاز استفاده شد. دقت کنید در مرحله دوم از آنزیم استفاده نشد و در مرحله سوم هم علاوه بر پروتئاز از انزیم‌های دیگری نیز استفاده شد. در مرحله اول طبق مان کتاب تمامی پروتئین‌های عصارهٔ باکتری تجزیه شدند.
  + ۱) در آزمایش اول ایوری تنها از آنزیم پروتئاز استفاده شد. دقت کنید در آزمایش دوم از آنزیم استفاده نشد و در آزمایش سوم هم علاوه بر پروتئاز از آنزیم‌های دیگری نیز استفاده شد. در آزمایش اول طبق متن کتاب، تمامی پروتئین‌های عصارهٔ باکتری تجزیه شدند.
[13]
  - : Bioboost دقت کنید اگر بگه تمامی پروتئین‌های موجود در ظرف آزمایش غلط است زیرا خود پروتئاز پروتئینی است و تجزیه نمی‌شود.
  + Bioboost: دقت کنید اگر بگوید «تمامی پروتئین‌های موجود در ظرف آزمایش»، نادرست است؛ زیرا خود پروتئاز پروتئین است و تجزیه نمی‌شود.
[14]
  - ۳) مرگ باکتری در مراحل دو و سه و چهار مشاهده شد .در مرحله یک بر اثر سسستم ایمنی بدن موش ، مرحله سه به دلیل حرارت و مرحله چهار به هردو دلیل. دقت کنید در هر چهار مرحله سیستم ایمنی موش وارد عمل می‌شود حالا در مراحلی که موش زنده مانده موفق است و در سایر مراحل ناموفق.
  + ۳) مرگ باکتری در مرحله‌های ۲، ۳ و ۴ مشاهده شد: در مرحلهٔ ۲ بر اثر دستگاه ایمنی بدن موش، در مرحلهٔ ۳ به دلیل حرارت و در مرحلهٔ ۴ به هر دو دلیل. دقت کنید در هر چهار مرحله دستگاه ایمنی موش وارد عمل می‌شود؛ در مراحلی که موش زنده مانده موفق و در سایر مراحل ناموفق است.
[15]
  - : BioBits دقت کنید در مرحله چهار باکتری کشته شده پوشینه دار بر اثر حرارت و باکتری های بدون پوشینه‌ای که پوشینه دار نشده اند بر اثر سیستم ایمنی موش می‌میرند
  + BioBits: دقت کنید در مرحلهٔ ۴، باکتری‌های پوشینه‌دار بر اثر حرارت و باکتری‌های بدون پوشینه‌ای که پوشینه‌دار نشده‌اند بر اثر دستگاه ایمنی موش می‌میرند.
[16]
  - ۴) در مرحله دو انتقال صفت از میان ظروف تنها در ظرف حاوی دنا صورت گرفت. در مرحله دو اثبات شد دنا ماده وراثتی است اما چون هنوز مورد قبول عده‌ای نبود در مرحله شه هم مجدداً اثبات شد.
  + ۴) در آزمایش دوم، انتقال صفت از میان ظروف تنها در ظرف حاوی دنا صورت گرفت. در این آزمایش اثبات شد دنا مادهٔ وراثتی است، اما چون هنوز مورد قبول عده‌ای نبود، در آزمایش سوم هم مجدداً اثبات شد.
[17]
  - : Biogold در مرحله دوم ظرفی که حاوی دنا بود درست است نه ظرفی که حاوی نوکلئیم اسید است. 
  + Biogold: در آزمایش دوم، «ظرفی که حاوی دنا بود» درست است، نه «ظرفی که حاوی نوکلئیک اسید است».
[T19:1]
  - ۲)	در بخش ۲، تعداد بازهای آلی نیتروژن‌دار پورینی و پیریمیدینی در رشته‌های دنای جاندارن، به‌طور حتم برابر است.
  + ۲)	در بخش ۲، تعداد بازهای آلی نیتروژن‌دار پورینی و پیریمیدینی در رشته‌های دنای جانداران، به‌طور حتم برابر است.
[T19:2]
  - ۳)	در بخش ۳ با تشکیل دو پیوند قند-فسفات، پیوندی میان قند دو نوکلئوتید برقرار می‌شود.
  + ۳)	در بخش ۳ با تشکیل دو پیوند قند ـ فسفات، پیوندی میان قند دو نوکلئوتید برقرار می‌شود.
[T19:4]
  - پاسخ : گزینهٔ  ۴ – دشوار 
  + پاسخ: گزینهٔ ۴ – دشوار
[T19:5]
  - صورت سوال چی میگه؟ تصویری که ویلکینز و فزانکلین با استفاده از پرتوی ایکس از دنا تهیه کردند. طبق تصویر و مفاهیم بخش ۱ پیوند هیدروژنی ، بخش ۲باز آلی نیتروژن دار ، بخش ۳ ستون رشته دنا زا نشان می‌دهد.
  + صورت سؤال چی می‌گه؟ تصویری است که ویلکینز و فرانکلین با استفاده از پرتو ایکس از دنا تهیه کردند. طبق تصویر و مفاهیم، بخش ۱ پیوند هیدروژنی، بخش ۲ باز آلی نیتروژن‌دار و بخش ۳ ستون رشتهٔ دنا را نشان می‌دهد.
[T19:6]
  - BioBits : دقت کنید ویلکینز و فرانکلین گفتند دنا بیش از یک رشته دارد و مارپیچ است و همچنین ابعاد آن را نیز اندازه گیری کردند.
  + BioBits: دقت کنید ویلکینز و فرانکلین نشان دادند دنا بیش از یک رشته دارد و مارپیچ است و همچنین ابعاد آن را نیز اندازه‌گیری کردند.
[T19:7]
  - بررسی گزینهٔ صحیح : می‌دانیم پیوند هیدروژنی بین بازهای آلی به صورت اختصاصی بین جفت بازهای مکمل تشکیل شده و باعث می‌شود دو رشته کنار هم باقی بمانند.
  + بررسی گزینهٔ صحیح: می‌دانیم پیوند هیدروژنی به صورت اختصاصی بین جفت‌بازهای مکمل تشکیل شده و باعث می‌شود دو رشته کنار هم باقی بمانند.
[T19:8]
  - : Biokey دقت کنید باز آلی سیتوزین با گوانین و آدنین با تیمین مکمل است همچنین می‌دانیم بین سیتوزین و گوانین به نسسبت آدنین و تیمین پیوند هیدروژنی بیشتری وجود دارد. 
  + Biokey: دقت کنید باز آلی سیتوزین با گوانین و آدنین با تیمین مکمل است؛ همچنین می‌دانیم بین سیتوزین و گوانین نسبت به آدنین و تیمین پیوند هیدروژنی بیشتری وجود دارد.
[T19:9]
  - بررسی سایر گزینه‌ها : 
  + بررسی سایر گزینه‌ها:
[T19:10]
  - ۱) در بازهای آلی عنصر نیتروژن وجود دارد که علاوه بر نوکلئیک اسیدها در ساختار پروتئین‌ها هم مشاهده می‌شود.
  + ۱) در بازهای آلی عنصر نیتروژن وجود دارد که علاوه بر نوکلئیک اسیدها در ساختار پروتئین‌ها هم مشاهده می‌شود.
[T19:11]
  - Biokey : دقت کنید نیترژون در نوکلئیک اسیدها و پروتئین‌ها و فسفر در نوکلئیک اسیدها و فسفولیپید و برخی پروتئین‌های گیاهی وجود دارد.
  + Biokey: دقت کنید نیتروژن در نوکلئیک اسیدها و پروتئین‌ها، و فسفر در نوکلئیک اسیدها، فسفولیپیدها و برخی پروتئین‌های گیاهی وجود دارد.
[T19:12]
  - ۲) دقت کنید در مولکول دنا تعداد باز آلی پورین و پیریمیدن باهم برابر است اما در هر رشته اینگونه نیست و اصلا علت برابری در کل مولکول دنا هم دو رشته‌ای بودن آن است.
  + ۲) دقت کنید در مولکول دنا تعداد بازهای آلی پورین و پیریمیدین با هم برابر است، اما در هر رشته این‌گونه نیست و اصلاً علت برابری در کل مولکول دنا هم دورشته‌ای بودن آن است.
[T19:13]
  - Bioboost  : در مولکول دنا آدنین قا تیمین برابره و گوانین با سیتوزین پس درنتیجه مجموع ادنین و گوانین که میشه بازهای آلی پورین با سیتوزین وتیمین که میشه بازهای آلی پیریمیدین باعم برابر است.
  + Bioboost: در مولکول دنا آدنین با تیمین و گوانین با سیتوزین برابر است؛ در نتیجه مجموع آدنین و گوانین (بازهای پورینی) با مجموع سیتوزین و تیمین (بازهای پیریمیدینی) برابر است.
[T19:14]
  - ۳) دقت کنید در ساختار رشتهٔ پلی نوکلئوتیدی در بخش ستون‌ها پیوند فسفودی استر وجود دارد که شامل دو پیوند قند- فسفات یا فسفواستر است. برای تشکیل پیوند فسقودی استر یکی از این پیوندها در ساختار نوکلئوعید جدید هست و دیگری باید بین فسفات نوکلئوتید قدیم و قند نوکلئوتید جدید تشکیل شود. پس لفظ تشکیل دو پیوند نادرست است.
  + ۳) دقت کنید در ستون‌های رشتهٔ پلی‌نوکلئوتیدی پیوند فسفودی‌استر وجود دارد که شامل دو پیوند قند ـ فسفات (فسفواستر) است. برای تشکیل پیوند فسفودی‌استر، یکی از این پیوندها از قبل در ساختار نوکلئوتید جدید وجود دارد و دیگری باید بین فسفات نوکلئوتید جدید و قند نوکلئوتید قبلی تشکیل شود؛ پس عبارت «تشکیل دو پیوند» نادرست است.
[T19:15]
  - Biogold : دقت کنید پیوند فسفودی استر بین قند دو نوکلئوتید است اما برای تشکیل نیاز به تنها تشکیل یک قند فسفات می‌باشد.
  + Biogold: دقت کنید پیوند فسفودی‌استر بین قند دو نوکلئوتید است، اما برای تشکیل آن تنها تشکیل یک پیوند قند ـ فسفات لازم است.
[21]
  - ۳-	با توجه با اطلاعات کتاب درسی، کدام مورد جز مهم‌ترین عوامل موثر در فرایند همانندسازی نیست؟
  + ۳-	با توجه به اطلاعات کتاب درسی، کدام مورد جزو مهم‌ترین عوامل مؤثر در فرایند همانندسازی نیست؟
[23]
  - ۲)	نوعی بسپار زیستی که با وجود شرکت در واکنش، در پایان دست‌نخورده باقی می‌مانند.
  + ۲)	نوعی بسپار زیستی که با وجود شرکت در واکنش، در پایان دست‌نخورده باقی می‌ماند.
[24]
  - ۳)	شکل رایج انرژی در یاخته که انرژی لازم برای ساخت نسخة مکمل الگو را فراهم می‌کند.
  + ۳)	شکل رایج انرژی در یاخته که انرژی لازم برای ساخت نسخهٔ مکمل الگو را فراهم می‌کند.
[25]
  - ۴)	نوکلئوتیدهای سه‌فسفاتة یاخته که در لحظة اتصال به رشتة درحال ساخت، دو فسفات خود را از دست می‌دهند.
  + ۴)	نوکلئوتیدهای سه‌فسفاتهٔ یاخته که در لحظهٔ اتصال به رشتهٔ در حال ساخت، دو فسفات خود را از دست می‌دهند.
[26]
  - پاسخ : گزینه ۳ ـ آسان
  + پاسخ: گزینهٔ ۳ – آسان
[27]
  - صورت سؤال چه می‌گوید؟ متن کتاب می‌گوید نوکلئوتیدها به عنوان واحد سازنده، DNA به عنوان مولکول الگو و آنزیم‌های انجام‌دهنده همانندسازی، مهم‌ترین عوامل کوثر در این فرایند هستند و حرفی از ATP نمی‌زند.
  + صورت سؤال چی می‌گه؟ متن کتاب می‌گوید نوکلئوتیدها به‌عنوان واحد سازنده، دنا به‌عنوان مولکول الگو و آنزیم‌های انجام‌دهندهٔ همانندسازی، مهم‌ترین عوامل مؤثر در این فرایند هستند و حرفی از ATP نمی‌زند.
[28]
  - بررسی گزینه ۳:⏎گزینه ۳: می‌دانیم نوکلئوتیدهای سه‌فسفاته به دلیل داشتن دو پیوند بین فسفات‌های خود، منابع انرژی ساخته‌شده هستند که از این بین آدنوزین تری‌فسفات یا ATP مهم‌ترین و رایج‌ترین آن‌هاست. که جزء مهم‌ترین عوامل در کتاب معرفی نشده است.
  + بررسی گزینهٔ پاسخ: می‌دانیم نوکلئوتیدهای سه‌فسفاته به دلیل داشتن دو پیوند بین فسفات‌های خود، منابع انرژی یاخته هستند که از این میان آدنوزین تری‌فسفات یا ATP مهم‌ترین و رایج‌ترین آن‌هاست؛ اما ATP در کتاب جزو مهم‌ترین عوامل همانندسازی معرفی نشده است.
[29]
  -  BioKey: دقت کنید انرژی لازم برای تشکیل فسفودی‌استر از جدا کردن دو فسفات نوکلئوتید سه‌فسفات آزاد به صورت همزمان است و نیازی به مصرف ATP نیست.
  + BioKey: دقت کنید انرژی لازم برای تشکیل پیوند فسفودی‌استر از جدا شدن دو فسفات نوکلئوتید سه‌فسفاتهٔ آزاد به صورت هم‌زمان تأمین می‌شود و نیازی به مصرف ATP نیست.
[30]
  - بررسی سایر گزینه‌ها:
  + بررسی سایر گزینه‌ها:
[31]
  - ۱- DNA نوعی نوکلئیک اسید شامل دو رشته پلی‌نوکلئوتیدی است که به دور محور فرضی پیچیده است. این دو رشته توسط پیوند هیدروژنی بین نوکلئوتیدهای مکمل به هم متصل شده‌اند.
  + ۱- DNA نوعی نوکلئیک اسید شامل دو رشتهٔ پلی‌نوکلئوتیدی است که به دور محوری فرضی پیچیده شده‌اند. این دو رشته توسط پیوند هیدروژنی بین نوکلئوتیدهای مکمل به هم متصل شده‌اند.
[32]
  -  BioBits: دقت کنید هم DNA و هم RNA به دور محور فرضی پیچیده شده‌اند.
  + BioBits: دقت کنید هم DNA و هم RNA به دور محوری فرضی پیچیده شده‌اند.
[33]
  - ۲- آنزیم‌ها با وجود اینکه در واکنش شرکت می‌کنند اما در آن مصرف نمی‌شوند و در پایان واکنش دست‌نخورده باقی می‌مانند.
  + ۲- آنزیم‌ها با وجود اینکه در واکنش شرکت می‌کنند، در آن مصرف نمی‌شوند و در پایان واکنش دست‌نخورده باقی می‌مانند.
[34]
  -  BioBits: اما دقت کنید چون آنزیم‌ها به مرور از بین می‌روند همچنان یاخته به مقدار کمی به تولید آنزیم نیاز دارد اما چون مصرف نمی‌شود مقدار کمی آنزیم نیاز است تا مقدار زیادی پیش‌ماده را به فرآورده تبدیل کند.
  + BioBits: اما دقت کنید چون آنزیم‌ها به مرور از بین می‌روند، یاخته همچنان به تولید مقدار کمی آنزیم نیاز دارد؛ و چون مصرف نمی‌شوند، مقدار کمی آنزیم می‌تواند مقدار زیادی پیش‌ماده را به فراورده تبدیل کند.
[35]
  - ۴- همان‌طور که گفتیم نوکلئوتیدهای آزاد سه‌فسفاته در داخل ساخته به عنوان پیش‌ماده برای همانندسازی هستند که در حین اتصال به رشته درحال ساخت دو فسفات خود را از دست می‌دهند.
  + ۴- همان‌طور که گفتیم، نوکلئوتیدهای آزاد سه‌فسفاتهٔ داخل یاخته پیش‌مادهٔ همانندسازی هستند که در حین اتصال به رشتهٔ در حال ساخت، دو فسفات خود را از دست می‌دهند.
[36]
  -  BioBoost: دقت کنید دنابیسار در فعالیت بسیار خود هم همانند فعالیت گلوتاز توانایی شکستن پیوند اشتراکی را دارد. این پیوند همان پیوند بین فسفاتی است که همزمان با تشکیل فسفودی‌استر شکسته می‌شود.
  + BioBoost: دقت کنید دنابسپاراز در فعالیت بسپارازی خود هم، همانند فعالیت نوکلئازی، توانایی شکستن پیوند اشتراکی را دارد. این پیوند همان پیوند بین فسفات‌هاست که هم‌زمان با تشکیل فسفودی‌استر شکسته می‌شود.
[39]
  - ۱)	درابتدای همانند سازی دنا باز شدن پیچ و تاب فامینه پیش از بازشدن مارپیچ دنا رخ می‌دهد.
  + ۱)	در ابتدای همانندسازی دنا، باز شدن پیچ‌وتاب فامینه پیش از باز شدن مارپیچ دنا رخ می‌دهد.
[41]
  - ۳)	در یک دوراهی همانند سازی، عملکرد دنابسپاراز‌ها پس از آغاز فعالیت آنزیم‌های هلیکاز شروع می‌شود.
  + ۳)	در یک دوراهی همانندسازی، عملکرد دنابسپارازها پس از آغاز فعالیت آنزیم‌های هلیکاز شروع می‌شود.
[43]
  - پاسخ : گزینهٔ ۲ – متوسط
  + پاسخ: گزینهٔ ۲ – متوسط
[44]
  - بررسی گزینهٔ پاسخ : انواعی از آنزیم‌ها در ساخت رشتهٔ مکمل درمثابل رشتهٔ الگو نقش دارند که مهمترین آن‌ها دنابسپاراز است . این آنزیم نوکلئوتیدهای مکمل را در مقابل نوکلئونیدهای رشتهٔ الگو قرار می‌دهد  . این انزیم برای فعالیت بسپارازی و تکیل پیوندفسفودی استر همزمان باید پیوند پرانرژی بین فسفاتی را هم بشکند. 
  + بررسی گزینهٔ پاسخ: انواعی از آنزیم‌ها در ساخت رشتهٔ مکمل در مقابل رشتهٔ الگو نقش دارند که مهم‌ترین آن‌ها دنابسپاراز است. این آنزیم نوکلئوتیدهای مکمل را در مقابل نوکلئوتیدهای رشتهٔ الگو قرار می‌دهد و برای فعالیت بسپارازی و تشکیل پیوند فسفودی‌استر، هم‌زمان باید پیوند پرانرژی بین فسفات‌ها را هم بشکند.
[45]
  - BioBits : دقت کنید دنابسپاراز هم در فعالیت بسپاراز و هم نوکلئازی خود پیوند اشتراکی می‌شکند در بسپاراز پیوند بین فسفاتی و در نوکلئازی پیوند فسفودی استر 
  + BioBits: دقت کنید دنابسپاراز هم در فعالیت بسپارازی و هم در فعالیت نوکلئازی خود پیوند اشتراکی می‌شکند: در فعالیت بسپارازی پیوند بین فسفات‌ها و در فعالیت نوکلئازی پیوند فسفودی‌استر را.
[46]
  - بررسی سایر گزینه‌ها : 
  + بررسی سایر گزینه‌ها:
[47]
  - ۱) دقت کنید ابتدا باید پیچو تاب فامینه توسط آنزیم‌هایی باز شود و سپس هلیکاز مارپیچ ذنا را باز کند پس تا اینجا کاملا درست است اما دقت کنید باز کردن پیچ و تاب فامینه توسط انزیم‌هایی قبل از همانند سازی انجام می‌شود ولفظ ابتدای همانند سازی برای آن نادرست است.
  + ۱) دقت کنید ابتدا باید پیچ‌وتاب فامینه توسط آنزیم‌هایی باز شود و سپس هلیکاز مارپیچ دنا را باز کند؛ پس تا اینجا کاملاً درست است. اما دقت کنید باز کردن پیچ‌وتاب فامینه قبل از همانندسازی انجام می‌شود و عبارت «در ابتدای همانندسازی» برای آن نادرست است.
[48]
  - ۳)برای همانند سازی در یک محل ایت ا هلیکاز ها باید پیوند هیدروژنی را شکسته و دو رشته را از هم جدا کنند تا سپس فعالیت دنابسپاراز در محل های جدا شده اغاز شده و رشته مکمل در مقابل الگو ساخته شود بنابر این ابتدا هلیکاز اغاز کرده و سپس دنابسپاراز قعالیت میکند اما دقت کنید درهر دوراهی دودنابسپاراز وتنها یک هلیکاز فعالیت می‌کند پس لفظ آنزیم‌ها هلیکاز نادرست است.
  + ۳) برای همانندسازی در یک محل، ابتدا هلیکازها باید پیوند هیدروژنی را شکسته و دو رشته را از هم جدا کنند تا سپس فعالیت دنابسپاراز در محل‌های جداشده آغاز شود و رشتهٔ مکمل در مقابل الگو ساخته شود؛ بنابراین ابتدا هلیکاز آغاز به کار کرده و سپس دنابسپاراز فعالیت می‌کند. اما دقت کنید در هر دوراهی دو دنابسپاراز و تنها یک هلیکاز فعالیت می‌کند؛ پس عبارت «آنزیم‌های هلیکاز» نادرست است.
[49]
  -  Biokey: در هنگام همانندسازی دردنای اولیه دومحل وجود دارد: 
  + Biokey: هنگام همانندسازی، در دنای اولیه دو محل وجود دارد:
[50]
  - بخش‌های جدا شده .
  + بخش‌های جداشده؛
[51]
  - بخش‌هایی که هنوز جدا نشده است.
  + بخش‌هایی که هنوز جدا نشده‌اند.
[52]
  - سوال اینه که پس بخش‌هایی که همانند سازیشون انجام شده چی ؟ اونا دیگه جزو دنای جدید هستند.
  + سؤال اینه که پس بخش‌هایی که همانندسازی‌شان انجام شده چی؟ آن‌ها دیگر جزو دنای جدید هستند.
[53]
  - ۴) دقت کنید مراحل همانند سازی این چنین است : 
  + ۴) دقت کنید مراحل همانندسازی این چنین است:
[54]
  - ۱- شکستن پیوند هیدروژنی 
  + ۱- شکستن پیوند هیدروژنی
[55]
  - ۲- تشکیل پیوند هیدروژنی 
  + ۲- تشکیل پیوند هیدروژنی
[56]
  - ۳- تشکیل پیوند فسفودی استر 
  + ۳- تشکیل پیوند فسفودی‌استر
[57]
  - ینابر این ابتدا باید هیدروژنی شکسته شود اما دقت کنید شکسته شدن هیدروژنی درمخل دو راهی اتفاق می‌افتد نه دربین دو راهی . 
  + بنابراین ابتدا باید پیوند هیدروژنی شکسته شود؛ اما دقت کنید شکسته شدن پیوند هیدروژنی در محل دوراهی اتفاق می‌افتد، نه در بین دو دوراهی.
[58]
  - BioBoost : در حباب هنانند سازی ما دو محل داریم: 
  + BioBoost: در حباب همانندسازی دو محل داریم:
[59]
  - محل دوراهی : فعالیت هلیکاز = پیوند هیدروژنی درحال شکسته شدن و دو رشته درحال از هم گسیخته شدن
  + محل دوراهی: فعالیت هلیکاز = پیوند هیدروژنی در حال شکسته شدن و دو رشته در حال جدا شدن از هم؛
[60]
  - در بین دو راهی های همانند سازی : فعالیت دنابسپاراز = پیوند هیدروژنی شکسته شده و دو رشته گسیخته شده است و الان پیوند فسفودی استر درحال تشکیل است.
  + بین دو دوراهی همانندسازی: فعالیت دنابسپاراز = پیوند هیدروژنی شکسته شده، دو رشته از هم جدا شده‌اند و اکنون پیوند فسفودی‌استر در حال تشکیل است.
[62]
  - «هر مولکول نوکلئوتیدی که حول محور فرضی پیچیده شده است و در ............... قرار دارد ............... .»
  + «هر مولکول نوکلئوتیدی که حول محوری فرضی پیچیده شده است و در ............... قرار دارد، ............... .»
[63]
  - ۱)	هسته ـ به‌طورحتم دو سر متفاوت دارد
  + ۱)	هسته ـ به‌طور حتم دو سر متفاوت دارد
[64]
  - ۲)	هسته ـ از واحدهای سه بخشی تشکیل شده است
  + ۲)	هسته ـ از واحدهای سه‌بخشی تشکیل شده است
[65]
  - ۳)	سیتوپلاسم - هر پیوند قند-فسفات، جزئی از پیوند فسفودی‌استر است
  + ۳)	سیتوپلاسم ـ هر پیوند قند ـ فسفات، جزئی از پیوند فسفودی‌استر است
[66]
  - ۴)	سیتوپلاسم، به صورت خطی - به‌طور حتم از یک رشتة پلی‌نوکلئوتیدی تشکیل شده است
  + ۴)	سیتوپلاسم، به صورت خطی ـ به‌طور حتم از یک رشتهٔ پلی‌نوکلئوتیدی تشکیل شده است
[67]
  - پاسخ : گزینهٔ ۲ – متوسط 
  + پاسخ: گزینهٔ ۲ – متوسط
[68]
  - صورت سوال چی میگه؟ دنا و رنا هردو مولکول‌های نوکلئوتیدی هستند که به دور محور فرضی پیچیده اند و مارپیچ هستند . در هسته دنای خطی و رنا که همواره خطی است مشاهده می‌شود. در سیتوپلاسم عم دنای ، حلقوی، رنا که همواره خطی است و همچنین دنای خطی در هنگام همانندسازی دنای خلقوی نیز مشاهده می‌شود ‌
  + صورت سؤال چی می‌گه؟ دنا و رنا هر دو مولکول‌های نوکلئوتیدی هستند که به دور محوری فرضی پیچیده و مارپیچ‌اند. در هسته، دنای خطی و رنا (که همواره خطی است) مشاهده می‌شود. در سیتوپلاسم هم دنای حلقوی، رنا (که همواره خطی است) و همچنین دنای خطی در هنگام همانندسازی دنای حلقوی مشاهده می‌شود.
[69]
  - : Biogold دقت کنید در هنگام همانند سازی دنای حلقوی ما می‌توانیم تا قبل از تکمیل همانند سازی دنای خطی نیز مشاهده کنیم. 
  + Biogold: دقت کنید در هنگام همانندسازی دنای حلقوی، تا قبل از تکمیل همانندسازی می‌توانیم دنای خطی نیز مشاهده کنیم.
[70]
  - بررسی گزینهٔ پاسخ : هر مولکول نوکلئوتیدی از نوکلئوتید ساخته شده که نوعی زیزواحد سه بخشی است و از سه بخش قند پ باز آلی و گروه فسفات تشکیل شده است.
  + بررسی گزینهٔ پاسخ: هر مولکول نوکلئوتیدی از نوکلئوتید ساخته شده که نوعی زیرواحد سه‌بخشی است و از سه بخش قند، باز آلی و گروه فسفات تشکیل شده است.
[71]
  - بررسی سایر گزینه‌ها : 
  + بررسی سایر گزینه‌ها:
[72]
  - ۱) رشته پلی نوکلئوتید خطی دو سر متفاوت دارد یعنی رنا ، یک رشته دنای خطی دو شر متفاوت دارد و مولکول دنا پ رشته دنای خلقوی ندارند.
  + ۱) رشتهٔ پلی‌نوکلئوتیدی خطی دو سر متفاوت دارد؛ یعنی رنا و یک رشتهٔ دنای خطی دو سر متفاوت دارند، اما مولکول دنا و رشتهٔ دنای حلقوی چنین نیستند.
[73]
  - BioBoost : دقت کنید مولکول دنا از دو رشته تشکسل شده است که در دوجهت متفاوت قرارگرفته اند بنابر این یک مولکول دنا برخلاف یک رشته دنا دو سر یکسان دارد. 
  + BioBoost: دقت کنید مولکول دنا از دو رشته تشکیل شده است که در دو جهت متفاوت قرار گرفته‌اند؛ بنابراین یک مولکول دنا، برخلاف یک رشتهٔ دنا، دو سر یکسان دارد.
[74]
  - ۳) دقت کنید در مولکول خلقوی هر قند فسفات بخشی از فسفودی استر است اما در خطی نوکلئوتید ابتدایی قند فسفات ازاد دارد که جزو فسفودی استر نیست. 
  + ۳) دقت کنید در مولکول حلقوی هر پیوند قند ـ فسفات بخشی از فسفودی‌استر است، اما در مولکول خطی، نوکلئوتید ابتدایی پیوند قند ـ فسفات آزادی دارد که جزو فسفودی‌استر نیست.
[75]
  - ۴) مولکول دنای خطی که حین همانند سازی دیده می‌شود طبیعتا تک رشته ای نیست.
  + ۴) مولکول دنای خطی که حین همانندسازی دیده می‌شود، طبیعتاً تک‌رشته‌ای نیست.
[76]
  - ۶-	در کتاب درسی به رنا و انواع آن اشاره شده است، کدام مورد، دربارة فقط یکی از انواع آن درست است؟
  + ۶-	در کتاب درسی به رنا و انواع آن اشاره شده است؛ کدام مورد دربارهٔ فقط یکی از انواع آن درست است؟
[77]
  - ۱)	به جهت انجام فعالیت خود با برخی پروتیین‌ها مجاورت پیدا می‌کنند.
  + ۱)	به جهت انجام فعالیت خود با برخی پروتئین‌ها مجاورت پیدا می‌کند.
[78]
  - ۲)	با عبور از ساختاری چند وجهی به ماده زمینه‌ای سیتوپلاسم وارد می‌شود.
  + ۲)	با عبور از ساختاری چندوجهی به مادهٔ زمینه‌ای سیتوپلاسم وارد می‌شود.
[79]
  - ۳)	در حمل آمینواسید ها به سمت رناتن‌ها نقش دارد.
  + ۳)	در حمل آمینواسیدها به سمت رناتن‌ها نقش دارد.
[83]
  - پاسخ : گزینهٔ ۳ – متوسط 
  + پاسخ: گزینهٔ ۳ – متوسط
[85]
  - صورت سوال چی میگه؟ دقت کنید طبق متن کتاب رناها در یوکاریوت‌ها در ۴ نوع رنای رناتنی (tRNA)، رنای پیک (mRNA)، رنای ناقل (tRNA) و رناهای کوچک قرار می‌گیرند.
  + صورت سؤال چی می‌گه؟ دقت کنید طبق متن کتاب، رناها در یوکاریوت‌ها در ۴ نوع رنای رناتنی (rRNA)، رنای پیک (mRNA)، رنای ناقل (tRNA) و رناهای کوچک قرار می‌گیرند.
[86]
  - BioBits : دقت کنید رنا‌های کوچک مختص یوکاریوت‌ها هستند و در پروکاریوت‌ها مشاهده نمی‌شوند.
  + BioBits: دقت کنید رناهای کوچک مختص یوکاریوت‌ها هستند و در پروکاریوت‌ها مشاهده نمی‌شوند.
[87]
  - بررسی گزینهٔ جواب : تمام رناها با عبور از منفذ هسته (ساختار های هشت وجهی هستند) به ماده زمیه سیتوپلاسم وارد می‌شوند.
  + بررسی گزینهٔ پاسخ: رنای ناقل (tRNA) آمینواسیدها را برای استفاده در پروتئین‌سازی به سمت رناتن‌ها می‌برد؛ این ویژگی فقط مربوط به یکی از انواع رناست.
[88]
  - بررسی سایر گزینه‌ها :
  + بررسی سایر گزینه‌ها:
[89]
  - ۱) همهٔ انواع رنا برای فعالیت خود با پروتئین‌ها مجاورت پیدا می‌کنند رنای رناتنی با پروتئین‌های رناتن، رنای ناقل با انزیم اقزاینده امینواسید به ان و رنای پیک هم با رناتن برای ترجمه.
  + ۱) همهٔ انواع رنا برای فعالیت خود با پروتئین‌ها مجاورت پیدا می‌کنند: رنای رناتنی با پروتئین‌های رناتن، رنای ناقل با آنزیم افزایندهٔ آمینواسید به آن و رنای پیک هم با رناتن برای ترجمه.
[90]
  - Biokey : دقت کنید در هسته رناتن تشکیل نمی‌شود بلکه زیرواحد‌های آن ساخته می‌شود و تشکیل رناتن جلوتر و هنگام ترجمه در سیتوپلاسم است. 
  + Biokey: دقت کنید در هسته رناتن تشکیل نمی‌شود، بلکه زیرواحدهای آن ساخته می‌شوند و تشکیل رناتن بعداً و هنگام ترجمه در سیتوپلاسم است.
[91]
  - ۲)tRNA ، آمینواسیدها را برای استفاده در پروتئین سازی به سمت رناتن ها می‌برد.
  + ۲) همهٔ رناها با عبور از منفذ هسته (ساختارهای هشت‌وجهی) به مادهٔ زمینه‌ای سیتوپلاسم وارد می‌شوند؛ پس این ویژگی مختص یک نوع رنا نیست.
[92]
  - ۴) برخی انواع رنا خاصیت آنزیمی دارد مثل rRNA ها که رنای با خاصیت آنزیمی هستند.اما فقط این نیست ما میدانیم انواعی رنا نقش انزیمی دارد مثلا از نظر علمی برخی رناهای کوچک هم این نقش را دارند.
  + ۴) برخی انواع رنا خاصیت آنزیمی دارند؛ مثل rRNAها که رنای با خاصیت آنزیمی هستند. اما فقط این نوع نیست؛ می‌دانیم انواع دیگری از رنا هم نقش آنزیمی دارند؛ مثلاً از نظر علمی برخی رناهای کوچک هم این نقش را دارند.
[93]
  - BioBoost : دقت کنید آنزیم‌ها اغلب پروتئینی و برخی از جنس رنا هستند. آنزیم‌های با جنس زتا همواره درون سلول فعالیت می‌کنند اما آنزیم‌های پروتئینی می‌توانند درون سلولی، برون سلولی یا غشایی باشند.
  + BioBoost: دقت کنید آنزیم‌ها اغلب پروتئینی و برخی از جنس رنا هستند. آنزیم‌های از جنس رنا همواره درون یاخته فعالیت می‌کنند، اما آنزیم‌های پروتئینی می‌توانند درون‌یاخته‌ای، برون‌یاخته‌ای یا غشایی باشند.
[99]
  - «در جاندارانی که ژنوم آنها در ............... بخش از یاخته قرار گرفته است، ................ .»
  + «در جاندارانی که ژنوم آن‌ها در ............... بخش از یاخته قرار گرفته است، ................ .»
[101]
  - ۲)	دو ـ طول رشتة پلی نوکلئوتیدی تولیدی توسط هر آنزیم دنابسپاراز براساس شرایط یاخته تغییر می‌کند
  + ۲)	دو ـ طول رشتهٔ پلی‌نوکلئوتیدی تولیدی توسط هر آنزیم دنابسپاراز براساس شرایط یاخته تغییر می‌کند
[104]
  - پاسخ : گزینهٔ ۱ – متوسط 
  + پاسخ: گزینهٔ ۱ – متوسط
[105]
  - صورت سوال چی میگه؟ یک یاخته یوکاریوتی شامل سه بخش کلی هسته، شیتوپلاسم وغشای یاخته است که مولکول دنا را در هسته و سیتوپلاسم ان می‌توانیم مشاهده کنیم اما در پروکاریوت ها یاخته دو بخش کلی به نام غشا و سیتوپلاسم داذد ومولکول دنا هم تنهادر سیتوپلاسم مشاهده می‌شود بنابر این گزینهٔ ۱و۴ به پزوکاریوت وگزینهٔ ۱و۳ به یوکاریوت اشاره دارد.
  + صورت سؤال چی می‌گه؟ یک یاختهٔ یوکاریوتی شامل سه بخش کلی هسته، سیتوپلاسم و غشای یاخته است که مولکول دنا را در هسته و سیتوپلاسم آن می‌توانیم مشاهده کنیم؛ اما در پروکاریوت‌ها یاخته دو بخش کلی به نام غشا و سیتوپلاسم دارد و مولکول دنا هم تنها در سیتوپلاسم مشاهده می‌شود. بنابراین گزینه‌های ۱ و ۴ به پروکاریوت و گزینه‌های ۲ و ۳ به یوکاریوت اشاره دارند.
[106]
  - بررسی گزینهٔ پاسخ: دقت کنید درسته که در دنای حلقوی تعداد فسفو دی استر به اندازه تعداد ن‌کلئوتیدها و در ذنای خطی تعداد فسفودی استر به تعداد رشته کمتر از تعداد توکلیوتیدهاست اما دقت کنید طبق مان کتاب هر دنای خطی چندین برابر دنای حلقوی است بنابر این تعداد نوکلئوتید و تعداد فیفودی استر بیشتری هم دارد.
  + بررسی گزینهٔ پاسخ: دقت کنید درست است که در دنای حلقوی تعداد پیوندهای فسفودی‌استر به اندازهٔ تعداد نوکلئوتیدها و در دنای خطی تعداد پیوندهای فسفودی‌استر به تعداد رشته‌ها کمتر از تعداد نوکلئوتیدهاست؛ اما طبق متن کتاب هر دنای خطی (فام‌تن یوکاریوتی) چندین برابر دنای حلقوی باکتری است؛ بنابراین تعداد نوکلئوتید و تعداد پیوند فسفودی‌استر بیشتری هم دارد.
[107]
  - BioBits : دقت کنید دنای هسته یوکاریوت برخلاف دنای سیتوپلاسم ان فام‌تن محسوب می‌شود.
  + BioBits: دقت کنید دنای هستهٔ یوکاریوت، برخلاف دنای سیتوپلاسمی آن، فام‌تن محسوب می‌شود.
[108]
  - بررسی سایر گزینه‌ها : 
  + بررسی سایر گزینه‌ها:
[109]
  - ۲) دقت کنید هر دنابسپاراز تنها بخشی از یک رشته پلی نوکلئوتیدی را می‌سازد در نتیجه برای ساخت یک مولکول دنا چندیدن دنابسپاراز فعالیت می‌کنند. حال هزچه تعداد حایگاه اغاز بیشتر شود تعداد دنابسپاراز ها هم بیشتر می‌شو اما طول دنا که تغییری نمیکند پس طول رشته پلی نوکلئوتیدی که هر دنابسپاراز می‌ساز نسبت به گذشته کمتر می‌شود . 
  + ۲) دقت کنید هر دنابسپاراز تنها بخشی از یک رشتهٔ پلی‌نوکلئوتیدی را می‌سازد؛ در نتیجه برای ساخت یک مولکول دنا چندین دنابسپاراز فعالیت می‌کنند. حال هرچه تعداد جایگاه‌های آغاز بیشتر شود، تعداد دنابسپارازها هم بیشتر می‌شود؛ اما طول دنا تغییری نمی‌کند، پس طول رشتهٔ پلی‌نوکلئوتیدی‌ای که هر دنابسپاراز می‌سازد نسبت به گذشته کمتر می‌شود.
[110]
  - Biokey :  می‌دانیم تعدادنقاط اغاز همانندسازی دریوکاریوت‌ها بسته به مزاحل رشد. و نمو یاخته تغییر می‌کند .
  + Biokey: می‌دانیم تعداد نقاط آغاز همانندسازی در یوکاریوت‌ها بسته به مراحل رشد و نمو یاخته تغییر می‌کند.
[111]
  - ۳) دقت کنید درسته دنای اصلی یوکاریوت‌ها در هسته ایت اما می‌تواند هنگام تقسیم در شیتوپلاسم مشاهده شود.
  + ۳) دقت کنید درست است که دنای اصلی یوکاریوت‌ها در هسته است، اما می‌تواند هنگام تقسیم در سیتوپلاسم مشاهده شود.
[112]
  - BioBoost : در تقسیم هسته غشای هسته تجزیه می‌شود و دنای اصلی یعنی دنای هسته‌ای همراه با پروتئین‌هایش می‌توانددر سیتوزول یا ماده زمینه‌ای سیتوپلاسم مشاهده شود.
  + BioBoost: در تقسیم هسته، غشای هسته تجزیه می‌شود و دنای اصلی، یعنی دنای هسته‌ای، همراه با پروتئین‌هایش می‌تواند در سیتوزول یا مادهٔ زمینه‌ای سیتوپلاسم مشاهده شود.
[113]
  - ۴) دقت کنید همانند سازی دنای حلقوی پس از الگوقرار گیری تمام نوکلئوتیدها هم پایان نمی‌یابد زیرا باید در مرحله اخر از حالت خطی به حلقوی تبدیل شود .
  + ۴) دقت کنید همانندسازی دنای حلقوی پس از الگو قرار گرفتن تمام نوکلئوتیدها هم پایان نمی‌یابد؛ زیرا باید در مرحلهٔ آخر از حالت خطی به حلقوی تبدیل شود.
[114]
  - BioBits : همانند سازی دنای خلقوی ۴ مرحله و دنای خطی سه مرحله دارد و تنها تفاوت ان ها مرخله چهارم دنای حلقوی است ک هبرای خلقوی شدن مشاهده می‌شود.
  + BioBits: همانندسازی دنای حلقوی ۴ مرحله و دنای خطی سه مرحله دارد و تنها تفاوت آن‌ها مرحلهٔ چهارم دنای حلقوی است که برای حلقوی شدن مشاهده می‌شود.
[116]
  - ۸-	چند مورد،  در بخش ۲ بیش‌تر از بخش ۱ است؟
  + ۸-	چند مورد در بخش ۲ بیشتر از بخش ۱ است؟
[T117:1]
  - ب: مشاهده‌ی نوکلئوتید یوراسیل‌دار در اطراف آنزیم پلیمراز
  + ب: مشاهدهٔ نوکلئوتید یوراسیل‌دار در اطراف آنزیم پلیمراز
[121]
  - پاسخ : گزینهٔ ۲ – دشوار 
  + پاسخ: گزینهٔ ۲ – دشوار
[122]
  - صورت سوال چی میگه؟ شکل همانند ساز یدنای یاخته درمرحله طویل شدن را نشان می‌دهد که میتواند اندازه دو حباب همانند سازی متغیر باشد. از ما مقایسه حباب هارا میخواهد. 
  + صورت سؤال چی می‌گه؟ شکل، همانندسازی دنای یاخته را در مرحلهٔ طویل شدن نشان می‌دهد که در آن اندازهٔ دو حباب همانندسازی می‌تواند متفاوت باشد. از ما مقایسهٔ حباب‌ها را می‌خواهد.
[123]
  - موارد ج و د به درستی بیان شده اند.
  + موارد «ج» و «د» به‌درستی بیان شده‌اند.
[124]
  - بررسی موارد درست : 
  + بررسی موارد درست:
[125]
  - ج : چون حباب کوچکتر است یعنی سرعت همانندیازی نیز کمتر یوده که می‌تواند یک دلیل آن فراوانی بیشتر باز الی سیتوزین باشد زیرا می‌دانیم بین سیتوزین و گوانین تعداد هیدروژنی بیشتری نسبت به ادنین و تیمین وجود دارد و شکستن ان انرژی و زمان بیشتری را نیاز دارد.
  + ج: چون حباب کوچک‌تر است، یعنی سرعت همانندسازی نیز کمتر بوده که یک دلیل آن می‌تواند فراوانی بیشتر باز آلی سیتوزین باشد؛ زیرا می‌دانیم بین سیتوزین و گوانین تعداد پیوند هیدروژنی بیشتری نسبت به آدنین و تیمین وجود دارد و شکستن آن انرژی و زمان بیشتری نیاز دارد.
[126]
  - د : چون فضای حباب کوچکتر است؛ نوکلئوتیدها فشردگی بیشتری دارند واحتمال برداشت نوکلئوتید اشتباه توسط دنابسپاراز بیشتر است.
  + د: چون فضای حباب کوچک‌تر است، نوکلئوتیدها فشردگی بیشتری دارند و احتمال برداشت نوکلئوتید اشتباه توسط دنابسپاراز بیشتر است.
[127]
  - بررسی موارد نادرست : 
  + بررسی موارد نادرست:
[128]
  - الف: خباب بزرگتر است و رشته تولیدی نیز بزرگتر. بنابر این نوکلئوتیدهای بیشتری تا به اینجا درجلیگاه فعال دنابسپاراز قرار گرفته اند تا رشته طویل تری ساخته شده. 
  + الف: حباب ۱ بزرگ‌تر است و رشتهٔ تولیدی نیز بزرگ‌تر؛ بنابراین نوکلئوتیدهای بیشتری تا اینجا در جایگاه فعال دنابسپاراز قرار گرفته‌اند تا رشتهٔ طویل‌تری ساخته شود.
[129]
  - ب : دقت کنید در اطراف دنابسپاراز ما می‌توانیم نوکلئوتید ریبوز دار و در نتیجه یوراسیل دار ببینیم که احتمال مشاهده در بخش ۱ بیشتر است زیرا فضای بزرگتری داشته و طبیعتا تعداد نوکلئوتیدهای بیشتر و متنوع‌تری دارد.
  + ب: دقت کنید در اطراف دنابسپاراز می‌توانیم نوکلئوتید ریبوزدار و در نتیجه یوراسیل‌دار ببینیم که احتمال مشاهدهٔ آن در بخش ۱ بیشتر است؛ زیرا فضای بزرگ‌تری داشته و طبیعتاً نوکلئوتیدهای بیشتر و متنوع‌تری دارد.
[131]
  - ۹-	در رابطه به آزمایش‌های مربوط به مادة ژنتیک یاخته کدام گزینه نادرست است؟
  + ۹-	در رابطه با آزمایش‌های مربوط به مادهٔ ژنتیک یاخته، کدام گزینه نادرست است؟
[132]
  - ۱)	گریفیت دریافت دنا می‌تواند به یاختة دیگری منتقل شود.
  + ۱)	گریفیت دریافت دنا می‌تواند به یاختهٔ دیگری منتقل شود.
[136]
  - پاسخ : گزینهٔ ۱ – متوسط 
  + پاسخ: گزینهٔ ۱ – متوسط
[137]
  - بررسی گزینهٔ پاسخ : دقت کنید درسته گریفیت دریافت ماده وراثتی می‌تواند از یاخته‌ای به یاخته دیکر منتقل شود اما نفعمید دنا ماده وراثتی است پس لفظ دنا نادرست است. 
  + بررسی گزینهٔ پاسخ: دقت کنید درست است که گریفیت دریافت مادهٔ وراثتی می‌تواند از یاخته‌ای به یاختهٔ دیگر منتقل شود، اما نفهمید دنا مادهٔ وراثتی است؛ پس لفظ «دنا» نادرست است.
[138]
  - بررسی سایر گزینه‌ها : 
  + بررسی سایر گزینه‌ها:
[139]
  - ۲) دقیقا  این جمله کنکور ۴۰۴ و کنکور نظام قذیم است که گریفیت اثبات کرد دنا ماده وراثتی است و به ان پایان داد. 
  + ۲) دقیقاً این جمله در کنکور ۱۴۰۴ و کنکور نظام قدیم آمده است که ایوری اثبات کرد دنا مادهٔ وراثتی است و به این بحث‌ها پایان داد.
[140]
  - BioBits : دقت کنید ان پرسشی که ۵۰ ساله دانشمندان قه دنبال پاسخ هستند و هنوز هم پژوهش ها ادامه دار پرسش ژن چیست مب‌باشد نه اینکه ماهیت ماده وراثتی چیست. 
  + BioBits: دقت کنید پرسشی که پنجاه سال است دانشمندان به دنبال پاسخ آن هستند و هنوز هم پژوهش‌ها ادامه دارد، پرسش «ژن چیست؟» است، نه اینکه «ماهیت مادهٔ وراثتی چیست؟».
[141]
  - ۳) واتسون و کریک رابسه مکملی بین بازها را بین کردند که با توجه به ان می‌تواند همانندسازی را تا حد زیادی توضیح داد به علاوه ان ها گقتند چون انرژی هر هیدروژنی کمه در موقع نیاز میتوان در برخی مناطق دو رشته دنا را از هم جدا کرد که موقع نیاز همانند سازی و رونویسی است. 
  + ۳) واتسون و کریک رابطهٔ مکملی بین بازها را بیان کردند که با توجه به آن می‌توان همانندسازی را تا حد زیادی توضیح داد. به علاوه آن‌ها گفتند چون انرژی هر پیوند هیدروژنی کم است، در موقع نیاز می‌توان در برخی مناطق دو رشتهٔ دنا را از هم جدا کرد؛ موقع نیاز یعنی همانندسازی و رونویسی.
[142]
  - ۴) دقت کنید ویلکینز و فرانکلین از دنا با استفاده از پرتو ایکس تصاویری تهیه کزدند که در این تصاویری نقاطه به شکل ایکس در وسط تصویر مشاهده می‌شود و نشان دهنده مارپیچ بودن مولکول دنا هستند . 
  + ۴) دقت کنید ویلکینز و فرانکلین با استفاده از پرتو ایکس از دنا تصاویری تهیه کردند که در این تصاویر نقاطی به شکل ایکس در وسط تصویر مشاهده می‌شود و نشان‌دهندهٔ مارپیچ بودن مولکول دنا هستند.
[145]
  - ۱۰-	چند مورد، ریبونوکلئیک اسید یک یاختة معدة انسان را از دئوکسی ریبونوکلئیک اسید هستة آن، متمایز می‌کند؟
  + ۱۰-	چند مورد، ریبونوکلئیک اسید یک یاختهٔ معدهٔ انسان را از دئوکسی‌ریبونوکلئیک اسید هستهٔ آن متمایز می‌کند؟
[149]
  - د: حداقل یکی از کربن‌های هرقند آن به گروه هیدروکسیل متصل است.
  + د: حداقل یکی از کربن‌های هر قند آن به گروه هیدروکسیل متصل است.
[152]
  - پاسخ : گزینهٔ ۴ – دشوار 
  + پاسخ: گزینهٔ ۴ – دشوار
[153]
  - صورت سوال چی میگه؟ سوال از ما پیژگی‌هاییی را می‌خواهد که درمورد رنا درست اما درمورد دنای خطی نادرست باشد.
  + صورت سؤال چی می‌گه؟ سؤال از ما ویژگی‌هایی را می‌خواهد که دربارهٔ رنا درست، اما دربارهٔ دنای خطی هسته نادرست باشد.
[154]
  - همهٔ موارد در این زمینه به درستی بیان شده اند. 
  + همهٔ موارد در این زمینه به‌درستی بیان شده‌اند.
[155]
  - بررسی موارد درست : 
  + بررسی موارد درست:
[156]
  - الف: رنا تک رشته ای است و دو انتهای متفاوت دارد اما مولکول دنا چون دو رشته است انتهای یکسان دارد و آن رشته دنای خطی است که دو انتهای متفاوت دارد. 
  + الف: رنا تک‌رشته‌ای است و دو انتهای متفاوت دارد، اما مولکول دنا چون دورشته‌ای است، دو انتهای یکسان دارد؛ این رشتهٔ دنای خطی است که دو انتهای متفاوت دارد.
[157]
  - ب. : بلکه در رنا محدودیتی نیست چون این مولکول دناست که دو رشته ای است و هر رشته باید با رشته مقابل مکمل باشد و محدودیت ایحاد می‌کند ‌.
  + ب: در رنا محدودیتی نیست؛ این مولکول دناست که دورشته‌ای است و هر رشتهٔ آن باید با رشتهٔ مقابل مکمل باشد و همین محدودیت ایجاد می‌کند.
[158]
  - ج: در مولکول نوکلئوتید خطی تعداد فسفودی استر به تعداد رشته ها از قند فسقات کمتر است که در رنا میشه یکی و در دنا میشه دوتا .
  + ج: در مولکول نوکلئوتیدی خطی، تعداد پیوندهای فسفودی‌استر به تعداد رشته‌ها از تعداد نوکلئوتیدها کمتر است که در رنا یکی و در دنا دوتا می‌شود.
[159]
  - د : دقت کنید قند یک نوکلئوتید ۵ کربن دارد مطابق شکل‌های زیر که کربن شمارهٔ ۲ در ریبوز به هیدروکسیل و در دئوکسی ریبوز به هیدروژن متصل است پس دررنا برخلاف دنا خداثل یک کربن به هیدروکسیل متضل می‌باشد. 
  + د: دقت کنید قند یک نوکلئوتید ۵ کربن دارد. مطابق شکل‌های زیر، کربن شمارهٔ ۲ در ریبوز به هیدروکسیل و در دئوکسی‌ریبوز به هیدروژن متصل است؛ پس در رنا، برخلاف دنا، حداقل یک کربن هر قند به هیدروکسیل متصل است.
[160]
  - : Biogold دقت کنید کربن یک یه باز الی ، کربن ۵ هم به فسفات و کربن ۴ هم به کربن هارج حلقه متصل است.کربن سماره ۳ در حالت ازاد نوکلئوتید به هیدروکسیل متصل است اما درزشته که قرار میگیرد هیدروکسیل را از دست داده و به فسقات متصل می‌شود و تنها نوکلئوتید اخر هر رشته همچنان هیدروکسیل متصل یه کربن شماره ۳ دارد. 
  + Biogold: دقت کنید کربن ۱ به باز آلی، کربن ۵ به فسفات و کربن ۴ هم به کربن خارج حلقه متصل است. کربن شمارهٔ ۳ در نوکلئوتید آزاد به هیدروکسیل متصل است، اما در رشته که قرار می‌گیرد، هیدروکسیل را از دست داده و به فسفات متصل می‌شود و تنها نوکلئوتید آخر هر رشته همچنان هیدروکسیلِ متصل به کربن شمارهٔ ۳ دارد.
[162]
  - ۱۱-	با فرض پذیرش هر سه طرح همانندسازی در آزمایش مزلسون و استال، کدام گزینه برای تکمیل عبارت زیر مناسب است؟
  + ۱۱-	با فرض پذیرش هر سه طرح همانندسازی در آزمایش مزلسون و استال، کدام گزینه برای تکمیل عبارت زیر مناسب است؟
[163]
  - «طرح همانندسازی که دنای جدید حاصل الگو قرارگیری ............... دنای اولیه است، .............. .»
  + «طرح همانندسازی‌ای که دنای جدید، حاصل الگو قرار گرفتن ............... دنای اولیه است، .............. .»
[164]
  - ۱)	تمام ـ در دقیقه ۴۰ خطوط هم‌قطر با بیشترین فاصله در محلول قرار می‌گیرند
  + ۱)	تمام ـ در دقیقهٔ ۴۰ خطوط هم‌قطر با بیشترین فاصله در محلول قرار می‌گیرند
[165]
  - ۲)	تمام ـ در دقیقه ۲۰  خطی که پایین‌تر قرار می‌گیرد، ضخامت بیشتری خواهد داشت
  + ۲)	تمام ـ در دقیقهٔ ۲۰ خطی که پایین‌تر قرار می‌گیرد، ضخامت بیشتری خواهد داشت
[166]
  - ۳)	بخشی از ـ در دقیقه ۴۰  دناهایی که مسافت بیشتری طی کرده‌اند، وزن مولکولی کمتری دارند
  + ۳)	بخشی از ـ در دقیقهٔ ۴۰ دناهایی که مسافت بیشتری طی کرده‌اند، وزن مولکولی کمتری دارند
[167]
  - ۴)	بخشی از ـ در دقیقه ۲۰ خطی که در وسط قرار می‌گیرد، نسبت به خطی در مرحله‌ی بعدی پایین تر می‌باشد
  + ۴)	بخشی از ـ در دقیقهٔ ۲۰ خطی که در وسط قرار می‌گیرد، نسبت به خطی در مرحلهٔ بعدی پایین‌تر است
[169]
  - پاسخ: گزینهٔ ۴ – متوسط
  + پاسخ: گزینهٔ ۴ – متوسط
[170]
  - صورت سوال چی میگه؟ در حفاطتی یک مولکول دنای جدید حاصل الگو قرارگیری کل دنای اولیه است اما در حتیمه خفاظتی و غیر خفاطتی حاصل الگو قرارگیری تنها بخشی از دنای اولیه می‌باشد. 
  + صورت سؤال چی می‌گه؟ در طرح حفاظتی، یک مولکول دنای جدید حاصل الگو قرار گرفتن کل دنای اولیه است؛ اما در طرح‌های نیمه‌حفاظتی و غیرحفاظتی، دنای جدید حاصل الگو قرار گرفتن تنها بخشی از دنای اولیه است.
[171]
  - بررسی گزینهٔ پاسخ : در نیمه حفاظتی در دقیقا ۲۰ یک خط در وسط ایحاد می‌شود اما در دقیقه ۴۰ یک خطر در وسط و یک خط در بالا ایجاد می‌‌شود پس خطی در دقیقه ۴۰ هست مه از خط دقیقه ۲۰ بالاتر باشد. در غیر خفاظتی نیز خطی در وسط تشکسل می‌شود چه در دقیقا ۲۰ و چه ۴۰ اما چون هرچه جلوتر می‌رویم فرا‌انی نوکلئوتیدها جدید افزایش می‌یابد دنا سبکتر شده وخط دقیقا ۴۰ نسبت به ۲۰ کمی بالاتر است.
  + بررسی گزینهٔ پاسخ: در طرح نیمه‌حفاظتی در دقیقهٔ ۲۰ یک خط در وسط ایجاد می‌شود، اما در دقیقهٔ ۴۰ یک خط در وسط و یک خط در بالا ایجاد می‌شود؛ پس در دقیقهٔ ۴۰ خطی هست که از خط دقیقهٔ ۲۰ بالاتر است. در طرح غیرحفاظتی نیز خطی در وسط تشکیل می‌شود، چه در دقیقهٔ ۲۰ و چه ۴۰؛ اما چون هرچه جلوتر می‌رویم فراوانی نوکلئوتیدهای جدید افزایش می‌یابد، دنا سبک‌تر شده و خط دقیقهٔ ۴۰ نسبت به ۲۰ کمی بالاتر است.
[172]
  - بررسی سایر گزینه‌ها : 
  + بررسی سایر گزینه‌ها:
[173]
  - ۱) در حفاظتی در دقیقه ۴۰ دو خط در بالا و پایین تشکیل می‌شود که خط بالا ضخامت بیشتری دارد.
  + ۱) در طرح حفاظتی در دقیقهٔ ۴۰ دو خط در بالا و پایین تشکیل می‌شود که خط بالا ضخامت بیشتری دارد.
[174]
  - ۲) در حفاطتی در دقیقه ۲۰ دو خط هم قطر در بالا و پایین ایجاد می‌شود 
  + ۲) در طرح حفاظتی در دقیقهٔ ۲۰ دو خط هم‌قطر در بالا و پایین ایجاد می‌شود.
[175]
  - ۳) دقت کنید در کل هرچه دنا سنگین تر باشد پایین تر قرار گرفته و درنتیجه مسافت بیشتری را طی کرده است.
  + ۳) دقت کنید در کل هرچه دنا سنگین‌تر باشد، پایین‌تر قرار گرفته و در نتیجه مسافت بیشتری را طی کرده است.
[176]
  - ۱۲-	پیکر گروهی از جانداران تنها از یک واحد ساختار و عمل تشکیل شده است. کدام گزینه، در ارتباط با فرایند همانندسازی دنای اصلی تنها برخی از آن‌ها درست است؟
  + ۱۲-	پیکر گروهی از جانداران تنها از یک واحد ساختار و عمل تشکیل شده است. کدام گزینه در ارتباط با فرایند همانندسازی دنای اصلی، تنها دربارهٔ برخی از آن‌ها درست است؟
[178]
  - ۲)	در حین این فرآیند، به صورت مداوم یکی از نوکلئوتید‌های آغازگر فرآیند به سمت دیگر رشته نزدیک می‌شود.
  + ۲)	در حین این فرایند، به صورت مداوم یکی از نوکلئوتیدهای آغازگر فرایند به سمت دیگر رشته نزدیک می‌شود.
[180]
  - ۴)	تعداد جایگاه آغاز همانند سازی بیشتر از تعداد جایگاه پایان آن است.
  + ۴)	تعداد جایگاه‌های آغاز همانندسازی بیشتر از تعداد جایگاه‌های پایان آن است.
[181]
  - پاسخ : گزینهٔ ۱
  + پاسخ: گزینهٔ ۱
[182]
  - صورت سوال چی میگه؟ به تک یاخته‌ای ها اشاره می‌کند که هم می‌توانند یوکاریوت وهم پروکاریوت باشند. دریپکاریوت‌ها دنای اصلی خطی و در پروماریوت‌ها حلقوی است. دقت کنید سوال میکه دربارهٔ برخی درست باشد
  + صورت سؤال چی می‌گه؟ به تک‌یاخته‌ای‌ها اشاره می‌کند که هم می‌توانند یوکاریوت و هم پروکاریوت باشند. در یوکاریوت‌ها دنای اصلی خطی و در پروکاریوت‌ها حلقوی است. دقت کنید سؤال می‌گوید دربارهٔ برخی درست باشد.
[183]
  - بررسی گزینهٔ پاسخ :  طبق شکل‌های کتاب همانند سازی دنای خطی ۳ مرحله اغاز و طویل شدن وپایان دارد و بعد الگوقرارگیری همه نوکلیوتیدهای دنای اولیه به پایان می‌رسد اما دنای حلقوی ۴ مرحله دارد که اغاز و طویل شدن و پایان و حلقوی شدن هستند و بعد الگوقرارگیری همه نوکلیوتیدهای دنای اولیه به پایان نمی‌رسد و بای. حلقوی شود.
  + بررسی گزینهٔ پاسخ: طبق شکل‌های کتاب، همانندسازی دنای خطی ۳ مرحلهٔ آغاز، طویل شدن و پایان دارد و پس از الگو قرار گرفتن همهٔ نوکلئوتیدهای دنای اولیه به پایان می‌رسد؛ اما همانندسازی دنای حلقوی ۴ مرحلهٔ آغاز، طویل شدن، پایان و حلقوی شدن دارد و پس از الگو قرار گرفتن همهٔ نوکلئوتیدهای دنای اولیه به پایان نمی‌رسد و باید حلقوی شود.
[184]
  - ۲) طبق شکل در پروکاریوت‌ها یکی از نوکلئوتیدهای آغاز گر که ثابت است و دیگری ابتدا به سمت دیگر رشته نزدیک و سپس دور می‌شود.
  + ۲) طبق شکل، در پروکاریوت‌ها یکی از نوکلئوتیدهای آغازگر ثابت است و دیگری ابتدا به سمت رشتهٔ دیگر نزدیک و سپس دور می‌شود.
[185]
  -  BioBits : ببینید در واقع در هر جایکاه اغاز ما دو نوکلئوتید اغاز گر داریم چون دنا دو رشته ای است و این دو نوکلئوتید با شروع همانندیازی از هم جدا می‌شوند توسط هلیکاز.
  + BioBits: ببینید در واقع در هر جایگاه آغاز دو نوکلئوتید آغازگر داریم، چون دنا دورشته‌ای است؛ این دو نوکلئوتید با شروع همانندسازی توسط هلیکاز از هم جدا می‌شوند.
[186]
  - ۳) چه در دنای خطی و چه حلقوی همانند سازی همواره دوجهته است و ما همانندسازی تک جهته نداریم!
  + ۳) چه در دنای خطی و چه در دنای حلقوی، همانندسازی همواره دوجهتی است و همانندسازی تک‌جهتی نداریم!
[187]
  - ۴) تعداد جایگاه اغاز در یوکاریوت ها یکی کمتر از جایگاه پایان و در پروماریوت ها باهن برابر هستند
  + ۴) تعداد جایگاه‌های آغاز در یوکاریوت‌ها یکی کمتر از جایگاه‌های پایان و در پروکاریوت‌ها با هم برابر است.
[188]
  - بررسی سایر گزینه‌ها : 
  + بررسی سایر گزینه‌ها:
[190]
  - ۱۳-	در ارتباط با «باکتری عامل بیماری سینه پهلو» کدام گزینه نادرست است؟
  + ۱۳-	در ارتباط با «باکتری عامل بیماری سینه‌پهلو»، کدام گزینه نادرست است؟
[191]
  - ۱)	ظاهری کروی شکل دارد.
  + ۱)	ظاهری کروی‌شکل دارد.
[192]
  - ۲)	کپسول در بیماری زایی این باکتری موثر است‌.
  + ۲)	پوشینه (کپسول) در بیماری‌زایی این باکتری مؤثر است.
[193]
  - ۳)	ساختاری که باکتری را احاطه می‌کند؛ ضمن داشتن ضخامت بیشتر از دیواره، ساختاری منظم و یکنواخت دارد.
  + ۳)	ساختاری که باکتری را احاطه می‌کند، ضمن داشتن ضخامت بیشتر از دیواره، ساختاری منظم و یکنواخت دارد.
[194]
  - ۴)	در این باکتری یاخته‌های زنده می‌توانند با دریافت مادة ژنتیک از محیط خارج، در خصوصیات ظاهری خود تغییراتی ایجاد کنند.
  + ۴)	در این باکتری، یاخته‌های زنده می‌توانند با دریافت مادهٔ ژنتیک از محیط خارج، در خصوصیات ظاهری خود تغییراتی ایجاد کنند.
[195]
  - پاسخ : گزینهٔ ۳ - 
  + پاسخ: گزینهٔ ۳
[196]
  - صورت سوال چی میگه؟ باکتری استزپتوکوکوش نومونیا را معرفی می‌کند که عامل بیماری شیته پهلواست.
  + صورت سؤال چی می‌گه؟ باکتری استرپتوکوکوس نومونیا را معرفی می‌کند که عامل بیماری سینه‌پهلو است.
[197]
  - دقت کنید گریفیت به استباه تصور میکزداین باکتری عامل آنفلوآنزا است که می‌دانیم عامل آنفلوآنزا نوعی ویروس است.
  + دقت کنید گریفیت به اشتباه تصور می‌کرد این باکتری عامل آنفلوانزا است؛ در حالی که می‌دانیم عامل آنفلوانزا نوعی ویروس است.
[198]
  - بررسی گزینهٔ پاسخ : پوشینه یا کپسول ساختاری پلی‌ساکاریدی است که باکتری را احاطه میکند و ضخامت بیشتری از دیواره وغشا داذد اما طبق شکل کتاب ساختاری نامنظم داشته و غیر یکنواخت است.
  + بررسی گزینهٔ پاسخ: پوشینه یا کپسول ساختاری پلی‌ساکاریدی است که باکتری را احاطه می‌کند و ضخامت بیشتری از دیواره و غشا دارد؛ اما طبق شکل کتاب، ساختاری نامنظم و غیریکنواخت دارد.
[199]
  - بررسی سایر گزینه‌ها : 
  + بررسی سایر گزینه‌ها:
[200]
  - ۱) کاملا طبق شکل کتاب درسته! 
  + ۱) کاملاً طبق شکل کتاب درست است!
[201]
  - BioBits : شاید جالب باشه بدونید لفظ کوکوس در نام این باکتری به معنی کروی است.
  + BioBits: شاید جالب باشد بدانید لفظ «کوکوس» در نام این باکتری به معنی کروی است.
[202]
  - ۲) درسته پوشینه به تنهایی عامل بیماری زایی نیست اما در بیماری‌زایی نقش دارد.
  + ۲) درست است که پوشینه به‌تنهایی عامل بیماری‌زایی نیست، اما در بیماری‌زایی نقش دارد.
[203]
  - پوشینه یک با مخافظت از باکتری در بیماری زایی نقش دارد و دو با اتصال باکتری به یاخته‌های بدن میزبان.
  + پوشینه از دو راه در بیماری‌زایی نقش دارد: یکی با محافظت از باکتری و دیگری با اتصال باکتری به یاخته‌های بدن میزبان.
[204]
  - ۴) دقت کنید در باکتری ها فرایندی به نام ترانسفورماسیون پجود دارد که در طی آن باکتری می‌تواند با دریافت ماده ژنتیمی از محیط بیرون در خود تغییر ایحاد کند .
  + ۴) دقت کنید در باکتری‌ها فرایندی به نام ترانسفورماسیون وجود دارد که در طی آن باکتری می‌تواند با دریافت مادهٔ ژنتیک از محیط بیرون، در خود تغییر ایجاد کند.
[205]
  - BioBits : این موضوع در کنکور ۱۴۰۴ هم مورد سوال قرار گرفته است.
  + BioBits: این موضوع در کنکور ۱۴۰۴ هم مورد سؤال قرار گرفته است.
[206]
  - ۱۴-	مولکولی با باز آلی مشابه با ساختار رایج‌ترین شکل انرژی و قند متفاوت با آن در وسط یک رشتة پلی نوکلئوتیدی وجود دارد. در ساختار این مولکول اتمی وجود دارد که تنها به دوکربن موجود در حلقه متصل است. کربن موجود در کدام گزینه نسبت به سایرین به این اتم نزدیک‌تر است؟
  + ۱۴-	مولکولی با باز آلی مشابه با ساختار رایج‌ترین شکل انرژی و قند متفاوت با آن، در وسط یک رشتهٔ پلی‌نوکلئوتیدی وجود دارد. در ساختار این مولکول اتمی وجود دارد که تنها به دو کربن موجود در حلقه متصل است. کربن موجود در کدام گزینه نسبت به سایرین به این اتم نزدیک‌تر است؟
[211]
  - پاسخ : گزینهٔ ۳ –
  + پاسخ: گزینهٔ ۳
[212]
  - صورت سوال چی میگه؟ دقت کنید سوال به نوملئوتید دارای باز آلی آدنین و قند دئوکسی ریبوز و تک فسفاته موحود در وسط رشته پلی نوکلئوتید یعنی دارای دو پیوند فسقودی استر با دونوکلئوتید مجاور صحبت می‌کند . به اتمی که اشاره می‌کند اکسیژن است که در یک راس خلقه قندی قرار گرفته و تنها با دو اتم کربن حلقه در تماس است. از بین کربن‌ها, کربن شماره ۱و ۴ قند با این اکسیژن نزدیکترند.
  + صورت سؤال چی می‌گه؟ دقت کنید سؤال دربارهٔ نوکلئوتید دارای باز آلی آدنین و قند دئوکسی‌ریبوزِ تک‌فسفاته در وسط رشتهٔ پلی‌نوکلئوتیدی (یعنی دارای دو پیوند فسفودی‌استر با دو نوکلئوتید مجاور) صحبت می‌کند. اتمی که به آن اشاره می‌کند اکسیژن است که در یک رأس حلقهٔ قندی قرار گرفته و تنها با دو اتم کربن حلقه در تماس است. از بین کربن‌ها، کربن‌های شمارهٔ ۱ و ۴ قند به این اکسیژن نزدیک‌ترند.
[213]
  - بررسی گژینهٔ پاسخ : کربن شماره ۴ که به کربن خارج حلقه متصل است به اکسیژن بسیار نزدیک می‌باشد.
  + بررسی گزینهٔ پاسخ: کربن شمارهٔ ۴ که به کربن خارج حلقه متصل است، به اکسیژن بسیار نزدیک است.
[214]
  - بررسی سایر  گزینه‌ها : 
  + بررسی سایر گزینه‌ها:
[215]
  - ۱) کربن موجود در حلقه ۶ ضلعی باز آلی را معرفی می‌کند که اصلا چون باز الی ما پورین است دو حلقه ای است و از سمت حلقه ۵ ضلعی به قند متصل شده است.
  + ۱) کربن موجود در حلقهٔ ۶ضلعی مربوط به باز آلی است؛ باز آلی ما پورین و دوحلقه‌ای است و از سمت حلقهٔ ۵ضلعی به قند متصل شده است.
[216]
  - ۲) این کربن وحود ندارد زیرا دئوکسی ریبوز است وکربن ۲ که به هیدروژن تنها متصل است. کربن شمارهٔ ۳ هم که چون وسط رشته است هیدروکسیل خود را از دست داده و به گروه فسفات متصل است. 
  + ۲) این کربن وجود ندارد؛ زیرا قند دئوکسی‌ریبوز است و کربن ۲ آن تنها به هیدروژن متصل است. کربن شمارهٔ ۳ هم چون در وسط رشته است، هیدروکسیل خود را از دست داده و به گروه فسفات متصل است.
[217]
  - ۴) کربن خارج حلقه را بیان می‌کند که به فسفات متصل است که اصلا در حلقه نیست و طبیعتا کربن‌های خلقه به این اکسیژن نزدیک‌ترند
  + ۴) کربن خارج حلقه را بیان می‌کند که به فسفات متصل است و اصلاً در حلقه نیست؛ طبیعتاً کربن‌های حلقه به این اکسیژن نزدیک‌ترند.
[219]
  - ۱۵-	در هنگام همانندسازی دنا کدام گزینه ویژگی مشترک همة نوکلئوتید‌های آمادة اتصال به نوکلئوتید مکمل را بیان می‌کند؟
  + ۱۵-	در هنگام همانندسازی دنا، کدام گزینه ویژگی مشترک همهٔ نوکلئوتیدهای آمادهٔ اتصال به نوکلئوتید مکمل را بیان می‌کند؟
[220]
  - ۱)	دو پیوند بین فسفاته دارند.
  + ۱)	دو پیوند بین فسفاتی دارند.
[222]
  - ۳)	در تشکیل پیوند فسفودی استر شرکت کرده‌اند.
  + ۳)	در تشکیل پیوند فسفودی‌استر شرکت کرده‌اند.
[223]
  - ۴)	نوعی حلقة ۶ ضلعی در مجاورت حلقه‌ای ۵ ضلعی مشاهده می‌شود.
  + ۴)	نوعی حلقهٔ ۶ضلعی در مجاورت حلقه‌ای ۵ضلعی مشاهده می‌شود.
[224]
  - پاسخ : گزینهٔ ۴ – 
  + پاسخ: گزینهٔ ۴
[225]
  - صورت سوال چی میگه؟ دقیقا طبق شکل زیر و زبرتویسی که دارد نوکلئوتیدها اماده برای اتصال به نوملئوتید مکمل در خبابا همانندسازی دو نوع هستند: 
  + صورت سؤال چی می‌گه؟ دقیقاً طبق شکل زیر و زیرنویسی که دارد، نوکلئوتیدهای آماده برای اتصال به نوکلئوتید مکمل در حباب همانندسازی دو نوع هستند:
[226]
  - نوکلئوتیدها آزاد سه فسفاته
  + نوکلئوتیدهای آزاد سه‌فسفاته؛
[227]
  - نوکلئوتیدها تک فسفاته رشته الگو که از رشته مقابل خود جدا شده اند .
  + نوکلئوتیدهای تک‌فسفاتهٔ رشتهٔ الگو که از رشتهٔ مقابل خود جدا شده‌اند.
[228]
  - بررسی گزینهٔ پاسخ : هر نوکلئوتید دارای خلقه ۶ ضلعی در مجاور ۵ ضلعی است.در نوملئوتید پورین دار ۵ و۶ ضلعی قند محاور هم هستند و در پیریمیدین دار حلقه ۶ ضلعی باز و ۵ ضلعی قند در مجاورت هم هستند.
  + بررسی گزینهٔ پاسخ: هر نوکلئوتید دارای حلقهٔ ۶ضلعی در مجاورت حلقهٔ ۵ضلعی است: در نوکلئوتید پورین‌دار، حلقه‌های ۵ و ۶ضلعی باز مجاور هم هستند و در نوکلئوتید پیریمیدین‌دار، حلقهٔ ۶ضلعی باز و حلقهٔ ۵ضلعی قند در مجاورت هم قرار دارند.
[229]
  - بررسی سایر گزینه‌ها : 
  + بررسی سایر گزینه‌ها:
[230]
  - ۱) فقط دررابطه با دسته اپل که سع فسفاته هستند درست است.
  + ۱) فقط دربارهٔ دستهٔ اول که سه‌فسفاته هستند درست است.
[231]
  - ۲) در دسته اول ممکن است نوکلئوتیدها ریبوز دار و در نتیجه یوراسیل دار هم حضور داشته باشد.
  + ۲) در دستهٔ اول ممکن است نوکلئوتیدهای ریبوزدار و در نتیجه یوراسیل‌دار هم حضور داشته باشند.
[232]
  - ۳) دسته دوم تنها پیوند فسفودی استر دارند ودسته اپل ندارند.
  + ۳) تنها دستهٔ دوم پیوند فسفودی‌استر دارد و دستهٔ اول ندارد.
[T234:0]
  - ۱)	شکست پیوند قند-فسفات موجود در بخش C موجب گسستگی زنجیره می‌شود.
  + ۱)	شکست پیوند قند ـ فسفات موجود در بخش C موجب گسستگی زنجیره می‌شود.
[T234:2]
  - ۳)	بخش A برخلاف بخش B به‌طورحتم دارای دوحلقه‌‌ی آلی است.
  + ۳)	بخش A برخلاف بخش B به‌طور حتم دارای دو حلقهٔ آلی است.
[T234:4]
  - پاسخ : گزینهٔ ۲ – 
  + پاسخ: گزینهٔ ۲
[T234:5]
  - صورت سوال چی میگه؟ در شکل بخش های A, B, C به ترتیب ستون مولکول دنا، باز الی پورین و باز الی پیریمیدن را نشان می‌دهد.
  + صورت سؤال چی می‌گه؟ در شکل، بخش‌های A، B و C به ترتیب باز آلی پورین، باز آلی پیریمیدین و ستون مولکول دنا را نشان می‌دهند.
[T234:6]
  - : Biogold دقت کنید در این شکل کتاب بازهای الی پورین زا چون دو حلقه ای هستند از بازهای الی پیریمیدن که تک حلقه ای هستند بزرگتر کشیده است.
  + Biogold: دقت کنید در این شکل کتاب، بازهای آلی پورین را چون دوحلقه‌ای هستند، بزرگ‌تر از بازهای آلی پیریمیدین که تک‌حلقه‌ای هستند کشیده است.
[T234:7]
  - بررسی گزینهٔ پاسخ : دقت کنید نوکلئوتیدهای درون مولکول تک فسفاته هستند بنابراین پیوند بین فسفاتی ندارند‌
  + بررسی گزینهٔ پاسخ: دقت کنید نوکلئوتیدهای درون مولکول دنا تک‌فسفاته هستند؛ بنابراین پیوند بین فسفاتی ندارند.
[T234:8]
  - بررسی سایر گزینه‌ها :
  + بررسی سایر گزینه‌ها:
[T234:9]
  - ۱) پیوند فسفودی استر موحود در زشته دنا برخلاف هیدرروژنی بسیار پرانرژی است و شکستن ان موجب از هم گسیختکی مولکلو۶می‌شود این جمله در کنکور نطام قذیم نیز امده است.
  + ۱) پیوند فسفودی‌استر موجود در رشتهٔ دنا، برخلاف پیوند هیدروژنی، بسیار پرانرژی است و شکستن آن موجب از هم گسیختگی مولکول می‌شود؛ این جمله در کنکور نظام قدیم نیز آمده است.
[T234:10]
  - ۳) همانطور که گفتیم بخش A پورین ودوحلقه ‌ای و بخش دیکر پیریمیدن و تک حلقه ای است.
  + ۳) همان‌طور که گفتیم، بخش A پورین و دوحلقه‌ای و بخش B پیریمیدین و تک‌حلقه‌ای است.
[T234:11]
  - ۴) پیوند بین بازهای الی مکمل طبق متن کتاب به صورت اختصاصی تشکیل می‌شود.
  + ۴) پیوند بین بازهای آلی مکمل طبق متن کتاب به صورت اختصاصی تشکیل می‌شود.
[236]
  - ۱۷-	چند مورد، در ارتباط با واحدهای سه بخشی سازندة نوعی مولکول زیستی درست است؟
  + ۱۷-	چند مورد در ارتباط با واحدهای سه‌بخشی سازندهٔ نوعی مولکول زیستی درست است؟
[238]
  - ب: هر نوع سه فسفاته آن‌ها می‌تواند به عنوان منبع انرژی به مصرف برسد.
  + ب: هر نوع سه‌فسفاتهٔ آن‌ها می‌تواند به‌عنوان منبع انرژی به مصرف برسد.
[239]
  - ج: در ساختار هر یک از آن‌ها پیوند بین کربن قند و نیتروژن در نزدیکی توالی قند-فسفات وجود دارد.
  + ج: در ساختار هر یک از آن‌ها، پیوند بین کربن قند و نیتروژن در نزدیکی توالی قند ـ فسفات وجود دارد.
[240]
  - د: همة انواع موجود در ساختار نوکلئیک اسید‌های باکتری، به دو گروه فسفات متصل است.
  + د: همهٔ انواع موجود در ساختار نوکلئیک اسیدهای باکتری به دو گروه فسفات متصل‌اند.
[243]
  - پاسخ : گزینهٔ ۲ – 
  + پاسخ: گزینهٔ ۲
[244]
  - موارد ب و ج به درستی بیان شده اند 
  + موارد «ب» و «ج» به‌درستی بیان شده‌اند.
[245]
  - صورت سوال چی میگه؟ نوکلئوتید را معرفی می‌کند که از سه بخش قند و باز الی و فسفات تشکیل شده است. 
  + صورت سؤال چی می‌گه؟ نوکلئوتید را معرفی می‌کند که از سه بخش قند، باز آلی و فسفات تشکیل شده است.
[246]
  - بررسی موارد درست : 
  + بررسی موارد درست:
[247]
  - ب: دقت کنید هر نوکلئوتید سه فسفاته دو پیوند پرانرژی بین فسفاتی دارد و می‌تواند به عنوان منبع انرژی به مصرف برسید. و  ATP هم رایج ترین آن‌هاست.
  + ب: دقت کنید هر نوکلئوتید سه‌فسفاته دو پیوند پرانرژی بین فسفاتی دارد و می‌تواند به‌عنوان منبع انرژی به مصرف برسد؛ ATP هم رایج‌ترین آن‌هاست.
[248]
  - ج: بله کاملا درسته طبق دیدکاه کنکور ۱۴۰۳ و شکل نوکلئوتید به هم نزدیک هستند 
  + ج: بله، کاملاً درست است؛ طبق دیدگاه کنکور ۱۴۰۳ و شکل نوکلئوتید، این دو به هم نزدیک هستند.
[249]
  - دقت کنید نگفته مجاورت و لفظ نزدیک و محاورت باهم متفاوت هستند . 
  + دقت کنید نگفته «مجاورت»؛ لفظ «نزدیک» و «مجاورت» با هم متفاوت هستند.
[250]
  - بررسی موارد درست : 
  + بررسی موارد نادرست:
[251]
  - الف: برخی نوکلئوتیدها مانند ATP به تنهایی فعالیت می‌کنند. 
  + الف: برخی نوکلئوتیدها مانند ATP به‌تنهایی فعالیت می‌کنند.
[252]
  - د: دقت کنید دنا باکتری خلقوی هست و هر نوملئوتیدی به دو نوملئوتید دیکه متصل است اما رنای آن خطی است و نوملئوتید اول و اخر اینکونه نیست پس نوکلئوتید انتهای رنا تنها به یک فسفات متصل است.
  + د: دقت کنید دنای باکتری حلقوی است و هر نوکلئوتید آن به دو نوکلئوتید دیگر متصل است؛ اما رنای آن خطی است و نوکلئوتید اول و آخر این‌گونه نیستند؛ پس نوکلئوتید انتهای رنا تنها به یک فسفات متصل است.
[254]
  - ۱۸-	با فرض پذیرش هر سه طرح همانندسازی، کدام گزینه در ارتباط با مولکول نهاییِ حاصل همانندسازی در دور اول، عبارت زیر را به نادرستی تکمیل می‌کند؟
  + ۱۸-	با فرض پذیرش هر سه طرح همانندسازی، کدام گزینه در ارتباط با مولکول نهاییِ حاصل از همانندسازی در دور اول، عبارت زیر را به نادرستی تکمیل می‌کند؟
[255]
  - «وجه ........... در طرحی از همانند سازی که یک یاختة حاصل تقسیم هر دو رشته‌ی دنای اولیه را به صورت دست نخورده دریافت می‌کند با طرحی که هر یاختة حاصل از تقسیم قطعاتی از هر دو رشته‌ی دنای اولیه را دریافت می‌کند مشاهدة .............‌..... است.»
  + «وجه ........... در طرحی از همانندسازی که یک یاختهٔ حاصل از تقسیم، هر دو رشتهٔ دنای اولیه را به صورت دست‌نخورده دریافت می‌کند، با طرحی که هر یاختهٔ حاصل از تقسیم قطعاتی از هر دو رشتهٔ دنای اولیه را دریافت می‌کند، مشاهدهٔ ................. است.»
[256]
  - ۱)	تمایز ـ تشکیل پیوند هیدروژنی بین دو نوکلئوتید جدید
  + ۱)	تمایز ـ تشکیل پیوند هیدروژنی بین دو نوکلئوتید جدید
[257]
  - ۲)	تشابه ـ شکستن پیوند فسفودی استر بین دو نوکلئوتید جدید
  + ۲)	تشابه ـ شکستن پیوند فسفودی‌استر بین دو نوکلئوتید جدید
[258]
  - ۳)	تشابه ـ تشکیل پیوند هیدروژنی بین دو نوکلئوتید قدیم و جدید
  + ۳)	تشابه ـ تشکیل پیوند هیدروژنی بین دو نوکلئوتید قدیم و جدید
[259]
  - ۴)	تمایز ـ تشکیل پیوند فسفودی استر بین نوکلئوتید قدیم و جدید
  + ۴)	تمایز ـ تشکیل پیوند فسفودی‌استر بین نوکلئوتید قدیم و جدید
[260]
  - پاسخ : گزینهٔ ۳ – 
  + پاسخ: گزینهٔ ۳
[261]
  - صورت سوال چی میگه؟ در همانند سازی حفاظتی یک مولکول دنا دست نخورده باقی مانده و وارد یک یاخته می‌شود و در غیرخفاظتی در هر دنای حاصل قطعاتی از دنای اولیه  جدید مشاهده می‌شود. بنابر این سوال وجه تمایز و اشتراک حفاظتی و غیر خفاظتی را می‌خواهد.
  + صورت سؤال چی می‌گه؟ در همانندسازی حفاظتی یک مولکول دنا دست‌نخورده باقی مانده و وارد یک یاخته می‌شود و در غیرحفاظتی در هر دنای حاصل، قطعاتی از دنای اولیه و جدید مشاهده می‌شود؛ بنابراین سؤال وجه تمایز و اشتراک طرح‌های حفاظتی و غیرحفاظتی را می‌خواهد.
[262]
  - دقت کنید چون کتاب میکه در حفاطتی دنا دست نخورده می‌ماند و همچنین این طرح ها فرضی است و روند انحام بررسی نمی‌شود ما تنها نتیجه هر حالت را بررسی می‌کنیم و کاری به روند انحام کار نداریم! 
  + دقت کنید چون کتاب می‌گوید در طرح حفاظتی دنا دست‌نخورده می‌ماند و همچنین این طرح‌ها فرضی‌اند و روند انجام آن‌ها بررسی نمی‌شود، ما تنها نتیجهٔ هر حالت را بررسی می‌کنیم و کاری به روند انجام کار نداریم!
[263]
  - بررسی گزینهٔ پاسخ : دقت کنید در دور اول همانندسازی دنا به شیوه غیر حفاطتی هر قطعه قذیمی مقابل یک قطعه جدید و بالعکس است پس تنها پیوند هیدروژنی در غیر خفاطتی بین قدیم با جدید است . اما در حفاطتی پیوند هیدروژنی بین جدید ها باهم و قدیم ها باهم است. پس این گزینه وجه تمایز این دو است.
  + بررسی گزینهٔ پاسخ: دقت کنید در دور اول همانندسازی دنا به شیوهٔ غیرحفاظتی، هر قطعهٔ قدیمی مقابل یک قطعهٔ جدید است و بالعکس؛ پس در طرح غیرحفاظتی پیوند هیدروژنی تنها بین قدیم و جدید است، اما در طرح حفاظتی پیوند هیدروژنی بین جدیدها با هم و قدیم‌ها با هم است. پس این گزینه وجه تمایز این دو طرح است، نه تشابه.
[264]
  - بررسی سایر گزینه‌ها : 
  + بررسی سایر گزینه‌ها:
[265]
  - ۱) تشکیل هیدروژنی بین جدید ها باعم تنها در حفاظتی دیده می‌شود.
  + ۱) تشکیل پیوند هیدروژنی بین جدیدها با هم تنها در طرح حفاظتی دیده می‌شود.
[266]
  - ۲) شکستن فسفو‌دی استر بین نوکلئوتیدها رشته درحال ساخت یغنی ویرایش در هر سه طرح دیده می‌شود . در حفاطتی فسقودی استر بین حدیدها باعم و قدیمها باعم است ودر غیر حفاطتی هر سه نوع ممکن جدید ها باهم، قدیمی‌ها باهم و جدید با قدیم مساهده می‌شود.
  + ۲) شکستن پیوند فسفودی‌استر بین نوکلئوتیدهای رشتهٔ در حال ساخت، یعنی ویرایش، در هر سه طرح دیده می‌شود. در طرح حفاظتی پیوند فسفودی‌استر بین جدیدها با هم و قدیم‌ها با هم است و در طرح غیرحفاظتی هر سه نوع ممکن، یعنی جدیدها با هم، قدیمی‌ها با هم و جدید با قدیم، مشاهده می‌شود.
[267]
  - Bioboost: دقت کنید شکستن فسفودی استر در دنای اپلیه تنها در غیر حفاطتی مشاهده می‌شود.
  + Bioboost: دقت کنید شکستن پیوند فسفودی‌استر در دنای اولیه تنها در طرح غیرحفاظتی مشاهده می‌شود.
[268]
  - ۴) در گزینه قبل اشاره کردیم که این اتفاق تنها در غیر حفاظتی می ‌افتد.
  + ۴) در گزینهٔ قبل اشاره کردیم که این اتفاق تنها در طرح غیرحفاظتی می‌افتد.
[272]
  - ۱۹-	کدام مورد در ارتباط با طرح های همانندسازی مطرح شده در کتاب درسی، نادرست است؟
  + ۱۹-	کدام مورد در ارتباط با طرح‌های همانندسازی مطرح‌شده در کتاب درسی نادرست است؟
[273]
  - ۱)	در همة طرح‌ها، دنای حاصل از همانندسازی از نظر ترتیب باز های آلی کاملا مشابه دنای اولیه است.
  + ۱)	در همهٔ طرح‌ها، دنای حاصل از همانندسازی از نظر ترتیب بازهای آلی کاملاً مشابه دنای اولیه است.
[274]
  - ۲)	در طرحی که عمل نوکلئازی در دنای اولیه مشاهده می‌شود، پیوند فسفودی استر غالباً بین نوکلئوتیدهای دو نسل متفاوت است.
  + ۲)	در طرحی که عمل نوکلئازی در دنای اولیه مشاهده می‌شود، پیوند فسفودی‌استر غالباً بین نوکلئوتیدهای دو نسل متفاوت است.
[276]
  - ۴)	در هر طرحی که اشتباهات دنابسپاراز می‌تواند در هردو دنای حاصل مشاهده شود، دو دنای حاصل می‌توانند چگالی یکسانی داشته باشد.
  + ۴)	در هر طرحی که اشتباهات دنابسپاراز می‌تواند در هر دو دنای حاصل مشاهده شود، دو دنای حاصل می‌توانند چگالی یکسانی داشته باشند.
[277]
  - پاسخ : گزینهٔ ۲ – 
  + پاسخ: گزینهٔ ۲
[278]
  - بررسی گزینهٔ پاسخ : تنها در طرح غیر حفاظتی شکستن فسفودی استر یا عمل نوکلئازی در دنای اولیه مشاهده می‌شود دقت کنید در این طرح هر سه نوع ممکن  فسقودی استر یعنی جدید ها باهم، قدیمی‌ها باهم و جدید با قدیم مساهده می‌شود. اما غالی پیوندهای فسفودی‌استر بین هم نسل‌ها باهم است.
  + بررسی گزینهٔ پاسخ: تنها در طرح غیرحفاظتی، شکستن پیوند فسفودی‌استر یا عمل نوکلئازی در دنای اولیه مشاهده می‌شود. دقت کنید در این طرح هر سه نوع ممکن پیوند فسفودی‌استر، یعنی جدیدها با هم، قدیمی‌ها با هم و جدید با قدیم، مشاهده می‌شود؛ اما غالب پیوندهای فسفودی‌استر بین نوکلئوتیدهای هم‌نسل است.
[279]
  - بررسی ساسر گزینه‌ها : 
  + بررسی سایر گزینه‌ها:
[280]
  - ۱) اصول اولیه همانند سازی این است که دنای یاخته بدون کم و ماست به دو یاخته خاصل تقسیم برسد پس طبیعتا دو دنا ایحاد شده با هم و با دنای تولیه ترتیب باز الی یکسانی دارند. 
  + ۱) اصل اولیهٔ همانندسازی این است که دنای یاخته بدون کم‌وکاست به دو یاختهٔ حاصل از تقسیم برسد؛ پس طبیعتاً دو دنای ایجادشده با هم و با دنای اولیه ترتیب باز آلی یکسانی دارند.
[281]
  -  ۳) هر سه طرح طبق مشاهدات چترگاف تایید می‌شود و کقتیم اصل همانند سازی همین است.
  + ۳) هر سه طرح طبق مشاهدات چارگاف تأیید می‌شوند و گفتیم اصل همانندسازی همین است.
[282]
  - ۴) وقتی میکه اشتباهات در هردو دنا باشه یعنی هردو بخش جدید داشته باشه که میشه نیمه حفاطتی و غیر حفاظتی . که در هردو می‌توانیم در دور اول دو دنا با چکالی متوسط ببینیم.
  + ۴) وقتی می‌گوید اشتباهات در هر دو دنا باشد، یعنی هر دو دنا بخش جدید داشته باشند که می‌شود طرح‌های نیمه‌حفاظتی و غیرحفاظتی؛ در هر دو طرح می‌توانیم در دور اول دو دنا با چگالی متوسط ببینیم.
[283]
  - ۲۰-	در ارتباط با بخشی از نوکلئوتید که ترتیب و تعداد آن اطلاعات وراثتی را تشکیل می‌دهد، کدام مورد درست است؟
  + ۲۰-	در ارتباط با بخشی از نوکلئوتید که ترتیب و تعداد آن اطلاعات وراثتی را تشکیل می‌دهد، کدام مورد درست است؟
[284]
  - ۱)	در ساختار ستون‌های ساختار نردبان مارپیچ مشاهده می‌شود.
  + ۱)	در ستون‌های ساختار نردبان مارپیچ مشاهده می‌شود.
[285]
  - ۲)	انواع آن تنها در تعداد اتم اکسیژن باهم تفاوت دارند.
  + ۲)	انواع آن تنها در تعداد اتم اکسیژن با هم تفاوت دارند.
[286]
  - ۳) تشکیل پیوند بین آن‌ها به صورت اختصاصی است.
  + ۳)	تشکیل پیوند بین آن‌ها به صورت اختصاصی است.
[288]
  - پاسخ : گزینهٔ ۳ – 
  + پاسخ: گزینهٔ ۳
[289]
  - صورت سوال چی میگه؟ دقت کنید صورت سوال به باز آلی اشاره می‌کند زیرا تنها بخشی از نوکلئوتید که در بین نوکلئوتیدهای یک دنا متفاوت است باز آلی است . که ترتیب و تعداد ان در دنا اطلاعات وراثتی را تشکیل می‌دهد.
  + صورت سؤال چی می‌گه؟ دقت کنید صورت سؤال به باز آلی اشاره می‌کند؛ زیرا تنها بخشی از نوکلئوتید که در بین نوکلئوتیدهای یک دنا متفاوت است، باز آلی است که ترتیب و تعداد آن در دنا اطلاعات وراثتی را تشکیل می‌دهد.
[290]
  - Biokey : دقت کنید تفاوت نوملئوتیدها به صورت ملی در تعداد گروه فسفات، نوع قند و نوع باز آلی است اما در یک دنا قند و تعداد کزوه فسفات ثابت است و تنها تفاوت در نوع باز آلی است.
  + Biokey: دقت کنید تفاوت نوکلئوتیدها به صورت کلی در تعداد گروه فسفات، نوع قند و نوع باز آلی است؛ اما در یک دنا قند و تعداد گروه فسفات ثابت است و تنها تفاوت در نوع باز آلی است.
[291]
  - بررسی گزینهٔ درست : بین بازهای آلی پیوند هیدروژنی تشکیل می‌شود.
  + بررسی گزینهٔ درست: بین بازهای آلی مکمل، پیوند هیدروژنی به صورت اختصاصی تشکیل می‌شود.
[292]
  - بررسی سایر  گزینه‌ها : 
  + بررسی سایر گزینه‌ها:
[293]
  - ۱) باز آلی در پله‌ها دیده می‌شود.
  + ۱) باز آلی در پله‌ها دیده می‌شود، نه در ستون‌ها.
[294]
  - ۲) در ارتباط با تفاوت دئوکسی ریبوز و ریبوز است که قند نوکلئوتیدها را شامل می‌شوند ‌
  + ۲) این ویژگی مربوط به تفاوت دئوکسی‌ریبوز و ریبوز است که قند نوکلئوتیدها را شامل می‌شوند.
[295]
  - ۴) در رابطه گروه فسفات صادق است.
  + ۴) این ویژگی دربارهٔ گروه فسفات صادق است.
[81] (deleted)
  - گزینهٔ ۲ – سطح  ۲ – مفهومی – 
[auto]
  - ۱)	ایوری، که فقط از آنزیم پروتئاز استفاده شد ـ تمامی پروتئین‌های عصارة باکتری تجزیه شدند.
  + ۱)	ایوری، که فقط از آنزیم پروتئاز استفاده شد ـ تمامی پروتئین‌های عصارهٔ باکتری تجزیه شدند.
[auto]
  - ۴)	بخش ۱ بین جفت بازهای مکمل همواره به صورت اختصاصی تشکیل شده و دو رشتة دنا را در مقابل هم نگه می‌دارد.
  + ۴)	بخش ۱ بین جفت بازهای مکمل همواره به صورت اختصاصی تشکیل شده و دو رشتهٔ دنا را در مقابل هم نگه می‌دارد.
[auto]
  - ۱)	دو رشتة نوکلئوتیدی مارپیچ که توسط پله‌هایی کم‌انرژی به یکدیگر متصل‌اند.
  + ۱)	دو رشتهٔ نوکلئوتیدی مارپیچ که توسط پله‌هایی کم‌انرژی به یکدیگر متصل‌اند.
[auto]
  - ۲)	آنزیمی با نقش مهمی در ساخت یک رشتة دنا در مقابل رشتة الگو، ضمن فعالیت خود پیوندی پرانرژی می‌شکند.
  + ۲)	آنزیمی با نقش مهمی در ساخت یک رشتهٔ دنا در مقابل رشتهٔ الگو، ضمن فعالیت خود پیوندی پرانرژی می‌شکند.
[auto]
  - ۳)	دو ـ ممکن است دنای اصلی همراه با برخی پروتئین‌‌ها درون سیتوپلاسم مشاهده شود
  + ۳)	دو ـ ممکن است دنای اصلی همراه با برخی پروتئین‌ها درون سیتوپلاسم مشاهده شود
[auto]
  - ۴)	یک ـ همانند سازی دنای اصلی پس از اتصال آخرین نوکلئوتید به رشتة درحال ساخت ادامه می‌یابد
  + ۴)	یک ـ همانندسازی دنای اصلی پس از اتصال آخرین نوکلئوتید به رشتهٔ در حال ساخت ادامه می‌یابد
[auto]
  - ۲)	ایوری به بحث‌ها و پژوهش‌های چندین ساله دربارة ماهیت مادة ژنتیک خاتمه داد.
  + ۲)	ایوری به بحث‌ها و پژوهش‌های چندین‌ساله دربارهٔ ماهیت مادهٔ ژنتیک خاتمه داد.
[auto]
  - ۳)	واتسون و کریک بیان داشتند که وجود رابطة مکملی بین بازها در فرایند همانندسازی نقش اساسی دارد.
  + ۳)	واتسون و کریک بیان داشتند که وجود رابطهٔ مکملی بین بازها در فرایند همانندسازی نقش اساسی دارد.
[auto]
  - ۱) موجود در حلقة ۶ ضلعی
  + ۱) موجود در حلقهٔ ۶ ضلعی